Archive member included because of file (symbol)

f:/altera/13.1/nios2eds/bin/gnu/h-i686-mingw32/bin/../lib/gcc/nios2-elf/4.7.3/mno-hw-mul\libgcc.a(_addsub_sf.o)
                              obj/default/application/jpegclib/jcdctmgr.o (__addsf3)
f:/altera/13.1/nios2eds/bin/gnu/h-i686-mingw32/bin/../lib/gcc/nios2-elf/4.7.3/mno-hw-mul\libgcc.a(_mul_sf.o)
                              obj/default/application/jpegclib/jcdctmgr.o (__mulsf3)
f:/altera/13.1/nios2eds/bin/gnu/h-i686-mingw32/bin/../lib/gcc/nios2-elf/4.7.3/mno-hw-mul\libgcc.a(_si_to_sf.o)
                              obj/default/application/jpegclib/jfdctflt.o (__floatsisf)
f:/altera/13.1/nios2eds/bin/gnu/h-i686-mingw32/bin/../lib/gcc/nios2-elf/4.7.3/mno-hw-mul\libgcc.a(_sf_to_si.o)
                              obj/default/application/jpegclib/jcdctmgr.o (__fixsfsi)
f:/altera/13.1/nios2eds/bin/gnu/h-i686-mingw32/bin/../lib/gcc/nios2-elf/4.7.3/mno-hw-mul\libgcc.a(_thenan_sf.o)
                              f:/altera/13.1/nios2eds/bin/gnu/h-i686-mingw32/bin/../lib/gcc/nios2-elf/4.7.3/mno-hw-mul\libgcc.a(_addsub_sf.o) (__thenan_sf)
f:/altera/13.1/nios2eds/bin/gnu/h-i686-mingw32/bin/../lib/gcc/nios2-elf/4.7.3/mno-hw-mul\libgcc.a(_mul_df.o)
                              obj/default/application/jpegclib/jcdctmgr.o (__muldf3)
f:/altera/13.1/nios2eds/bin/gnu/h-i686-mingw32/bin/../lib/gcc/nios2-elf/4.7.3/mno-hw-mul\libgcc.a(_div_df.o)
                              obj/default/application/jpegclib/jcdctmgr.o (__divdf3)
f:/altera/13.1/nios2eds/bin/gnu/h-i686-mingw32/bin/../lib/gcc/nios2-elf/4.7.3/mno-hw-mul\libgcc.a(_df_to_sf.o)
                              obj/default/application/jpegclib/jcdctmgr.o (__truncdfsf2)
f:/altera/13.1/nios2eds/bin/gnu/h-i686-mingw32/bin/../lib/gcc/nios2-elf/4.7.3/mno-hw-mul\libgcc.a(_thenan_df.o)
                              f:/altera/13.1/nios2eds/bin/gnu/h-i686-mingw32/bin/../lib/gcc/nios2-elf/4.7.3/mno-hw-mul\libgcc.a(_mul_df.o) (__thenan_df)
f:/altera/13.1/nios2eds/bin/gnu/h-i686-mingw32/bin/../lib/gcc/nios2-elf/4.7.3/mno-hw-mul\libgcc.a(_usi_to_df.o)
                              obj/default/application/jpegclib/jcdctmgr.o (__floatunsidf)
f:/altera/13.1/nios2eds/bin/gnu/h-i686-mingw32/bin/../lib/gcc/nios2-elf/4.7.3/mno-hw-mul\libgcc.a(lib2-divmod.o)
                              obj/default/application/jpegclib/jcdctmgr.o (__divsi3)
f:/altera/13.1/nios2eds/bin/gnu/h-i686-mingw32/bin/../lib/gcc/nios2-elf/4.7.3/mno-hw-mul\libgcc.a(lib2-mul.o)
                              obj/default/application/bmp_extract.o (__mulsi3)
f:/altera/13.1/nios2eds/bin/gnu/h-i686-mingw32/bin/../lib/gcc/nios2-elf/4.7.3/mno-hw-mul\libgcc.a(_muldi3.o)
                              f:/altera/13.1/nios2eds/bin/gnu/h-i686-mingw32/bin/../lib/gcc/nios2-elf/4.7.3/mno-hw-mul\libgcc.a(_mul_sf.o) (__muldi3)
f:/altera/13.1/nios2eds/bin/gnu/h-i686-mingw32/bin/../lib/gcc/nios2-elf/4.7.3/mno-hw-mul\libgcc.a(_clzsi2.o)
                              f:/altera/13.1/nios2eds/bin/gnu/h-i686-mingw32/bin/../lib/gcc/nios2-elf/4.7.3/mno-hw-mul\libgcc.a(_si_to_sf.o) (__clzsi2)
f:/altera/13.1/nios2eds/bin/gnu/h-i686-mingw32/bin/../lib/gcc/nios2-elf/4.7.3/mno-hw-mul\libgcc.a(_pack_sf.o)
                              f:/altera/13.1/nios2eds/bin/gnu/h-i686-mingw32/bin/../lib/gcc/nios2-elf/4.7.3/mno-hw-mul\libgcc.a(_addsub_sf.o) (__pack_f)
f:/altera/13.1/nios2eds/bin/gnu/h-i686-mingw32/bin/../lib/gcc/nios2-elf/4.7.3/mno-hw-mul\libgcc.a(_unpack_sf.o)
                              f:/altera/13.1/nios2eds/bin/gnu/h-i686-mingw32/bin/../lib/gcc/nios2-elf/4.7.3/mno-hw-mul\libgcc.a(_addsub_sf.o) (__unpack_f)
f:/altera/13.1/nios2eds/bin/gnu/h-i686-mingw32/bin/../lib/gcc/nios2-elf/4.7.3/mno-hw-mul\libgcc.a(_make_sf.o)
                              f:/altera/13.1/nios2eds/bin/gnu/h-i686-mingw32/bin/../lib/gcc/nios2-elf/4.7.3/mno-hw-mul\libgcc.a(_df_to_sf.o) (__make_fp)
f:/altera/13.1/nios2eds/bin/gnu/h-i686-mingw32/bin/../lib/gcc/nios2-elf/4.7.3/mno-hw-mul\libgcc.a(_pack_df.o)
                              f:/altera/13.1/nios2eds/bin/gnu/h-i686-mingw32/bin/../lib/gcc/nios2-elf/4.7.3/mno-hw-mul\libgcc.a(_mul_df.o) (__pack_d)
f:/altera/13.1/nios2eds/bin/gnu/h-i686-mingw32/bin/../lib/gcc/nios2-elf/4.7.3/mno-hw-mul\libgcc.a(_unpack_df.o)
                              f:/altera/13.1/nios2eds/bin/gnu/h-i686-mingw32/bin/../lib/gcc/nios2-elf/4.7.3/mno-hw-mul\libgcc.a(_mul_df.o) (__unpack_d)
f:/altera/13.1/nios2eds/bin/gnu/h-i686-mingw32/bin/../lib/gcc/nios2-elf/4.7.3/mno-hw-mul\libgcc.a(_lshrdi3.o)
                              f:/altera/13.1/nios2eds/bin/gnu/h-i686-mingw32/bin/../lib/gcc/nios2-elf/4.7.3/mno-hw-mul\libgcc.a(_pack_df.o) (__lshrdi3)
f:/altera/13.1/nios2eds/bin/gnu/h-i686-mingw32/bin/../lib/gcc/nios2-elf/4.7.3/mno-hw-mul\libgcc.a(_ashldi3.o)
                              f:/altera/13.1/nios2eds/bin/gnu/h-i686-mingw32/bin/../lib/gcc/nios2-elf/4.7.3/mno-hw-mul\libgcc.a(_pack_df.o) (__ashldi3)
[...]
Memory Configuration

Name             Origin             Length             Attributes
reset            0x00000000         0x00000020
sdram            0x00000020         0x07ffffe0
*default*        0x00000000         0xffffffff

Linker script and memory map

LOAD ../JPEG_Encoder_bsp//obj/HAL/src/crt0.o
LOAD obj/default/application/bmp_extract.o
LOAD obj/default/application/jpeg_encoding.o
LOAD obj/default/application/jpegclib/cdjpeg.o
LOAD obj/default/application/jpegclib/jaricom.o
LOAD obj/default/application/jpegclib/jcapimin.o
LOAD obj/default/application/jpegclib/jcapistd.o
LOAD obj/default/application/jpegclib/jcarith.o
LOAD obj/default/application/jpegclib/jccoefct.o
LOAD obj/default/application/jpegclib/jccolor.o
LOAD obj/default/application/jpegclib/jcdctmgr.o
LOAD obj/default/application/jpegclib/jchuff.o
LOAD obj/default/application/jpegclib/jcinit.o
LOAD obj/default/application/jpegclib/jcmainct.o
LOAD obj/default/application/jpegclib/jcmarker.o
LOAD obj/default/application/jpegclib/jcmaster.o
LOAD obj/default/application/jpegclib/jcomapi.o
LOAD obj/default/application/jpegclib/jcparam.o
LOAD obj/default/application/jpegclib/jcprepct.o
LOAD obj/default/application/jpegclib/jcsample.o
LOAD obj/default/application/jpegclib/jctrans.o
LOAD obj/default/application/jpegclib/jdatadst.o
LOAD obj/default/application/jpegclib/jerror.o
LOAD obj/default/application/jpegclib/jfdctflt.o
LOAD obj/default/application/jpegclib/jfdctfst.o
LOAD obj/default/application/jpegclib/jfdctint.o
LOAD obj/default/application/jpegclib/jidctflt.o
LOAD obj/default/application/jpegclib/jidctfst.o
LOAD obj/default/application/jpegclib/jidctint.o
LOAD obj/default/application/jpegclib/jmemansi.o
LOAD obj/default/application/jpegclib/jmemmgr.o
LOAD obj/default/application/jpegclib/jquant1.o
LOAD obj/default/application/jpegclib/jquant2.o
LOAD obj/default/application/jpegclib/jutils.o
LOAD obj/default/jpeg_encoder.o
LOAD f:/altera/13.1/nios2eds/bin/gnu/h-i686-mingw32/bin/../lib/gcc/nios2-elf/4.7.3/../../../../../H-i686-mingw32/nios2-elf/lib/mno-hw-mul\libstdc++.a
LOAD f:/altera/13.1/nios2eds/bin/gnu/h-i686-mingw32/bin/../lib/gcc/nios2-elf/4.7.3/../../../../../H-i686-mingw32/nios2-elf/lib/mno-hw-mul\libm.a
LOAD f:/altera/13.1/nios2eds/bin/gnu/h-i686-mingw32/bin/../lib/gcc/nios2-elf/4.7.3/mno-hw-mul\libgcc.a
START GROUP
LOAD f:/altera/13.1/nios2eds/bin/gnu/h-i686-mingw32/bin/../lib/gcc/nios2-elf/4.7.3/../../../../../H-i686-mingw32/nios2-elf/lib/mno-hw-mul\libc.a
LOAD f:/altera/13.1/nios2eds/bin/gnu/h-i686-mingw32/bin/../lib/gcc/nios2-elf/4.7.3/mno-hw-mul\libgcc.a
LOAD ../JPEG_Encoder_bsp/\libhal_bsp.a
END GROUP
LOAD f:/altera/13.1/nios2eds/bin/gnu/h-i686-mingw32/bin/../lib/gcc/nios2-elf/4.7.3/mno-hw-mul\libgcc.a
                0x00000000                __alt_mem_sdram = 0x0

.entry          0x00000000       0x20
 *(.entry)
 .entry         0x00000000       0x20 ../JPEG_Encoder_bsp//obj/HAL/src/crt0.o
                0x00000000                __reset

.exceptions     0x00000020      0x198
                0x00000020                PROVIDE (__ram_exceptions_start, ABSOLUTE (.))
                0x00000020                . = ALIGN (0x20)
 *(.irq)
 *(.exceptions.entry.label)
 .exceptions.entry.label
                0x00000020        0x0 ../JPEG_Encoder_bsp/\libhal_bsp.a(alt_irq_entry.o)
                0x00000020                alt_irq_entry
 .exceptions.entry.label
                0x00000020        0x0 ../JPEG_Encoder_bsp/\libhal_bsp.a(alt_exception_entry.o)
                0x00000020                alt_exception
 *(.exceptions.entry.user)
 *(.exceptions.entry.ecc_fatal)
 *(.exceptions.entry)
 .exceptions.entry
                0x00000020       0x54 ../JPEG_Encoder_bsp/\libhal_bsp.a(alt_exception_entry.o)
 *(.exceptions.irqtest.user)
 *(.exceptions.irqtest)
 .exceptions.irqtest
                0x00000074       0x10 ../JPEG_Encoder_bsp/\libhal_bsp.a(alt_irq_entry.o)
 *(.exceptions.irqhandler.user)
 *(.exceptions.irqhandler)
 .exceptions.irqhandler
                0x00000084        0x4 ../JPEG_Encoder_bsp/\libhal_bsp.a(alt_irq_entry.o)
 *(.exceptions.irqreturn.user)
 *(.exceptions.irqreturn)
 .exceptions.irqreturn
                0x00000088        0x4 ../JPEG_Encoder_bsp/\libhal_bsp.a(alt_irq_entry.o)
 *(.exceptions.notirq.label)
 .exceptions.notirq.label
                0x0000008c        0x0 ../JPEG_Encoder_bsp/\libhal_bsp.a(alt_irq_entry.o)
 *(.exceptions.notirq.user)
 *(.exceptions.notirq)
 .exceptions.notirq
                0x0000008c        0x8 ../JPEG_Encoder_bsp/\libhal_bsp.a(alt_exception_entry.o)
 *(.exceptions.soft.user)
 *(.exceptions.soft)
 *(.exceptions.unknown.user)
 *(.exceptions.unknown)
 .exceptions.unknown
                0x00000094        0x4 ../JPEG_Encoder_bsp/\libhal_bsp.a(alt_exception_entry.o)
 *(.exceptions.exit.label)
 .exceptions.exit.label
                0x00000098        0x0 ../JPEG_Encoder_bsp/\libhal_bsp.a(alt_irq_entry.o)
 .exceptions.exit.label
                0x00000098        0x0 ../JPEG_Encoder_bsp/\libhal_bsp.a(alt_exception_entry.o)
 *(.exceptions.exit.user)
 *(.exceptions.exit)
 .exceptions.exit
                0x00000098       0x54 ../JPEG_Encoder_bsp/\libhal_bsp.a(alt_exception_entry.o)
 *(.exceptions)
 .exceptions    0x000000ec       0xcc ../JPEG_Encoder_bsp/\libhal_bsp.a(alt_irq_handler.o)
                0x000000ec                alt_irq_handler
                0x000001b8                PROVIDE (__ram_exceptions_end, ABSOLUTE (.))
                0x00000020                PROVIDE (__flash_exceptions_start, LOADADDR (.exceptions))

.text           0x000001b8    0x3e9dc
                0x000001b8                PROVIDE (stext, ABSOLUTE (.))
 *(.interp)
 *(.hash)
 *(.dynsym)
 *(.dynstr)
 *(.gnu.version)
 *(.gnu.version_d)
 *(.gnu.version_r)
 *(.rel.init)
 *(.rela.init)
 *(.rel.text .rel.text.* .rel.gnu.linkonce.t.*)
 *(.rela.text .rela.text.* .rela.gnu.linkonce.t.*)
 *(.rel.fini)
 *(.rela.fini)
 *(.rel.rodata .rel.rodata.* .rel.gnu.linkonce.r.*)
 *(.rela.rodata .rela.rodata.* .rela.gnu.linkonce.r.*)
 *(.rel.data .rel.data.* .rel.gnu.linkonce.d.*)
 *(.rela.data .rela.data.* .rela.gnu.linkonce.d.*)
 *(.rel.tdata .rel.tdata.* .rel.gnu.linkonce.td.*)
 *(.rela.tdata .rela.tdata.* .rela.gnu.linkonce.td.*)
 *(.rel.tbss .rel.tbss.* .rel.gnu.linkonce.tb.*)
 *(.rela.tbss .rela.tbss.* .rela.gnu.linkonce.tb.*)
 *(.rel.ctors)
 *(.rela.ctors)
 *(.rel.dtors)
 *(.rela.dtors)
 *(.rel.got)
 *(.rela.got)
 *(.rel.sdata .rel.sdata.* .rel.gnu.linkonce.s.*)
 *(.rela.sdata .rela.sdata.* .rela.gnu.linkonce.s.*)
 *(.rel.sbss .rel.sbss.* .rel.gnu.linkonce.sb.*)
 *(.rela.sbss .rela.sbss.* .rela.gnu.linkonce.sb.*)
 *(.rel.sdata2 .rel.sdata2.* .rel.gnu.linkonce.s2.*)
 *(.rela.sdata2 .rela.sdata2.* .rela.gnu.linkonce.s2.*)
 *(.rel.sbss2 .rel.sbss2.* .rel.gnu.linkonce.sb2.*)
 *(.rela.sbss2 .rela.sbss2.* .rela.gnu.linkonce.sb2.*)
 *(.rel.bss .rel.bss.* .rel.gnu.linkonce.b.*)
 *(.rela.bss .rela.bss.* .rela.gnu.linkonce.b.*)
 *(.rel.plt)
 *(.rela.plt)
 *(.rel.dyn)
 *(.init)
 *(.plt)
 *(.text .stub .text.* .gnu.linkonce.t.*)
 .text          0x000001b8       0x3c ../JPEG_Encoder_bsp//obj/HAL/src/crt0.o
                0x000001b8                _start
 .text          0x000001f4      0x498 obj/default/application/bmp_extract.o
                0x000001f4                bmp_extract_header
                0x00000338                bmp_rearrange_comps
                0x000004fc                bmp_extract
 .text          0x0000068c      0x180 obj/default/application/jpeg_encoding.o
                0x0000068c                jpeg_encode
 .text          0x0000080c      0x194 obj/default/application/jpegclib/cdjpeg.o
                0x0000080c                keymatch
                0x00000938                read_stdin
                0x0000096c                write_stdout
 .text          0x000009a0        0x0 obj/default/application/jpegclib/jaricom.o
 .text          0x000009a0      0x890 obj/default/application/jpegclib/jcapimin.o
                0x000009a0                jpeg_CreateCompress
                0x00000be0                jpeg_destroy_compress
                0x00000c10                jpeg_abort_compress
                0x00000c40                jpeg_suppress_tables
                0x00000d44                jpeg_finish_compress
                0x00000f48                jpeg_write_marker
                0x00001064                jpeg_write_m_header
                0x00001124                jpeg_write_m_byte
                0x00001168                jpeg_write_tables
 .text          0x00001230      0x440 obj/default/application/jpegclib/jcapistd.o
                0x00001230                jpeg_start_compress
                0x0000132c                jpeg_write_scanlines
                0x000014c0                jpeg_write_raw_data
 .text          0x00001670     0x23f8 obj/default/application/jpegclib/jcarith.o
                0x00003990                jinit_arith_encoder
 .text          0x00003a68      0xf20 obj/default/application/jpegclib/jccoefct.o
                0x000047b8                jinit_c_coef_controller
 .text          0x00004988      0xff0 obj/default/application/jpegclib/jccolor.o
                0x000053f4                jinit_color_converter
 .text          0x00005978      0xaf8 obj/default/application/jpegclib/jcdctmgr.o
                0x000063b4                jinit_forward_dct
 .text          0x00006470     0x33dc obj/default/application/jpegclib/jchuff.o
                0x00009708                jinit_huff_encoder
 .text          0x0000984c      0x104 obj/default/application/jpegclib/jcinit.o
                0x0000984c                jinit_compress_master
 .text          0x00009950      0x3ac obj/default/application/jpegclib/jcmainct.o
                0x00009b80                jinit_c_main_controller
 .text          0x00009cfc     0x1418 obj/default/application/jpegclib/jcmarker.o
                0x0000b048                jinit_marker_writer
 .text          0x0000b114     0x1d6c obj/default/application/jpegclib/jcmaster.o
                0x0000b114                jpeg_calc_jpeg_dimensions
                0x0000ccd0                jinit_c_master_control
 .text          0x0000ce80      0x1a8 obj/default/application/jpegclib/jcomapi.o
                0x0000ce80                jpeg_abort
                0x0000cf28                jpeg_destroy
                0x0000cf80                jpeg_alloc_quant_table
                0x0000cfd4                jpeg_alloc_huff_table
 .text          0x0000d028     0x1528 obj/default/application/jpegclib/jcparam.o
                0x0000d028                jpeg_add_quant_table
                0x0000d1f0                jpeg_default_qtables
                0x0000d270                jpeg_set_linear_quality
                0x0000d2e4                jpeg_quality_scaling
                0x0000d368                jpeg_set_quality
                0x0000d588                jpeg_set_defaults
                0x0000d784                jpeg_default_colorspace
                0x0000d874                jpeg_set_colorspace
                0x0000e1a8                jpeg_simple_progression
 .text          0x0000e550      0xc14 obj/default/application/jpegclib/jcprepct.o
                0x0000efac                jinit_c_prep_controller
 .text          0x0000f164     0x14c4 obj/default/application/jpegclib/jcsample.o
                0x00010234                jinit_downsampler
 .text          0x00010628      0xc2c obj/default/application/jpegclib/jctrans.o
                0x00010628                jpeg_write_coefficients
                0x000106f0                jpeg_copy_critical_parameters
 .text          0x00011254      0x5f8 obj/default/application/jpegclib/jdatadst.o
                0x000115f0                jpeg_stdio_dest
                0x00011694                jpeg_mem_dest
 .text          0x0001184c      0x43c obj/default/application/jpegclib/jerror.o
                0x00011bc8                jpeg_std_error
 .text          0x00011c88      0x8b8 obj/default/application/jpegclib/jfdctflt.o
                0x00011c88                jpeg_fdct_float
 .text          0x00012540      0x6a0 obj/default/application/jpegclib/jfdctfst.o
                0x00012540                jpeg_fdct_ifast
 .text          0x00012be0      0x810 obj/default/application/jpegclib/jfdctint.o
                0x00012be0                jpeg_fdct_islow
 .text          0x000133f0      0xc74 obj/default/application/jpegclib/jidctflt.o
                0x000133f0                jpeg_idct_float
 .text          0x00014064      0xaf4 obj/default/application/jpegclib/jidctfst.o
                0x00014064                jpeg_idct_ifast
 .text          0x00014b58    0x103b8 obj/default/application/jpegclib/jidctint.o
                0x00014b58                jpeg_idct_islow
                0x0001579c                jpeg_idct_7x7
                0x00016018                jpeg_idct_6x6
                0x00016620                jpeg_idct_5x5
                0x00016b84                jpeg_idct_4x4
                0x00016fa4                jpeg_idct_3x3
                0x000172d8                jpeg_idct_2x2
                0x00017510                jpeg_idct_1x1
                0x000175c4                jpeg_idct_9x9
                0x00017f0c                jpeg_idct_10x10
                0x00018954                jpeg_idct_11x11
                0x000195bc                jpeg_idct_12x12
                0x0001a16c                jpeg_idct_13x13
                0x0001af9c                jpeg_idct_14x14
                0x0001bd1c                jpeg_idct_15x15
                0x0001cb2c                jpeg_idct_16x16
                0x0001db74                jpeg_idct_16x8
                0x0001ea44                jpeg_idct_14x7
                0x0001f564                jpeg_idct_12x6
                0x0001fe50                jpeg_idct_10x5
                0x00020618                jpeg_idct_8x4
                0x00020cbc                jpeg_idct_6x3
                0x0002113c                jpeg_idct_4x2
                0x00021420                jpeg_idct_2x1
                0x00021544                jpeg_idct_8x16
                0x000221e8                jpeg_idct_7x14
                0x00022cc4                jpeg_idct_6x12
                0x00023598                jpeg_idct_5x10
                0x00023d7c                jpeg_idct_4x8
                0x0002461c                jpeg_idct_3x6
                0x00024ad8                jpeg_idct_2x4
                0x00024de8                jpeg_idct_1x2
 .text          0x00024f10      0x3d8 obj/default/application/jpegclib/jmemansi.o
                0x00024f10                jpeg_get_small
                0x00024f44                jpeg_free_small
                0x00024f7c                jpeg_get_large
                0x00024fb0                jpeg_free_large
                0x00024fe8                jpeg_mem_available
                0x000251e4                jpeg_open_backing_store
                0x000252a0                jpeg_mem_init
                0x000252c8                jpeg_mem_term
 .text          0x000252e8     0x1d48 obj/default/application/jpegclib/jmemmgr.o
                0x00026d74                jinit_memory_mgr
 .text          0x00027030     0x18b4 obj/default/application/jpegclib/jquant1.o
                0x000287a0                jinit_1pass_quantizer
 .text          0x000288e4     0x27a0 obj/default/application/jpegclib/jquant2.o
                0x0002adf0                jinit_2pass_quantizer
 .text          0x0002b084      0x1f4 obj/default/application/jpegclib/jutils.o
                0x0002b084                jdiv_round_up
                0x0002b0cc                jround_up
                0x0002b124                jcopy_sample_rows
                0x0002b1f4                jcopy_block_row
                0x0002b23c                jzero_far
 .text          0x0002b278      0x228 obj/default/jpeg_encoder.o
                0x0002b278                main
                0x0002b34c                convert_picture
 .text          0x0002b4a0      0x298 f:/altera/13.1/nios2eds/bin/gnu/h-i686-mingw32/bin/../lib/gcc/nios2-elf/4.7.3/mno-hw-mul\libgcc.a(_addsub_sf.o)
                0x0002b694                __addsf3
                0x0002b6e0                __subsf3
 .text          0x0002b738      0x190 f:/altera/13.1/nios2eds/bin/gnu/h-i686-mingw32/bin/../lib/gcc/nios2-elf/4.7.3/mno-hw-mul\libgcc.a(_mul_sf.o)
                0x0002b738                __mulsf3
 .text          0x0002b8c8       0xa4 f:/altera/13.1/nios2eds/bin/gnu/h-i686-mingw32/bin/../lib/gcc/nios2-elf/4.7.3/mno-hw-mul\libgcc.a(_si_to_sf.o)
                0x0002b8c8                __floatsisf
 .text          0x0002b96c       0xa4 f:/altera/13.1/nios2eds/bin/gnu/h-i686-mingw32/bin/../lib/gcc/nios2-elf/4.7.3/mno-hw-mul\libgcc.a(_sf_to_si.o)
                0x0002b96c                __fixsfsi
 .text          0x0002ba10        0x0 f:/altera/13.1/nios2eds/bin/gnu/h-i686-mingw32/bin/../lib/gcc/nios2-elf/4.7.3/mno-hw-mul\libgcc.a(_thenan_sf.o)
 .text          0x0002ba10      0x2e4 f:/altera/13.1/nios2eds/bin/gnu/h-i686-mingw32/bin/../lib/gcc/nios2-elf/4.7.3/mno-hw-mul\libgcc.a(_mul_df.o)
                0x0002ba10                __muldf3
 .text          0x0002bcf4      0x1b4 f:/altera/13.1/nios2eds/bin/gnu/h-i686-mingw32/bin/../lib/gcc/nios2-elf/4.7.3/mno-hw-mul\libgcc.a(_div_df.o)
                0x0002bcf4                __divdf3
 .text          0x0002bea8       0x60 f:/altera/13.1/nios2eds/bin/gnu/h-i686-mingw32/bin/../lib/gcc/nios2-elf/4.7.3/mno-hw-mul\libgcc.a(_df_to_sf.o)
                0x0002bea8                __truncdfsf2
 .text          0x0002bf08        0x0 f:/altera/13.1/nios2eds/bin/gnu/h-i686-mingw32/bin/../lib/gcc/nios2-elf/4.7.3/mno-hw-mul\libgcc.a(_thenan_df.o)
 .text          0x0002bf08      0x11c f:/altera/13.1/nios2eds/bin/gnu/h-i686-mingw32/bin/../lib/gcc/nios2-elf/4.7.3/mno-hw-mul\libgcc.a(_usi_to_df.o)
                0x0002bf08                __floatunsidf
 .text          0x0002c024      0x130 f:/altera/13.1/nios2eds/bin/gnu/h-i686-mingw32/bin/../lib/gcc/nios2-elf/4.7.3/mno-hw-mul\libgcc.a(lib2-divmod.o)
                0x0002c098                __divsi3
                0x0002c0e8                __modsi3
                0x0002c144                __udivsi3
                0x0002c14c                __umodsi3
 .text          0x0002c154       0x28 f:/altera/13.1/nios2eds/bin/gnu/h-i686-mingw32/bin/../lib/gcc/nios2-elf/4.7.3/mno-hw-mul\libgcc.a(lib2-mul.o)
                0x0002c154                __mulsi3
 .text          0x0002c17c      0x110 f:/altera/13.1/nios2eds/bin/gnu/h-i686-mingw32/bin/../lib/gcc/nios2-elf/4.7.3/mno-hw-mul\libgcc.a(_muldi3.o)
                0x0002c17c                __muldi3
 .text          0x0002c28c       0xac f:/altera/13.1/nios2eds/bin/gnu/h-i686-mingw32/bin/../lib/gcc/nios2-elf/4.7.3/mno-hw-mul\libgcc.a(_clzsi2.o)
                0x0002c28c                __clzsi2
 .text          0x0002c338      0x12c f:/altera/13.1/nios2eds/bin/gnu/h-i686-mingw32/bin/../lib/gcc/nios2-elf/4.7.3/mno-hw-mul\libgcc.a(_pack_sf.o)
                0x0002c338                __pack_f
 .text          0x0002c464       0xc8 f:/altera/13.1/nios2eds/bin/gnu/h-i686-mingw32/bin/../lib/gcc/nios2-elf/4.7.3/mno-hw-mul\libgcc.a(_unpack_sf.o)
                0x0002c464                __unpack_f
 .text          0x0002c52c       0x2c f:/altera/13.1/nios2eds/bin/gnu/h-i686-mingw32/bin/../lib/gcc/nios2-elf/4.7.3/mno-hw-mul\libgcc.a(_make_sf.o)
                0x0002c52c                __make_fp
 .text          0x0002c558      0x224 f:/altera/13.1/nios2eds/bin/gnu/h-i686-mingw32/bin/../lib/gcc/nios2-elf/4.7.3/mno-hw-mul\libgcc.a(_pack_df.o)
                0x0002c558                __pack_d
 .text          0x0002c77c      0x104 f:/altera/13.1/nios2eds/bin/gnu/h-i686-mingw32/bin/../lib/gcc/nios2-elf/4.7.3/mno-hw-mul\libgcc.a(_unpack_df.o)
                0x0002c77c                __unpack_d
 .text          0x0002c880       0x44 f:/altera/13.1/nios2eds/bin/gnu/h-i686-mingw32/bin/../lib/gcc/nios2-elf/4.7.3/mno-hw-mul\libgcc.a(_lshrdi3.o)
                0x0002c880                __lshrdi3
 .text          0x0002c8c4       0x44 f:/altera/13.1/nios2eds/bin/gnu/h-i686-mingw32/bin/../lib/gcc/nios2-elf/4.7.3/mno-hw-mul\libgcc.a(_ashldi3.o)
                0x0002c8c4                __ashldi3
 .text          0x0002c908        0x0 f:/altera/13.1/nios2eds/bin/gnu/h-i686-mingw32/bin/../lib/gcc/nios2-elf/4.7.3/mno-hw-mul\libgcc.a(_clz.o)
 .text          0x0002c908        0x0 f:/altera/13.1/nios2eds/bin/gnu/h-i686-mingw32/bin/../lib/gcc/nios2-elf/4.7.3/../../../../../H-i686-mingw32/nios2-elf/lib/mno-hw-mul\libc.a(lib_a-ctype_.o)
 .text          0x0002c908       0x38 f:/altera/13.1/nios2eds/bin/gnu/h-i686-mingw32/bin/../lib/gcc/nios2-elf/4.7.3/../../../../../H-i686-mingw32/nios2-elf/lib/mno-hw-mul\libc.a(lib_a-exit.o)
                0x0002c908                exit
 .text          0x0002c940      0x150 f:/altera/13.1/nios2eds/bin/gnu/h-i686-mingw32/bin/../lib/gcc/nios2-elf/4.7.3/../../../../../H-i686-mingw32/nios2-elf/lib/mno-hw-mul\libc.a(lib_a-fclose.o)
                0x0002c940                _fclose_r
                0x0002ca7c                fclose
 .text          0x0002ca90      0x218 f:/altera/13.1/nios2eds/bin/gnu/h-i686-mingw32/bin/../lib/gcc/nios2-elf/4.7.3/../../../../../H-i686-mingw32/nios2-elf/lib/mno-hw-mul\libc.a(lib_a-fflush.o)
                0x0002ca90                _fflush_r
                0x0002cc78                fflush
 .text          0x0002cca8      0x2ec f:/altera/13.1/nios2eds/bin/gnu/h-i686-mingw32/bin/../lib/gcc/nios2-elf/4.7.3/../../../../../H-i686-mingw32/nios2-elf/lib/mno-hw-mul\libc.a(lib_a-findfp.o)
                0x0002ccb8                _cleanup_r
                0x0002ccc4                __sfmoreglue
                0x0002cd3c                _cleanup
                0x0002cd4c                __sinit
                0x0002ce58                __sfp
                0x0002cf54                __sfp_lock_acquire
                0x0002cf58                __sfp_lock_release
                0x0002cf5c                __sinit_lock_acquire
                0x0002cf60                __sinit_lock_release
                0x0002cf64                __fp_lock_all
                0x0002cf7c                __fp_unlock_all
 .text          0x0002cf94      0x14c f:/altera/13.1/nios2eds/bin/gnu/h-i686-mingw32/bin/../lib/gcc/nios2-elf/4.7.3/../../../../../H-i686-mingw32/nios2-elf/lib/mno-hw-mul\libc.a(lib_a-fopen.o)
                0x0002cf94                _fopen_r
                0x0002d0c4                fopen
 .text          0x0002d0e0       0x4c f:/altera/13.1/nios2eds/bin/gnu/h-i686-mingw32/bin/../lib/gcc/nios2-elf/4.7.3/../../../../../H-i686-mingw32/nios2-elf/lib/mno-hw-mul\libc.a(lib_a-fprintf.o)
                0x0002d0e0                _fprintf_r
                0x0002d108                fprintf
 .text          0x0002d12c      0x27c f:/altera/13.1/nios2eds/bin/gnu/h-i686-mingw32/bin/../lib/gcc/nios2-elf/4.7.3/../../../../../H-i686-mingw32/nios2-elf/lib/mno-hw-mul\libc.a(lib_a-fread.o)
                0x0002d12c                _fread_r
                0x0002d368                fread
 .text          0x0002d3a8      0x40c f:/altera/13.1/nios2eds/bin/gnu/h-i686-mingw32/bin/../lib/gcc/nios2-elf/4.7.3/../../../../../H-i686-mingw32/nios2-elf/lib/mno-hw-mul\libc.a(lib_a-freer.o)
                0x0002d3a8                _malloc_trim_r
                0x0002d4e4                _free_r
 .text          0x0002d7b4      0x498 f:/altera/13.1/nios2eds/bin/gnu/h-i686-mingw32/bin/../lib/gcc/nios2-elf/4.7.3/../../../../../H-i686-mingw32/nios2-elf/lib/mno-hw-mul\libc.a(lib_a-fseek.o)
                0x0002d7b4                _fseek_r
                0x0002dc28                fseek
 .text          0x0002dc4c       0x68 f:/altera/13.1/nios2eds/bin/gnu/h-i686-mingw32/bin/../lib/gcc/nios2-elf/4.7.3/../../../../../H-i686-mingw32/nios2-elf/lib/mno-hw-mul\libc.a(lib_a-fstatr.o)
                0x0002dc4c                _fstat_r
 .text          0x0002dcb4      0x124 f:/altera/13.1/nios2eds/bin/gnu/h-i686-mingw32/bin/../lib/gcc/nios2-elf/4.7.3/../../../../../H-i686-mingw32/nios2-elf/lib/mno-hw-mul\libc.a(lib_a-ftell.o)
                0x0002dcb4                _ftell_r
                0x0002ddc4                ftell
 .text          0x0002ddd8      0x160 f:/altera/13.1/nios2eds/bin/gnu/h-i686-mingw32/bin/../lib/gcc/nios2-elf/4.7.3/../../../../../H-i686-mingw32/nios2-elf/lib/mno-hw-mul\libc.a(lib_a-fwalk.o)
                0x0002ddd8                _fwalk
                0x0002de80                _fwalk_reent
 .text          0x0002df38       0xf0 f:/altera/13.1/nios2eds/bin/gnu/h-i686-mingw32/bin/../lib/gcc/nios2-elf/4.7.3/../../../../../H-i686-mingw32/nios2-elf/lib/mno-hw-mul\libc.a(lib_a-fwrite.o)
                0x0002df38                _fwrite_r
                0x0002dfe8                fwrite
 .text          0x0002e028       0x48 f:/altera/13.1/nios2eds/bin/gnu/h-i686-mingw32/bin/../lib/gcc/nios2-elf/4.7.3/../../../../../H-i686-mingw32/nios2-elf/lib/mno-hw-mul\libc.a(lib_a-getenv.o)
                0x0002e028                _findenv
                0x0002e044                getenv
 .text          0x0002e070      0x128 f:/altera/13.1/nios2eds/bin/gnu/h-i686-mingw32/bin/../lib/gcc/nios2-elf/4.7.3/../../../../../H-i686-mingw32/nios2-elf/lib/mno-hw-mul\libc.a(lib_a-getenv_r.o)
                0x0002e070                _findenv_r
                0x0002e17c                _getenv_r
 .text          0x0002e198        0x0 f:/altera/13.1/nios2eds/bin/gnu/h-i686-mingw32/bin/../lib/gcc/nios2-elf/4.7.3/../../../../../H-i686-mingw32/nios2-elf/lib/mno-hw-mul\libc.a(lib_a-impure.o)
 .text          0x0002e198        0x0 f:/altera/13.1/nios2eds/bin/gnu/h-i686-mingw32/bin/../lib/gcc/nios2-elf/4.7.3/../../../../../H-i686-mingw32/nios2-elf/lib/mno-hw-mul\libc.a(lib_a-int_errno.o)
 .text          0x0002e198      0x1a8 f:/altera/13.1/nios2eds/bin/gnu/h-i686-mingw32/bin/../lib/gcc/nios2-elf/4.7.3/../../../../../H-i686-mingw32/nios2-elf/lib/mno-hw-mul\libc.a(lib_a-makebuf.o)
                0x0002e198                __smakebuf_r
 .text          0x0002e340       0x28 f:/altera/13.1/nios2eds/bin/gnu/h-i686-mingw32/bin/../lib/gcc/nios2-elf/4.7.3/../../../../../H-i686-mingw32/nios2-elf/lib/mno-hw-mul\libc.a(lib_a-malloc.o)
                0x0002e340                malloc
                0x0002e354                free
 .text          0x0002e368      0x784 f:/altera/13.1/nios2eds/bin/gnu/h-i686-mingw32/bin/../lib/gcc/nios2-elf/4.7.3/../../../../../H-i686-mingw32/nios2-elf/lib/mno-hw-mul\libc.a(lib_a-mallocr.o)
                0x0002e368                _malloc_r
 .text          0x0002eaec      0x140 f:/altera/13.1/nios2eds/bin/gnu/h-i686-mingw32/bin/../lib/gcc/nios2-elf/4.7.3/../../../../../H-i686-mingw32/nios2-elf/lib/mno-hw-mul\libc.a(lib_a-memcpy.o)
                0x0002eaec                memcpy
 .text          0x0002ec2c       0xdc f:/altera/13.1/nios2eds/bin/gnu/h-i686-mingw32/bin/../lib/gcc/nios2-elf/4.7.3/../../../../../H-i686-mingw32/nios2-elf/lib/mno-hw-mul\libc.a(lib_a-memset.o)
                0x0002ec2c                memset
 .text          0x0002ed08       0x6c f:/altera/13.1/nios2eds/bin/gnu/h-i686-mingw32/bin/../lib/gcc/nios2-elf/4.7.3/../../../../../H-i686-mingw32/nios2-elf/lib/mno-hw-mul\libc.a(lib_a-openr.o)
                0x0002ed08                _open_r
 .text          0x0002ed74       0x68 f:/altera/13.1/nios2eds/bin/gnu/h-i686-mingw32/bin/../lib/gcc/nios2-elf/4.7.3/../../../../../H-i686-mingw32/nios2-elf/lib/mno-hw-mul\libc.a(lib_a-printf.o)
                0x0002ed74                _printf_r
                0x0002eda0                printf
 .text          0x0002eddc       0x98 f:/altera/13.1/nios2eds/bin/gnu/h-i686-mingw32/bin/../lib/gcc/nios2-elf/4.7.3/../../../../../H-i686-mingw32/nios2-elf/lib/mno-hw-mul\libc.a(lib_a-puts.o)
                0x0002eddc                _puts_r
                0x0002ee60                puts
 .text          0x0002ee74      0x208 f:/altera/13.1/nios2eds/bin/gnu/h-i686-mingw32/bin/../lib/gcc/nios2-elf/4.7.3/../../../../../H-i686-mingw32/nios2-elf/lib/mno-hw-mul\libc.a(lib_a-refill.o)
                0x0002ee90                __srefill_r
 .text          0x0002f07c       0x4c f:/altera/13.1/nios2eds/bin/gnu/h-i686-mingw32/bin/../lib/gcc/nios2-elf/4.7.3/../../../../../H-i686-mingw32/nios2-elf/lib/mno-hw-mul\libc.a(lib_a-rewind.o)
                0x0002f07c                _rewind_r
                0x0002f0b4                rewind
 .text          0x0002f0c8       0x64 f:/altera/13.1/nios2eds/bin/gnu/h-i686-mingw32/bin/../lib/gcc/nios2-elf/4.7.3/../../../../../H-i686-mingw32/nios2-elf/lib/mno-hw-mul\libc.a(lib_a-sbrkr.o)
                0x0002f0c8                _sbrk_r
 .text          0x0002f12c       0x6c f:/altera/13.1/nios2eds/bin/gnu/h-i686-mingw32/bin/../lib/gcc/nios2-elf/4.7.3/../../../../../H-i686-mingw32/nios2-elf/lib/mno-hw-mul\libc.a(lib_a-scanf.o)
                0x0002f12c                scanf
                0x0002f16c                _scanf_r
 .text          0x0002f198       0xc4 f:/altera/13.1/nios2eds/bin/gnu/h-i686-mingw32/bin/../lib/gcc/nios2-elf/4.7.3/../../../../../H-i686-mingw32/nios2-elf/lib/mno-hw-mul\libc.a(lib_a-sprintf.o)
                0x0002f198                _sprintf_r
                0x0002f1f0                sprintf
 .text          0x0002f25c       0xfc f:/altera/13.1/nios2eds/bin/gnu/h-i686-mingw32/bin/../lib/gcc/nios2-elf/4.7.3/../../../../../H-i686-mingw32/nios2-elf/lib/mno-hw-mul\libc.a(lib_a-sscanf.o)
                0x0002f264                sscanf
                0x0002f2e0                _sscanf_r
 .text          0x0002f358      0x140 f:/altera/13.1/nios2eds/bin/gnu/h-i686-mingw32/bin/../lib/gcc/nios2-elf/4.7.3/../../../../../H-i686-mingw32/nios2-elf/lib/mno-hw-mul\libc.a(lib_a-stdio.o)
                0x0002f358                __sread
                0x0002f3ac                __swrite
                0x0002f434                __sseek
                0x0002f490                __sclose
 .text          0x0002f498       0x98 f:/altera/13.1/nios2eds/bin/gnu/h-i686-mingw32/bin/../lib/gcc/nios2-elf/4.7.3/../../../../../H-i686-mingw32/nios2-elf/lib/mno-hw-mul\libc.a(lib_a-strcat.o)
                0x0002f498                strcat
 .text          0x0002f530       0xa4 f:/altera/13.1/nios2eds/bin/gnu/h-i686-mingw32/bin/../lib/gcc/nios2-elf/4.7.3/../../../../../H-i686-mingw32/nios2-elf/lib/mno-hw-mul\libc.a(lib_a-strcmp.o)
                0x0002f530                strcmp
 .text          0x0002f5d4       0x94 f:/altera/13.1/nios2eds/bin/gnu/h-i686-mingw32/bin/../lib/gcc/nios2-elf/4.7.3/../../../../../H-i686-mingw32/nios2-elf/lib/mno-hw-mul\libc.a(lib_a-strcpy.o)
                0x0002f5d4                strcpy
 .text          0x0002f668       0x8c f:/altera/13.1/nios2eds/bin/gnu/h-i686-mingw32/bin/../lib/gcc/nios2-elf/4.7.3/../../../../../H-i686-mingw32/nios2-elf/lib/mno-hw-mul\libc.a(lib_a-strlen.o)
                0x0002f668                strlen
 .text          0x0002f6f4       0xfc f:/altera/13.1/nios2eds/bin/gnu/h-i686-mingw32/bin/../lib/gcc/nios2-elf/4.7.3/../../../../../H-i686-mingw32/nios2-elf/lib/mno-hw-mul\libc.a(lib_a-strncmp.o)
                0x0002f6f4                strncmp
 .text          0x0002f7f0       0xb8 f:/altera/13.1/nios2eds/bin/gnu/h-i686-mingw32/bin/../lib/gcc/nios2-elf/4.7.3/../../../../../H-i686-mingw32/nios2-elf/lib/mno-hw-mul\libc.a(lib_a-strncpy.o)
                0x0002f7f0                strncpy
 .text          0x0002f8a8       0xd8 f:/altera/13.1/nios2eds/bin/gnu/h-i686-mingw32/bin/../lib/gcc/nios2-elf/4.7.3/../../../../../H-i686-mingw32/nios2-elf/lib/mno-hw-mul\libc.a(lib_a-tmpfile.o)
                0x0002f8a8                _tmpfile_r
                0x0002f970                tmpfile
 .text          0x0002f980      0x2a0 f:/altera/13.1/nios2eds/bin/gnu/h-i686-mingw32/bin/../lib/gcc/nios2-elf/4.7.3/../../../../../H-i686-mingw32/nios2-elf/lib/mno-hw-mul\libc.a(lib_a-tmpnam.o)
                0x0002fa60                _tmpnam_r
                0x0002faf8                _tempnam_r
                0x0002fbf0                tempnam
                0x0002fc0c                tmpnam
 .text          0x0002fc20     0x1ed4 f:/altera/13.1/nios2eds/bin/gnu/h-i686-mingw32/bin/../lib/gcc/nios2-elf/4.7.3/../../../../../H-i686-mingw32/nios2-elf/lib/mno-hw-mul\libc.a(lib_a-vfprintf.o)
                0x0002fc54                ___vfprintf_internal_r
                0x00031ad0                __vfprintf_internal
 .text          0x00031af4     0x1788 f:/altera/13.1/nios2eds/bin/gnu/h-i686-mingw32/bin/../lib/gcc/nios2-elf/4.7.3/../../../../../H-i686-mingw32/nios2-elf/lib/mno-hw-mul\libc.a(lib_a-vfscanf.o)
                0x00031af4                __svfscanf_r
                0x0003319c                _vfscanf_r
                0x000331e8                __svfscanf
                0x0003320c                vfscanf
 .text          0x0003327c       0x6c f:/altera/13.1/nios2eds/bin/gnu/h-i686-mingw32/bin/../lib/gcc/nios2-elf/4.7.3/../../../../../H-i686-mingw32/nios2-elf/lib/mno-hw-mul\libc.a(lib_a-writer.o)
                0x0003327c                _write_r
 .text          0x000332e8      0x174 f:/altera/13.1/nios2eds/bin/gnu/h-i686-mingw32/bin/../lib/gcc/nios2-elf/4.7.3/../../../../../H-i686-mingw32/nios2-elf/lib/mno-hw-mul\libc.a(lib_a-wsetup.o)
                0x000332e8                __swsetup_r
 .text          0x0003345c      0x1a0 f:/altera/13.1/nios2eds/bin/gnu/h-i686-mingw32/bin/../lib/gcc/nios2-elf/4.7.3/../../../../../H-i686-mingw32/nios2-elf/lib/mno-hw-mul\libc.a(lib_a-__call_atexit.o)
                0x0003345c                __call_exitprocs
 .text          0x000335fc       0x64 f:/altera/13.1/nios2eds/bin/gnu/h-i686-mingw32/bin/../lib/gcc/nios2-elf/4.7.3/../../../../../H-i686-mingw32/nios2-elf/lib/mno-hw-mul\libc.a(lib_a-closer.o)
                0x000335fc                _close_r
 .text          0x00033660     0x1858 f:/altera/13.1/nios2eds/bin/gnu/h-i686-mingw32/bin/../lib/gcc/nios2-elf/4.7.3/../../../../../H-i686-mingw32/nios2-elf/lib/mno-hw-mul\libc.a(lib_a-dtoa.o)
                0x0003389c                _dtoa_r
 .text          0x00034eb8        0x0 f:/altera/13.1/nios2eds/bin/gnu/h-i686-mingw32/bin/../lib/gcc/nios2-elf/4.7.3/../../../../../H-i686-mingw32/nios2-elf/lib/mno-hw-mul\libc.a(lib_a-environ.o)
 .text          0x00034eb8       0xd4 f:/altera/13.1/nios2eds/bin/gnu/h-i686-mingw32/bin/../lib/gcc/nios2-elf/4.7.3/../../../../../H-i686-mingw32/nios2-elf/lib/mno-hw-mul\libc.a(lib_a-fdopen.o)
                0x00034eb8                _fdopen_r
                0x00034f70                fdopen
 .text          0x00034f8c       0x98 f:/altera/13.1/nios2eds/bin/gnu/h-i686-mingw32/bin/../lib/gcc/nios2-elf/4.7.3/../../../../../H-i686-mingw32/nios2-elf/lib/mno-hw-mul\libc.a(lib_a-flags.o)
                0x00034f8c                __sflags
 .text          0x00035024      0x4e4 f:/altera/13.1/nios2eds/bin/gnu/h-i686-mingw32/bin/../lib/gcc/nios2-elf/4.7.3/../../../../../H-i686-mingw32/nios2-elf/lib/mno-hw-mul\libc.a(lib_a-fvwrite.o)
                0x00035024                __sfvwrite_r
 .text          0x00035508       0x64 f:/altera/13.1/nios2eds/bin/gnu/h-i686-mingw32/bin/../lib/gcc/nios2-elf/4.7.3/../../../../../H-i686-mingw32/nios2-elf/lib/mno-hw-mul\libc.a(lib_a-isattyr.o)
                0x00035508                _isatty_r
 .text          0x0003556c       0x38 f:/altera/13.1/nios2eds/bin/gnu/h-i686-mingw32/bin/../lib/gcc/nios2-elf/4.7.3/../../../../../H-i686-mingw32/nios2-elf/lib/mno-hw-mul\libc.a(lib_a-iswspace.o)
                0x0003556c                iswspace
 .text          0x000355a4       0xdc f:/altera/13.1/nios2eds/bin/gnu/h-i686-mingw32/bin/../lib/gcc/nios2-elf/4.7.3/../../../../../H-i686-mingw32/nios2-elf/lib/mno-hw-mul\libc.a(lib_a-locale.o)
                0x000355a4                _setlocale_r
                0x00035640                __locale_charset
                0x0003564c                _localeconv_r
                0x00035658                setlocale
                0x00035674                localeconv
 .text          0x00035680       0x6c f:/altera/13.1/nios2eds/bin/gnu/h-i686-mingw32/bin/../lib/gcc/nios2-elf/4.7.3/../../../../../H-i686-mingw32/nios2-elf/lib/mno-hw-mul\libc.a(lib_a-lseekr.o)
                0x00035680                _lseek_r
 .text          0x000356ec       0xa4 f:/altera/13.1/nios2eds/bin/gnu/h-i686-mingw32/bin/../lib/gcc/nios2-elf/4.7.3/../../../../../H-i686-mingw32/nios2-elf/lib/mno-hw-mul\libc.a(lib_a-mbrtowc.o)
                0x000356ec                _mbrtowc_r
                0x00035750                mbrtowc
 .text          0x00035790       0x44 f:/altera/13.1/nios2eds/bin/gnu/h-i686-mingw32/bin/../lib/gcc/nios2-elf/4.7.3/../../../../../H-i686-mingw32/nios2-elf/lib/mno-hw-mul\libc.a(lib_a-mbtowc_r.o)
                0x00035790                _mbtowc_r
 .text          0x000357d4       0xf8 f:/altera/13.1/nios2eds/bin/gnu/h-i686-mingw32/bin/../lib/gcc/nios2-elf/4.7.3/../../../../../H-i686-mingw32/nios2-elf/lib/mno-hw-mul\libc.a(lib_a-memchr.o)
                0x000357d4                memchr
 .text          0x000358cc      0x18c f:/altera/13.1/nios2eds/bin/gnu/h-i686-mingw32/bin/../lib/gcc/nios2-elf/4.7.3/../../../../../H-i686-mingw32/nios2-elf/lib/mno-hw-mul\libc.a(lib_a-memmove.o)
                0x000358cc                memmove
 .text          0x00035a58     0x1050 f:/altera/13.1/nios2eds/bin/gnu/h-i686-mingw32/bin/../lib/gcc/nios2-elf/4.7.3/../../../../../H-i686-mingw32/nios2-elf/lib/mno-hw-mul\libc.a(lib_a-mprec.o)
                0x00035a58                _Balloc
                0x00035b00                _Bfree
                0x00035b28                __multadd
                0x00035c6c                __s2b
                0x00035d70                __hi0bits
                0x00035dd8                __lo0bits
                0x00035e88                __i2b
                0x00035ec4                __multiply
                0x0003611c                __pow5mult
                0x00036248                __lshift
                0x000363a4                __mcmp
                0x000363fc                __mdiff
                0x000365a4                __ulp
                0x00036604                __b2d
                0x0003674c                __d2b
                0x00036890                __ratio
                0x00036934                _mprec_log10
                0x000369a8                __copybits
                0x00036a24                __any_on
 .text          0x00036aa8       0x6c f:/altera/13.1/nios2eds/bin/gnu/h-i686-mingw32/bin/../lib/gcc/nios2-elf/4.7.3/../../../../../H-i686-mingw32/nios2-elf/lib/mno-hw-mul\libc.a(lib_a-readr.o)
                0x00036aa8                _read_r
 .text          0x00036b14      0x5fc f:/altera/13.1/nios2eds/bin/gnu/h-i686-mingw32/bin/../lib/gcc/nios2-elf/4.7.3/../../../../../H-i686-mingw32/nios2-elf/lib/mno-hw-mul\libc.a(lib_a-reallocr.o)
                0x00036b14                _realloc_r
 .text          0x00037110       0x44 f:/altera/13.1/nios2eds/bin/gnu/h-i686-mingw32/bin/../lib/gcc/nios2-elf/4.7.3/../../../../../H-i686-mingw32/nios2-elf/lib/mno-hw-mul\libc.a(lib_a-remove.o)
                0x00037110                _remove_r
                0x00037140                remove
 .text          0x00037154       0x38 f:/altera/13.1/nios2eds/bin/gnu/h-i686-mingw32/bin/../lib/gcc/nios2-elf/4.7.3/../../../../../H-i686-mingw32/nios2-elf/lib/mno-hw-mul\libc.a(lib_a-s_isinfd.o)
                0x00037154                __isinfd
 .text          0x0003718c       0x2c f:/altera/13.1/nios2eds/bin/gnu/h-i686-mingw32/bin/../lib/gcc/nios2-elf/4.7.3/../../../../../H-i686-mingw32/nios2-elf/lib/mno-hw-mul\libc.a(lib_a-s_isnand.o)
                0x0003718c                __isnand
 .text          0x000371b8       0xc4 f:/altera/13.1/nios2eds/bin/gnu/h-i686-mingw32/bin/../lib/gcc/nios2-elf/4.7.3/../../../../../H-i686-mingw32/nios2-elf/lib/mno-hw-mul\libc.a(lib_a-sccl.o)
                0x000371b8                __sccl
 .text          0x0003727c        0x8 f:/altera/13.1/nios2eds/bin/gnu/h-i686-mingw32/bin/../lib/gcc/nios2-elf/4.7.3/../../../../../H-i686-mingw32/nios2-elf/lib/mno-hw-mul\libc.a(lib_a-sf_nan.o)
                0x0003727c                nanf
 .text          0x00037284       0x6c f:/altera/13.1/nios2eds/bin/gnu/h-i686-mingw32/bin/../lib/gcc/nios2-elf/4.7.3/../../../../../H-i686-mingw32/nios2-elf/lib/mno-hw-mul\libc.a(lib_a-signalr.o)
                0x00037284                _kill_r
                0x000372ec                _getpid_r
 .text          0x000372f0     0x1684 f:/altera/13.1/nios2eds/bin/gnu/h-i686-mingw32/bin/../lib/gcc/nios2-elf/4.7.3/../../../../../H-i686-mingw32/nios2-elf/lib/mno-hw-mul\libc.a(lib_a-strtod.o)
                0x000372f0                _strtod_r
                0x00038838                strtod
                0x00038854                strtof
 .text          0x00038974      0x29c f:/altera/13.1/nios2eds/bin/gnu/h-i686-mingw32/bin/../lib/gcc/nios2-elf/4.7.3/../../../../../H-i686-mingw32/nios2-elf/lib/mno-hw-mul\libc.a(lib_a-strtol.o)
                0x00038974                _strtol_r
                0x00038bec                strtol
 .text          0x00038c10      0x330 f:/altera/13.1/nios2eds/bin/gnu/h-i686-mingw32/bin/../lib/gcc/nios2-elf/4.7.3/../../../../../H-i686-mingw32/nios2-elf/lib/mno-hw-mul\libc.a(lib_a-strtoll_r.o)
                0x00038c10                _strtoll_r
 .text          0x00038f40      0x2c8 f:/altera/13.1/nios2eds/bin/gnu/h-i686-mingw32/bin/../lib/gcc/nios2-elf/4.7.3/../../../../../H-i686-mingw32/nios2-elf/lib/mno-hw-mul\libc.a(lib_a-strtoul.o)
                0x00038f40                _strtoul_r
                0x000391e4                strtoul
 .text          0x00039208      0x394 f:/altera/13.1/nios2eds/bin/gnu/h-i686-mingw32/bin/../lib/gcc/nios2-elf/4.7.3/../../../../../H-i686-mingw32/nios2-elf/lib/mno-hw-mul\libc.a(lib_a-strtoull_r.o)
                0x00039208                _strtoull_r
 .text          0x0003959c      0x2a8 f:/altera/13.1/nios2eds/bin/gnu/h-i686-mingw32/bin/../lib/gcc/nios2-elf/4.7.3/../../../../../H-i686-mingw32/nios2-elf/lib/mno-hw-mul\libc.a(lib_a-ungetc.o)
                0x0003959c                __submore
                0x0003968c                _ungetc_r
                0x00039828                ungetc
 .text          0x00039844       0x64 f:/altera/13.1/nios2eds/bin/gnu/h-i686-mingw32/bin/../lib/gcc/nios2-elf/4.7.3/../../../../../H-i686-mingw32/nios2-elf/lib/mno-hw-mul\libc.a(lib_a-unlinkr.o)
                0x00039844                _unlink_r
 .text          0x000398a8       0xcc f:/altera/13.1/nios2eds/bin/gnu/h-i686-mingw32/bin/../lib/gcc/nios2-elf/4.7.3/../../../../../H-i686-mingw32/nios2-elf/lib/mno-hw-mul\libc.a(lib_a-callocr.o)
                0x000398a8                _calloc_r
 .text          0x00039974      0x918 f:/altera/13.1/nios2eds/bin/gnu/h-i686-mingw32/bin/../lib/gcc/nios2-elf/4.7.3/../../../../../H-i686-mingw32/nios2-elf/lib/mno-hw-mul\libc.a(lib_a-gdtoa-gethex.o)
                0x00039a84                __hexdig_init
                0x00039b14                __gethex
 .text          0x0003a28c      0x28c f:/altera/13.1/nios2eds/bin/gnu/h-i686-mingw32/bin/../lib/gcc/nios2-elf/4.7.3/../../../../../H-i686-mingw32/nios2-elf/lib/mno-hw-mul\libc.a(lib_a-gdtoa-hexnan.o)
                0x0003a28c                __hexnan
 .text          0x0003a518       0x84 f:/altera/13.1/nios2eds/bin/gnu/h-i686-mingw32/bin/../lib/gcc/nios2-elf/4.7.3/mno-hw-mul\libgcc.a(_fixunsdfsi.o)
                0x0003a518                __fixunsdfsi
 .text          0x0003a59c      0x650 f:/altera/13.1/nios2eds/bin/gnu/h-i686-mingw32/bin/../lib/gcc/nios2-elf/4.7.3/mno-hw-mul\libgcc.a(_udivdi3.o)
                0x0003a59c                __udivdi3
 .text          0x0003abec      0x628 f:/altera/13.1/nios2eds/bin/gnu/h-i686-mingw32/bin/../lib/gcc/nios2-elf/4.7.3/mno-hw-mul\libgcc.a(_umoddi3.o)
                0x0003abec                __umoddi3
 .text          0x0003b214       0x54 f:/altera/13.1/nios2eds/bin/gnu/h-i686-mingw32/bin/../lib/gcc/nios2-elf/4.7.3/mno-hw-mul\libgcc.a(_eq_sf.o)
                0x0003b214                __eqsf2
 .text          0x0003b268       0x5c f:/altera/13.1/nios2eds/bin/gnu/h-i686-mingw32/bin/../lib/gcc/nios2-elf/4.7.3/mno-hw-mul\libgcc.a(_gt_sf.o)
                0x0003b268                __gtsf2
 .text          0x0003b2c4       0x54 f:/altera/13.1/nios2eds/bin/gnu/h-i686-mingw32/bin/../lib/gcc/nios2-elf/4.7.3/mno-hw-mul\libgcc.a(_lt_sf.o)
                0x0003b2c4                __ltsf2
 .text          0x0003b318      0x408 f:/altera/13.1/nios2eds/bin/gnu/h-i686-mingw32/bin/../lib/gcc/nios2-elf/4.7.3/mno-hw-mul\libgcc.a(_addsub_df.o)
                0x0003b66c                __adddf3
                0x0003b6c0                __subdf3
 .text          0x0003b720       0x5c f:/altera/13.1/nios2eds/bin/gnu/h-i686-mingw32/bin/../lib/gcc/nios2-elf/4.7.3/mno-hw-mul\libgcc.a(_eq_df.o)
                0x0003b720                __eqdf2
 .text          0x0003b77c       0x5c f:/altera/13.1/nios2eds/bin/gnu/h-i686-mingw32/bin/../lib/gcc/nios2-elf/4.7.3/mno-hw-mul\libgcc.a(_ne_df.o)
                0x0003b77c                __nedf2
 .text          0x0003b7d8       0x64 f:/altera/13.1/nios2eds/bin/gnu/h-i686-mingw32/bin/../lib/gcc/nios2-elf/4.7.3/mno-hw-mul\libgcc.a(_gt_df.o)
                0x0003b7d8                __gtdf2
 .text          0x0003b83c       0x64 f:/altera/13.1/nios2eds/bin/gnu/h-i686-mingw32/bin/../lib/gcc/nios2-elf/4.7.3/mno-hw-mul\libgcc.a(_ge_df.o)
                0x0003b83c                __gedf2
 .text          0x0003b8a0       0x5c f:/altera/13.1/nios2eds/bin/gnu/h-i686-mingw32/bin/../lib/gcc/nios2-elf/4.7.3/mno-hw-mul\libgcc.a(_lt_df.o)
                0x0003b8a0                __ltdf2
 .text          0x0003b8fc       0x5c f:/altera/13.1/nios2eds/bin/gnu/h-i686-mingw32/bin/../lib/gcc/nios2-elf/4.7.3/mno-hw-mul\libgcc.a(_le_df.o)
                0x0003b8fc                __ledf2
 .text          0x0003b958       0xd4 f:/altera/13.1/nios2eds/bin/gnu/h-i686-mingw32/bin/../lib/gcc/nios2-elf/4.7.3/mno-hw-mul\libgcc.a(_si_to_df.o)
                0x0003b958                __floatsidf
 .text          0x0003ba2c       0xd4 f:/altera/13.1/nios2eds/bin/gnu/h-i686-mingw32/bin/../lib/gcc/nios2-elf/4.7.3/mno-hw-mul\libgcc.a(_df_to_si.o)
                0x0003ba2c                __fixdfsi
 .text          0x0003bb00       0xbc f:/altera/13.1/nios2eds/bin/gnu/h-i686-mingw32/bin/../lib/gcc/nios2-elf/4.7.3/mno-hw-mul\libgcc.a(_fpcmp_parts_sf.o)
                0x0003bb00                __fpcmp_parts_f
 .text          0x0003bbbc       0xd0 f:/altera/13.1/nios2eds/bin/gnu/h-i686-mingw32/bin/../lib/gcc/nios2-elf/4.7.3/mno-hw-mul\libgcc.a(_fpcmp_parts_df.o)
                0x0003bbbc                __fpcmp_parts_d
 .text          0x0003bc8c      0x11c ../JPEG_Encoder_bsp/\libhal_bsp.a(alt_close.o)
                0x0003bcdc                close
 .text          0x0003bda8       0x2c ../JPEG_Encoder_bsp/\libhal_bsp.a(alt_dev.o)
 .text          0x0003bdd4       0x40 ../JPEG_Encoder_bsp/\libhal_bsp.a(alt_env_lock.o)
                0x0003bdd4                __env_lock
                0x0003bdf4                __env_unlock
 .text          0x0003be14        0x0 ../JPEG_Encoder_bsp/\libhal_bsp.a(alt_errno.o)
 .text          0x0003be14       0x3c ../JPEG_Encoder_bsp/\libhal_bsp.a(alt_exit.o)
                0x0003be14                _exit
 .text          0x0003be50      0x100 ../JPEG_Encoder_bsp/\libhal_bsp.a(alt_fstat.o)
                0x0003bea0                fstat
 .text          0x0003bf50       0x20 ../JPEG_Encoder_bsp/\libhal_bsp.a(alt_getpid.o)
                0x0003bf50                getpid
 .text          0x0003bf70       0xf4 ../JPEG_Encoder_bsp/\libhal_bsp.a(alt_isatty.o)
                0x0003bfc0                isatty
 .text          0x0003c064      0x180 ../JPEG_Encoder_bsp/\libhal_bsp.a(alt_kill.o)
                0x0003c0b4                kill
 .text          0x0003c1e4       0xec ../JPEG_Encoder_bsp/\libhal_bsp.a(alt_load.o)
                0x0003c250                alt_load
 .text          0x0003c2d0      0x124 ../JPEG_Encoder_bsp/\libhal_bsp.a(alt_lseek.o)
                0x0003c320                lseek
 .text          0x0003c3f4       0x78 ../JPEG_Encoder_bsp/\libhal_bsp.a(alt_main.o)
                0x0003c3f4                alt_main
 .text          0x0003c46c       0x40 ../JPEG_Encoder_bsp/\libhal_bsp.a(alt_malloc_lock.o)
                0x0003c46c                __malloc_lock
                0x0003c48c                __malloc_unlock
 .text          0x0003c4ac      0x298 ../JPEG_Encoder_bsp/\libhal_bsp.a(alt_open.o)
                0x0003c5ec                open
 .text          0x0003c744      0x144 ../JPEG_Encoder_bsp/\libhal_bsp.a(alt_read.o)
                0x0003c794                read
 .text          0x0003c888       0x80 ../JPEG_Encoder_bsp/\libhal_bsp.a(alt_release_fd.o)
                0x0003c888                alt_release_fd
 .text          0x0003c908       0xb0 ../JPEG_Encoder_bsp/\libhal_bsp.a(alt_sbrk.o)
                0x0003c908                sbrk
 .text          0x0003c9b8       0x88 ../JPEG_Encoder_bsp/\libhal_bsp.a(alt_unlink.o)
                0x0003ca08                unlink
 .text          0x0003ca40      0x140 ../JPEG_Encoder_bsp/\libhal_bsp.a(alt_write.o)
                0x0003ca90                write
 .text          0x0003cb80       0xd4 ../JPEG_Encoder_bsp/\libhal_bsp.a(alt_sys_init.o)
                0x0003cbb8                alt_irq_init
                0x0003cbec                alt_sys_init
 .text          0x0003cc54      0x164 ../JPEG_Encoder_bsp/\libhal_bsp.a(altera_avalon_jtag_uart_fd.o)
                0x0003cc54                altera_avalon_jtag_uart_read_fd
                0x0003ccb4                altera_avalon_jtag_uart_write_fd
                0x0003cd14                altera_avalon_jtag_uart_close_fd
                0x0003cd64                altera_avalon_jtag_uart_ioctl_fd
 .text          0x0003cdb8      0x3d0 ../JPEG_Encoder_bsp/\libhal_bsp.a(altera_avalon_jtag_uart_init.o)
                0x0003cdb8                altera_avalon_jtag_uart_init
                0x0003d120                altera_avalon_jtag_uart_close
 .text          0x0003d188       0xf4 ../JPEG_Encoder_bsp/\libhal_bsp.a(altera_avalon_jtag_uart_ioctl.o)
                0x0003d188                altera_avalon_jtag_uart_ioctl
 .text          0x0003d27c      0x218 ../JPEG_Encoder_bsp/\libhal_bsp.a(altera_avalon_jtag_uart_read.o)
                0x0003d27c                altera_avalon_jtag_uart_read
 .text          0x0003d494      0x224 ../JPEG_Encoder_bsp/\libhal_bsp.a(altera_avalon_jtag_uart_write.o)
                0x0003d494                altera_avalon_jtag_uart_write
 .text          0x0003d6b8       0xfc ../JPEG_Encoder_bsp/\libhal_bsp.a(altera_avalon_timer_sc.o)
                0x0003d72c                alt_avalon_timer_sc_init
 .text          0x0003d7b4      0x628 ../JPEG_Encoder_bsp/\libhal_bsp.a(altera_hostfs.o)
                0x0003d7b4                alt_hostfs_open
                0x0003d920                alt_hostfs_close
                0x0003d98c                alt_hostfs_read
                0x0003da44                alt_hostfs_write
                0x0003dafc                alt_hostfs_seek
                0x0003dbb4                alt_hostfs_fstat
 .text          0x0003dddc      0x140 ../JPEG_Encoder_bsp/\libhal_bsp.a(alt_alarm_start.o)
                0x0003dddc                alt_alarm_start
 .text          0x0003df1c       0x1c ../JPEG_Encoder_bsp/\libhal_bsp.a(alt_dcache_flush_all.o)
                0x0003df1c                alt_dcache_flush_all
 .text          0x0003df38       0xf0 ../JPEG_Encoder_bsp/\libhal_bsp.a(alt_dev_llist_insert.o)
                0x0003df88                alt_dev_llist_insert
 .text          0x0003e028       0x5c ../JPEG_Encoder_bsp/\libhal_bsp.a(alt_do_ctors.o)
                0x0003e028                _do_ctors
 .text          0x0003e084       0x5c ../JPEG_Encoder_bsp/\libhal_bsp.a(alt_do_dtors.o)
                0x0003e084                _do_dtors
 .text          0x0003e0e0       0x90 ../JPEG_Encoder_bsp/\libhal_bsp.a(alt_find_dev.o)
                0x0003e0e0                alt_find_dev
 .text          0x0003e170      0x114 ../JPEG_Encoder_bsp/\libhal_bsp.a(alt_find_file.o)
                0x0003e170                alt_find_file
 .text          0x0003e284       0x84 ../JPEG_Encoder_bsp/\libhal_bsp.a(alt_fs_reg.o)
                0x0003e284                alt_fs_reg
 .text          0x0003e308       0xd4 ../JPEG_Encoder_bsp/\libhal_bsp.a(alt_get_fd.o)
                0x0003e308                alt_get_fd
 .text          0x0003e3dc       0x1c ../JPEG_Encoder_bsp/\libhal_bsp.a(alt_icache_flush_all.o)
                0x0003e3dc                alt_icache_flush_all
 .text          0x0003e3f8      0x1d8 ../JPEG_Encoder_bsp/\libhal_bsp.a(alt_iic.o)
                0x0003e3f8                alt_ic_isr_register
                0x0003e448                alt_ic_irq_enable
                0x0003e4e4                alt_ic_irq_disable
                0x0003e584                alt_ic_irq_enabled
 .text          0x0003e5d0       0xf0 ../JPEG_Encoder_bsp/\libhal_bsp.a(alt_iic_isr_register.o)
                0x0003e5d0                alt_iic_isr_register
 .text          0x0003e6c0      0x158 ../JPEG_Encoder_bsp/\libhal_bsp.a(alt_io_redirect.o)
                0x0003e7a0                alt_io_redirect
 .text          0x0003e818        0x0 ../JPEG_Encoder_bsp/\libhal_bsp.a(alt_irq_entry.o)
 .text          0x0003e818        0x0 ../JPEG_Encoder_bsp/\libhal_bsp.a(alt_irq_handler.o)
 .text          0x0003e818        0x0 ../JPEG_Encoder_bsp/\libhal_bsp.a(alt_irq_vars.o)
 .text          0x0003e818      0x19c ../JPEG_Encoder_bsp/\libhal_bsp.a(alt_tick.o)
                0x0003e818                alt_alarm_stop
                0x0003e8b0                alt_tick
 .text          0x0003e9b4       0x20 ../JPEG_Encoder_bsp/\libhal_bsp.a(altera_nios2_qsys_irq.o)
                0x0003e9b4                altera_nios2_qsys_irq_init
 .text          0x0003e9d4        0x0 ../JPEG_Encoder_bsp/\libhal_bsp.a(alt_exception_entry.o)
 .text          0x0003e9d4       0x14 f:/altera/13.1/nios2eds/bin/gnu/h-i686-mingw32/bin/../lib/gcc/nios2-elf/4.7.3/../../../../../H-i686-mingw32/nios2-elf/lib/mno-hw-mul\libc.a(lib_a-atexit.o)
                0x0003e9d4                atexit
 .text          0x0003e9e8       0x7c f:/altera/13.1/nios2eds/bin/gnu/h-i686-mingw32/bin/../lib/gcc/nios2-elf/4.7.3/../../../../../H-i686-mingw32/nios2-elf/lib/mno-hw-mul\libc.a(lib_a-memcmp.o)
                0x0003e9e8                memcmp
 .text          0x0003ea64      0x130 f:/altera/13.1/nios2eds/bin/gnu/h-i686-mingw32/bin/../lib/gcc/nios2-elf/4.7.3/../../../../../H-i686-mingw32/nios2-elf/lib/mno-hw-mul\libc.a(lib_a-__atexit.o)
                0x0003ea64                __register_exitproc
 *(.gnu.warning.*)
 *(.fini)
                0x0003eb94                PROVIDE (__etext, ABSOLUTE (.))
                0x0003eb94                PROVIDE (_etext, ABSOLUTE (.))
                0x0003eb94                PROVIDE (etext, ABSOLUTE (.))
 *(.eh_frame_hdr)
                0x0003eb94                . = ALIGN (0x4)
                0x0003eb94                PROVIDE (__preinit_array_start, ABSOLUTE (.))
 *(.preinit_array)
                0x0003eb94                PROVIDE (__preinit_array_end, ABSOLUTE (.))
                0x0003eb94                PROVIDE (__init_array_start, ABSOLUTE (.))
 *(.init_array)
                0x0003eb94                PROVIDE (__init_array_end, ABSOLUTE (.))
                0x0003eb94                PROVIDE (__fini_array_start, ABSOLUTE (.))
 *(.fini_array)
                0x0003eb94                PROVIDE (__fini_array_end, ABSOLUTE (.))
 *(.eh_frame)
 *(.gcc_except_table .gcc_except_table.*)
 *(.dynamic)
                0x0003eb94                PROVIDE (__CTOR_LIST__, ABSOLUTE (.))
 *(.ctors)
 *(SORT(.ctors.*))
                0x0003eb94                PROVIDE (__CTOR_END__, ABSOLUTE (.))
                0x0003eb94                PROVIDE (__DTOR_LIST__, ABSOLUTE (.))
 *(.dtors)
 *(SORT(.dtors.*))
                0x0003eb94                PROVIDE (__DTOR_END__, ABSOLUTE (.))
 *(.jcr)
                0x0003eb94                . = ALIGN (0x4)

.rodata         0x0003eb94     0x28b4
                0x0003eb94                PROVIDE (__ram_rodata_start, ABSOLUTE (.))
                0x0003eb94                . = ALIGN (0x4)
 *(.rodata .rodata.* .gnu.linkonce.r.*)
 .rodata        0x0003eb94       0xc0 obj/default/application/bmp_extract.o
 .rodata        0x0003ec54       0x14 obj/default/application/jpeg_encoding.o
 .rodata        0x0003ec68      0x1c8 obj/default/application/jpegclib/jaricom.o
                0x0003ec68                jpeg_aritab
 .rodata        0x0003ee30       0xc0 obj/default/application/jpegclib/jcdctmgr.o
 .rodata        0x0003eef0      0x3a0 obj/default/application/jpegclib/jcparam.o
 .rodata        0x0003f290     0x1514 obj/default/application/jpegclib/jerror.o
                0x000405a0                jpeg_std_message_table
 .rodata        0x000407a4        0x4 obj/default/application/jpegclib/jmemansi.o
 .rodata        0x000407a8       0x10 obj/default/application/jpegclib/jmemmgr.o
 .rodata        0x000407b8      0x10c obj/default/application/jpegclib/jquant1.o
 .rodata        0x000408c4      0x4ec obj/default/application/jpegclib/jutils.o
                0x000408c4                jpeg_natural_order
                0x00040a04                jpeg_natural_order7
                0x00040b08                jpeg_natural_order6
                0x00040bd8                jpeg_natural_order5
                0x00040c7c                jpeg_natural_order4
                0x00040cfc                jpeg_natural_order3
                0x00040d60                jpeg_natural_order2
 .rodata        0x00040db0       0x38 obj/default/jpeg_encoder.o
 .rodata        0x00040de8       0x10 f:/altera/13.1/nios2eds/bin/gnu/h-i686-mingw32/bin/../lib/gcc/nios2-elf/4.7.3/mno-hw-mul\libgcc.a(_thenan_sf.o)
                0x00040de8                __thenan_sf
 .rodata        0x00040df8       0x14 f:/altera/13.1/nios2eds/bin/gnu/h-i686-mingw32/bin/../lib/gcc/nios2-elf/4.7.3/mno-hw-mul\libgcc.a(_thenan_df.o)
                0x00040df8                __thenan_df
 .rodata        0x00040e0c      0x100 f:/altera/13.1/nios2eds/bin/gnu/h-i686-mingw32/bin/../lib/gcc/nios2-elf/4.7.3/mno-hw-mul\libgcc.a(_clz.o)
                0x00040e0c                __clz_tab
 .rodata        0x00040f0c      0x281 f:/altera/13.1/nios2eds/bin/gnu/h-i686-mingw32/bin/../lib/gcc/nios2-elf/4.7.3/../../../../../H-i686-mingw32/nios2-elf/lib/mno-hw-mul\libc.a(lib_a-ctype_.o)
                0x00040f0c                _ctype_
 *fill*         0x0004118d        0x3 
 .rodata.str1.4
                0x00041190        0x2 f:/altera/13.1/nios2eds/bin/gnu/h-i686-mingw32/bin/../lib/gcc/nios2-elf/4.7.3/../../../../../H-i686-mingw32/nios2-elf/lib/mno-hw-mul\libc.a(lib_a-impure.o)
                                  0x4 (size before relaxing)
 *fill*         0x00041192        0x2 
 .rodata.str1.4
                0x00041194        0x2 f:/altera/13.1/nios2eds/bin/gnu/h-i686-mingw32/bin/../lib/gcc/nios2-elf/4.7.3/../../../../../H-i686-mingw32/nios2-elf/lib/mno-hw-mul\libc.a(lib_a-puts.o)
                                  0x4 (size before relaxing)
 *fill*         0x00041196        0x2 
 .rodata.str1.4
                0x00041198        0x4 f:/altera/13.1/nios2eds/bin/gnu/h-i686-mingw32/bin/../lib/gcc/nios2-elf/4.7.3/../../../../../H-i686-mingw32/nios2-elf/lib/mno-hw-mul\libc.a(lib_a-tmpfile.o)
 .rodata.str1.4
                0x0004119c       0x1f f:/altera/13.1/nios2eds/bin/gnu/h-i686-mingw32/bin/../lib/gcc/nios2-elf/4.7.3/../../../../../H-i686-mingw32/nios2-elf/lib/mno-hw-mul\libc.a(lib_a-tmpnam.o)
                                 0x24 (size before relaxing)
 *fill*         0x000411bb        0x1 
 .rodata.str1.4
                0x000411bc       0x42 f:/altera/13.1/nios2eds/bin/gnu/h-i686-mingw32/bin/../lib/gcc/nios2-elf/4.7.3/../../../../../H-i686-mingw32/nios2-elf/lib/mno-hw-mul\libc.a(lib_a-vfprintf.o)
                                 0x44 (size before relaxing)
 .rodata        0x000411fe       0x20 f:/altera/13.1/nios2eds/bin/gnu/h-i686-mingw32/bin/../lib/gcc/nios2-elf/4.7.3/../../../../../H-i686-mingw32/nios2-elf/lib/mno-hw-mul\libc.a(lib_a-vfprintf.o)
 *fill*         0x0004121e        0x2 
 .rodata.str1.4
                0x00041220        0x5 f:/altera/13.1/nios2eds/bin/gnu/h-i686-mingw32/bin/../lib/gcc/nios2-elf/4.7.3/../../../../../H-i686-mingw32/nios2-elf/lib/mno-hw-mul\libc.a(lib_a-vfscanf.o)
                                  0x8 (size before relaxing)
 *fill*         0x00041225        0x1 
 .rodata        0x00041226       0x22 f:/altera/13.1/nios2eds/bin/gnu/h-i686-mingw32/bin/../lib/gcc/nios2-elf/4.7.3/../../../../../H-i686-mingw32/nios2-elf/lib/mno-hw-mul\libc.a(lib_a-vfscanf.o)
 .rodata.str1.4
                0x00041248       0x10 f:/altera/13.1/nios2eds/bin/gnu/h-i686-mingw32/bin/../lib/gcc/nios2-elf/4.7.3/../../../../../H-i686-mingw32/nios2-elf/lib/mno-hw-mul\libc.a(lib_a-dtoa.o)
                                 0x14 (size before relaxing)
 .rodata.str1.4
                0x00041258        0xe f:/altera/13.1/nios2eds/bin/gnu/h-i686-mingw32/bin/../lib/gcc/nios2-elf/4.7.3/../../../../../H-i686-mingw32/nios2-elf/lib/mno-hw-mul\libc.a(lib_a-locale.o)
                                 0x18 (size before relaxing)
 *fill*         0x00041266        0x2 
 .rodata        0x00041268       0x30 f:/altera/13.1/nios2eds/bin/gnu/h-i686-mingw32/bin/../lib/gcc/nios2-elf/4.7.3/../../../../../H-i686-mingw32/nios2-elf/lib/mno-hw-mul\libc.a(lib_a-locale.o)
 .rodata.str1.4
                0x00000000        0x4 f:/altera/13.1/nios2eds/bin/gnu/h-i686-mingw32/bin/../lib/gcc/nios2-elf/4.7.3/../../../../../H-i686-mingw32/nios2-elf/lib/mno-hw-mul\libc.a(lib_a-mbrtowc.o)
 .rodata        0x00041298      0x124 f:/altera/13.1/nios2eds/bin/gnu/h-i686-mingw32/bin/../lib/gcc/nios2-elf/4.7.3/../../../../../H-i686-mingw32/nios2-elf/lib/mno-hw-mul\libc.a(lib_a-mprec.o)
                0x00041298                __mprec_tinytens
                0x000412c0                __mprec_bigtens
                0x000412e8                __mprec_tens
 .rodata.str1.4
                0x000413bc        0xf f:/altera/13.1/nios2eds/bin/gnu/h-i686-mingw32/bin/../lib/gcc/nios2-elf/4.7.3/../../../../../H-i686-mingw32/nios2-elf/lib/mno-hw-mul\libc.a(lib_a-strtod.o)
                                 0x10 (size before relaxing)
 *fill*         0x000413cb        0x1 
 .rodata        0x000413cc       0x28 f:/altera/13.1/nios2eds/bin/gnu/h-i686-mingw32/bin/../lib/gcc/nios2-elf/4.7.3/../../../../../H-i686-mingw32/nios2-elf/lib/mno-hw-mul\libc.a(lib_a-strtod.o)
 .rodata.str1.4
                0x000413f4       0x1c f:/altera/13.1/nios2eds/bin/gnu/h-i686-mingw32/bin/../lib/gcc/nios2-elf/4.7.3/../../../../../H-i686-mingw32/nios2-elf/lib/mno-hw-mul\libc.a(lib_a-gdtoa-gethex.o)
 .rodata        0x00041410        0xc ../JPEG_Encoder_bsp/\libhal_bsp.a(alt_dev.o)
 .rodata        0x0004141c       0x10 ../JPEG_Encoder_bsp/\libhal_bsp.a(alt_main.o)
 .rodata        0x0004142c       0x1c ../JPEG_Encoder_bsp/\libhal_bsp.a(alt_sys_init.o)
 *(.rodata1)
                0x00041448                . = ALIGN (0x4)
                0x00041448                PROVIDE (__ram_rodata_end, ABSOLUTE (.))
                0x0003eb94                PROVIDE (__flash_rodata_start, LOADADDR (.rodata))

.rwdata         0x00041448     0x1b08 load address 0x00042f50
                0x00041448                PROVIDE (__ram_rwdata_start, ABSOLUTE (.))
                0x00041448                . = ALIGN (0x4)
 *(.got.plt)
 *(.got)
 *(.data1)
 *(.data .data.* .gnu.linkonce.d.*)
 .data          0x00041448        0x0 ../JPEG_Encoder_bsp//obj/HAL/src/crt0.o
 .data          0x00041448        0x0 obj/default/application/bmp_extract.o
 .data          0x00041448        0x0 obj/default/application/jpeg_encoding.o
 .data          0x00041448        0x0 obj/default/application/jpegclib/cdjpeg.o
 .data          0x00041448        0x0 obj/default/application/jpegclib/jaricom.o
 .data          0x00041448        0x0 obj/default/application/jpegclib/jcapimin.o
 .data          0x00041448        0x0 obj/default/application/jpegclib/jcapistd.o
 .data          0x00041448        0x0 obj/default/application/jpegclib/jcarith.o
 .data          0x00041448        0x0 obj/default/application/jpegclib/jccoefct.o
 .data          0x00041448        0x0 obj/default/application/jpegclib/jccolor.o
 .data          0x00041448        0x0 obj/default/application/jpegclib/jcdctmgr.o
 .data          0x00041448        0x0 obj/default/application/jpegclib/jchuff.o
 .data          0x00041448        0x0 obj/default/application/jpegclib/jcinit.o
 .data          0x00041448        0x0 obj/default/application/jpegclib/jcmainct.o
 .data          0x00041448        0x0 obj/default/application/jpegclib/jcmarker.o
 .data          0x00041448        0x0 obj/default/application/jpegclib/jcmaster.o
 .data          0x00041448        0x0 obj/default/application/jpegclib/jcomapi.o
 .data          0x00041448        0x0 obj/default/application/jpegclib/jcparam.o
 .data          0x00041448        0x0 obj/default/application/jpegclib/jcprepct.o
 .data          0x00041448        0x0 obj/default/application/jpegclib/jcsample.o
 .data          0x00041448        0x0 obj/default/application/jpegclib/jctrans.o
 .data          0x00041448        0x0 obj/default/application/jpegclib/jdatadst.o
 .data          0x00041448        0x0 obj/default/application/jpegclib/jerror.o
 .data          0x00041448        0x0 obj/default/application/jpegclib/jfdctflt.o
 .data          0x00041448        0x0 obj/default/application/jpegclib/jfdctfst.o
 .data          0x00041448        0x0 obj/default/application/jpegclib/jfdctint.o
 .data          0x00041448        0x0 obj/default/application/jpegclib/jidctflt.o
 .data          0x00041448        0x0 obj/default/application/jpegclib/jidctfst.o
 .data          0x00041448        0x0 obj/default/application/jpegclib/jidctint.o
 .data          0x00041448        0x0 obj/default/application/jpegclib/jmemansi.o
 .data          0x00041448        0x0 obj/default/application/jpegclib/jmemmgr.o
 .data          0x00041448        0x0 obj/default/application/jpegclib/jquant1.o
 .data          0x00041448        0x0 obj/default/application/jpegclib/jquant2.o
 .data          0x00041448        0x0 obj/default/application/jpegclib/jutils.o
 .data          0x00041448        0x0 obj/default/jpeg_encoder.o
 .data          0x00041448        0x0 f:/altera/13.1/nios2eds/bin/gnu/h-i686-mingw32/bin/../lib/gcc/nios2-elf/4.7.3/mno-hw-mul\libgcc.a(_addsub_sf.o)
 .data          0x00041448        0x0 f:/altera/13.1/nios2eds/bin/gnu/h-i686-mingw32/bin/../lib/gcc/nios2-elf/4.7.3/mno-hw-mul\libgcc.a(_mul_sf.o)
 .data          0x00041448        0x0 f:/altera/13.1/nios2eds/bin/gnu/h-i686-mingw32/bin/../lib/gcc/nios2-elf/4.7.3/mno-hw-mul\libgcc.a(_si_to_sf.o)
 .data          0x00041448        0x0 f:/altera/13.1/nios2eds/bin/gnu/h-i686-mingw32/bin/../lib/gcc/nios2-elf/4.7.3/mno-hw-mul\libgcc.a(_sf_to_si.o)
 .data          0x00041448        0x0 f:/altera/13.1/nios2eds/bin/gnu/h-i686-mingw32/bin/../lib/gcc/nios2-elf/4.7.3/mno-hw-mul\libgcc.a(_thenan_sf.o)
 .data          0x00041448        0x0 f:/altera/13.1/nios2eds/bin/gnu/h-i686-mingw32/bin/../lib/gcc/nios2-elf/4.7.3/mno-hw-mul\libgcc.a(_mul_df.o)
 .data          0x00041448        0x0 f:/altera/13.1/nios2eds/bin/gnu/h-i686-mingw32/bin/../lib/gcc/nios2-elf/4.7.3/mno-hw-mul\libgcc.a(_div_df.o)
 .data          0x00041448        0x0 f:/altera/13.1/nios2eds/bin/gnu/h-i686-mingw32/bin/../lib/gcc/nios2-elf/4.7.3/mno-hw-mul\libgcc.a(_df_to_sf.o)
 .data          0x00041448        0x0 f:/altera/13.1/nios2eds/bin/gnu/h-i686-mingw32/bin/../lib/gcc/nios2-elf/4.7.3/mno-hw-mul\libgcc.a(_thenan_df.o)
 .data          0x00041448        0x0 f:/altera/13.1/nios2eds/bin/gnu/h-i686-mingw32/bin/../lib/gcc/nios2-elf/4.7.3/mno-hw-mul\libgcc.a(_usi_to_df.o)
 .data          0x00041448        0x0 f:/altera/13.1/nios2eds/bin/gnu/h-i686-mingw32/bin/../lib/gcc/nios2-elf/4.7.3/mno-hw-mul\libgcc.a(lib2-divmod.o)
 .data          0x00041448        0x0 f:/altera/13.1/nios2eds/bin/gnu/h-i686-mingw32/bin/../lib/gcc/nios2-elf/4.7.3/mno-hw-mul\libgcc.a(lib2-mul.o)
 .data          0x00041448        0x0 f:/altera/13.1/nios2eds/bin/gnu/h-i686-mingw32/bin/../lib/gcc/nios2-elf/4.7.3/mno-hw-mul\libgcc.a(_muldi3.o)
 .data          0x00041448        0x0 f:/altera/13.1/nios2eds/bin/gnu/h-i686-mingw32/bin/../lib/gcc/nios2-elf/4.7.3/mno-hw-mul\libgcc.a(_clzsi2.o)
 .data          0x00041448        0x0 f:/altera/13.1/nios2eds/bin/gnu/h-i686-mingw32/bin/../lib/gcc/nios2-elf/4.7.3/mno-hw-mul\libgcc.a(_pack_sf.o)
 .data          0x00041448        0x0 f:/altera/13.1/nios2eds/bin/gnu/h-i686-mingw32/bin/../lib/gcc/nios2-elf/4.7.3/mno-hw-mul\libgcc.a(_unpack_sf.o)
 .data          0x00041448        0x0 f:/altera/13.1/nios2eds/bin/gnu/h-i686-mingw32/bin/../lib/gcc/nios2-elf/4.7.3/mno-hw-mul\libgcc.a(_make_sf.o)
 .data          0x00041448        0x0 f:/altera/13.1/nios2eds/bin/gnu/h-i686-mingw32/bin/../lib/gcc/nios2-elf/4.7.3/mno-hw-mul\libgcc.a(_pack_df.o)
 .data          0x00041448        0x0 f:/altera/13.1/nios2eds/bin/gnu/h-i686-mingw32/bin/../lib/gcc/nios2-elf/4.7.3/mno-hw-mul\libgcc.a(_unpack_df.o)
 .data          0x00041448        0x0 f:/altera/13.1/nios2eds/bin/gnu/h-i686-mingw32/bin/../lib/gcc/nios2-elf/4.7.3/mno-hw-mul\libgcc.a(_lshrdi3.o)
 .data          0x00041448        0x0 f:/altera/13.1/nios2eds/bin/gnu/h-i686-mingw32/bin/../lib/gcc/nios2-elf/4.7.3/mno-hw-mul\libgcc.a(_ashldi3.o)
 .data          0x00041448        0x0 f:/altera/13.1/nios2eds/bin/gnu/h-i686-mingw32/bin/../lib/gcc/nios2-elf/4.7.3/mno-hw-mul\libgcc.a(_clz.o)
 .data          0x00041448        0x0 f:/altera/13.1/nios2eds/bin/gnu/h-i686-mingw32/bin/../lib/gcc/nios2-elf/4.7.3/../../../../../H-i686-mingw32/nios2-elf/lib/mno-hw-mul\libc.a(lib_a-ctype_.o)
 .data          0x00041448        0x0 f:/altera/13.1/nios2eds/bin/gnu/h-i686-mingw32/bin/../lib/gcc/nios2-elf/4.7.3/../../../../../H-i686-mingw32/nios2-elf/lib/mno-hw-mul\libc.a(lib_a-exit.o)
 .data          0x00041448        0x0 f:/altera/13.1/nios2eds/bin/gnu/h-i686-mingw32/bin/../lib/gcc/nios2-elf/4.7.3/../../../../../H-i686-mingw32/nios2-elf/lib/mno-hw-mul\libc.a(lib_a-fclose.o)
 .data          0x00041448        0x0 f:/altera/13.1/nios2eds/bin/gnu/h-i686-mingw32/bin/../lib/gcc/nios2-elf/4.7.3/../../../../../H-i686-mingw32/nios2-elf/lib/mno-hw-mul\libc.a(lib_a-fflush.o)
 .data          0x00041448        0x0 f:/altera/13.1/nios2eds/bin/gnu/h-i686-mingw32/bin/../lib/gcc/nios2-elf/4.7.3/../../../../../H-i686-mingw32/nios2-elf/lib/mno-hw-mul\libc.a(lib_a-findfp.o)
 .data          0x00041448        0x0 f:/altera/13.1/nios2eds/bin/gnu/h-i686-mingw32/bin/../lib/gcc/nios2-elf/4.7.3/../../../../../H-i686-mingw32/nios2-elf/lib/mno-hw-mul\libc.a(lib_a-fopen.o)
 .data          0x00041448        0x0 f:/altera/13.1/nios2eds/bin/gnu/h-i686-mingw32/bin/../lib/gcc/nios2-elf/4.7.3/../../../../../H-i686-mingw32/nios2-elf/lib/mno-hw-mul\libc.a(lib_a-fprintf.o)
 .data          0x00041448        0x0 f:/altera/13.1/nios2eds/bin/gnu/h-i686-mingw32/bin/../lib/gcc/nios2-elf/4.7.3/../../../../../H-i686-mingw32/nios2-elf/lib/mno-hw-mul\libc.a(lib_a-fread.o)
 .data          0x00041448        0x0 f:/altera/13.1/nios2eds/bin/gnu/h-i686-mingw32/bin/../lib/gcc/nios2-elf/4.7.3/../../../../../H-i686-mingw32/nios2-elf/lib/mno-hw-mul\libc.a(lib_a-freer.o)
 .data          0x00041448        0x0 f:/altera/13.1/nios2eds/bin/gnu/h-i686-mingw32/bin/../lib/gcc/nios2-elf/4.7.3/../../../../../H-i686-mingw32/nios2-elf/lib/mno-hw-mul\libc.a(lib_a-fseek.o)
 .data          0x00041448        0x0 f:/altera/13.1/nios2eds/bin/gnu/h-i686-mingw32/bin/../lib/gcc/nios2-elf/4.7.3/../../../../../H-i686-mingw32/nios2-elf/lib/mno-hw-mul\libc.a(lib_a-fstatr.o)
 .data          0x00041448        0x0 f:/altera/13.1/nios2eds/bin/gnu/h-i686-mingw32/bin/../lib/gcc/nios2-elf/4.7.3/../../../../../H-i686-mingw32/nios2-elf/lib/mno-hw-mul\libc.a(lib_a-ftell.o)
 .data          0x00041448        0x0 f:/altera/13.1/nios2eds/bin/gnu/h-i686-mingw32/bin/../lib/gcc/nios2-elf/4.7.3/../../../../../H-i686-mingw32/nios2-elf/lib/mno-hw-mul\libc.a(lib_a-fwalk.o)
 .data          0x00041448        0x0 f:/altera/13.1/nios2eds/bin/gnu/h-i686-mingw32/bin/../lib/gcc/nios2-elf/4.7.3/../../../../../H-i686-mingw32/nios2-elf/lib/mno-hw-mul\libc.a(lib_a-fwrite.o)
 .data          0x00041448        0x0 f:/altera/13.1/nios2eds/bin/gnu/h-i686-mingw32/bin/../lib/gcc/nios2-elf/4.7.3/../../../../../H-i686-mingw32/nios2-elf/lib/mno-hw-mul\libc.a(lib_a-getenv.o)
 .data          0x00041448        0x0 f:/altera/13.1/nios2eds/bin/gnu/h-i686-mingw32/bin/../lib/gcc/nios2-elf/4.7.3/../../../../../H-i686-mingw32/nios2-elf/lib/mno-hw-mul\libc.a(lib_a-getenv_r.o)
 .data          0x00041448      0x400 f:/altera/13.1/nios2eds/bin/gnu/h-i686-mingw32/bin/../lib/gcc/nios2-elf/4.7.3/../../../../../H-i686-mingw32/nios2-elf/lib/mno-hw-mul\libc.a(lib_a-impure.o)
 .data          0x00041848        0x0 f:/altera/13.1/nios2eds/bin/gnu/h-i686-mingw32/bin/../lib/gcc/nios2-elf/4.7.3/../../../../../H-i686-mingw32/nios2-elf/lib/mno-hw-mul\libc.a(lib_a-int_errno.o)
 .data          0x00041848        0x0 f:/altera/13.1/nios2eds/bin/gnu/h-i686-mingw32/bin/../lib/gcc/nios2-elf/4.7.3/../../../../../H-i686-mingw32/nios2-elf/lib/mno-hw-mul\libc.a(lib_a-makebuf.o)
 .data          0x00041848        0x0 f:/altera/13.1/nios2eds/bin/gnu/h-i686-mingw32/bin/../lib/gcc/nios2-elf/4.7.3/../../../../../H-i686-mingw32/nios2-elf/lib/mno-hw-mul\libc.a(lib_a-malloc.o)
 .data          0x00041848      0x408 f:/altera/13.1/nios2eds/bin/gnu/h-i686-mingw32/bin/../lib/gcc/nios2-elf/4.7.3/../../../../../H-i686-mingw32/nios2-elf/lib/mno-hw-mul\libc.a(lib_a-mallocr.o)
                0x00041848                __malloc_av_
 .data          0x00041c50        0x0 f:/altera/13.1/nios2eds/bin/gnu/h-i686-mingw32/bin/../lib/gcc/nios2-elf/4.7.3/../../../../../H-i686-mingw32/nios2-elf/lib/mno-hw-mul\libc.a(lib_a-memcpy.o)
 .data          0x00041c50        0x0 f:/altera/13.1/nios2eds/bin/gnu/h-i686-mingw32/bin/../lib/gcc/nios2-elf/4.7.3/../../../../../H-i686-mingw32/nios2-elf/lib/mno-hw-mul\libc.a(lib_a-memset.o)
 .data          0x00041c50        0x0 f:/altera/13.1/nios2eds/bin/gnu/h-i686-mingw32/bin/../lib/gcc/nios2-elf/4.7.3/../../../../../H-i686-mingw32/nios2-elf/lib/mno-hw-mul\libc.a(lib_a-openr.o)
 .data          0x00041c50        0x0 f:/altera/13.1/nios2eds/bin/gnu/h-i686-mingw32/bin/../lib/gcc/nios2-elf/4.7.3/../../../../../H-i686-mingw32/nios2-elf/lib/mno-hw-mul\libc.a(lib_a-printf.o)
 .data          0x00041c50        0x0 f:/altera/13.1/nios2eds/bin/gnu/h-i686-mingw32/bin/../lib/gcc/nios2-elf/4.7.3/../../../../../H-i686-mingw32/nios2-elf/lib/mno-hw-mul\libc.a(lib_a-puts.o)
 .data          0x00041c50        0x0 f:/altera/13.1/nios2eds/bin/gnu/h-i686-mingw32/bin/../lib/gcc/nios2-elf/4.7.3/../../../../../H-i686-mingw32/nios2-elf/lib/mno-hw-mul\libc.a(lib_a-refill.o)
 .data          0x00041c50        0x0 f:/altera/13.1/nios2eds/bin/gnu/h-i686-mingw32/bin/../lib/gcc/nios2-elf/4.7.3/../../../../../H-i686-mingw32/nios2-elf/lib/mno-hw-mul\libc.a(lib_a-rewind.o)
 .data          0x00041c50        0x0 f:/altera/13.1/nios2eds/bin/gnu/h-i686-mingw32/bin/../lib/gcc/nios2-elf/4.7.3/../../../../../H-i686-mingw32/nios2-elf/lib/mno-hw-mul\libc.a(lib_a-sbrkr.o)
 .data          0x00041c50        0x0 f:/altera/13.1/nios2eds/bin/gnu/h-i686-mingw32/bin/../lib/gcc/nios2-elf/4.7.3/../../../../../H-i686-mingw32/nios2-elf/lib/mno-hw-mul\libc.a(lib_a-scanf.o)
 .data          0x00041c50        0x0 f:/altera/13.1/nios2eds/bin/gnu/h-i686-mingw32/bin/../lib/gcc/nios2-elf/4.7.3/../../../../../H-i686-mingw32/nios2-elf/lib/mno-hw-mul\libc.a(lib_a-sprintf.o)
 .data          0x00041c50        0x0 f:/altera/13.1/nios2eds/bin/gnu/h-i686-mingw32/bin/../lib/gcc/nios2-elf/4.7.3/../../../../../H-i686-mingw32/nios2-elf/lib/mno-hw-mul\libc.a(lib_a-sscanf.o)
 .data          0x00041c50        0x0 f:/altera/13.1/nios2eds/bin/gnu/h-i686-mingw32/bin/../lib/gcc/nios2-elf/4.7.3/../../../../../H-i686-mingw32/nios2-elf/lib/mno-hw-mul\libc.a(lib_a-stdio.o)
 .data          0x00041c50        0x0 f:/altera/13.1/nios2eds/bin/gnu/h-i686-mingw32/bin/../lib/gcc/nios2-elf/4.7.3/../../../../../H-i686-mingw32/nios2-elf/lib/mno-hw-mul\libc.a(lib_a-strcat.o)
 .data          0x00041c50        0x0 f:/altera/13.1/nios2eds/bin/gnu/h-i686-mingw32/bin/../lib/gcc/nios2-elf/4.7.3/../../../../../H-i686-mingw32/nios2-elf/lib/mno-hw-mul\libc.a(lib_a-strcmp.o)
 .data          0x00041c50        0x0 f:/altera/13.1/nios2eds/bin/gnu/h-i686-mingw32/bin/../lib/gcc/nios2-elf/4.7.3/../../../../../H-i686-mingw32/nios2-elf/lib/mno-hw-mul\libc.a(lib_a-strcpy.o)
 .data          0x00041c50        0x0 f:/altera/13.1/nios2eds/bin/gnu/h-i686-mingw32/bin/../lib/gcc/nios2-elf/4.7.3/../../../../../H-i686-mingw32/nios2-elf/lib/mno-hw-mul\libc.a(lib_a-strlen.o)
 .data          0x00041c50        0x0 f:/altera/13.1/nios2eds/bin/gnu/h-i686-mingw32/bin/../lib/gcc/nios2-elf/4.7.3/../../../../../H-i686-mingw32/nios2-elf/lib/mno-hw-mul\libc.a(lib_a-strncmp.o)
 .data          0x00041c50        0x0 f:/altera/13.1/nios2eds/bin/gnu/h-i686-mingw32/bin/../lib/gcc/nios2-elf/4.7.3/../../../../../H-i686-mingw32/nios2-elf/lib/mno-hw-mul\libc.a(lib_a-strncpy.o)
 .data          0x00041c50        0x0 f:/altera/13.1/nios2eds/bin/gnu/h-i686-mingw32/bin/../lib/gcc/nios2-elf/4.7.3/../../../../../H-i686-mingw32/nios2-elf/lib/mno-hw-mul\libc.a(lib_a-tmpfile.o)
 .data          0x00041c50        0x0 f:/altera/13.1/nios2eds/bin/gnu/h-i686-mingw32/bin/../lib/gcc/nios2-elf/4.7.3/../../../../../H-i686-mingw32/nios2-elf/lib/mno-hw-mul\libc.a(lib_a-tmpnam.o)
 .data          0x00041c50        0x0 f:/altera/13.1/nios2eds/bin/gnu/h-i686-mingw32/bin/../lib/gcc/nios2-elf/4.7.3/../../../../../H-i686-mingw32/nios2-elf/lib/mno-hw-mul\libc.a(lib_a-vfprintf.o)
 .data          0x00041c50        0x0 f:/altera/13.1/nios2eds/bin/gnu/h-i686-mingw32/bin/../lib/gcc/nios2-elf/4.7.3/../../../../../H-i686-mingw32/nios2-elf/lib/mno-hw-mul\libc.a(lib_a-vfscanf.o)
 .data          0x00041c50        0x0 f:/altera/13.1/nios2eds/bin/gnu/h-i686-mingw32/bin/../lib/gcc/nios2-elf/4.7.3/../../../../../H-i686-mingw32/nios2-elf/lib/mno-hw-mul\libc.a(lib_a-writer.o)
 .data          0x00041c50        0x0 f:/altera/13.1/nios2eds/bin/gnu/h-i686-mingw32/bin/../lib/gcc/nios2-elf/4.7.3/../../../../../H-i686-mingw32/nios2-elf/lib/mno-hw-mul\libc.a(lib_a-wsetup.o)
 .data          0x00041c50        0x0 f:/altera/13.1/nios2eds/bin/gnu/h-i686-mingw32/bin/../lib/gcc/nios2-elf/4.7.3/../../../../../H-i686-mingw32/nios2-elf/lib/mno-hw-mul\libc.a(lib_a-__call_atexit.o)
 .data          0x00041c50        0x0 f:/altera/13.1/nios2eds/bin/gnu/h-i686-mingw32/bin/../lib/gcc/nios2-elf/4.7.3/../../../../../H-i686-mingw32/nios2-elf/lib/mno-hw-mul\libc.a(lib_a-closer.o)
 .data          0x00041c50        0x0 f:/altera/13.1/nios2eds/bin/gnu/h-i686-mingw32/bin/../lib/gcc/nios2-elf/4.7.3/../../../../../H-i686-mingw32/nios2-elf/lib/mno-hw-mul\libc.a(lib_a-dtoa.o)
 .data          0x00041c50        0x0 f:/altera/13.1/nios2eds/bin/gnu/h-i686-mingw32/bin/../lib/gcc/nios2-elf/4.7.3/../../../../../H-i686-mingw32/nios2-elf/lib/mno-hw-mul\libc.a(lib_a-environ.o)
 .data          0x00041c50        0x0 f:/altera/13.1/nios2eds/bin/gnu/h-i686-mingw32/bin/../lib/gcc/nios2-elf/4.7.3/../../../../../H-i686-mingw32/nios2-elf/lib/mno-hw-mul\libc.a(lib_a-fdopen.o)
 .data          0x00041c50        0x0 f:/altera/13.1/nios2eds/bin/gnu/h-i686-mingw32/bin/../lib/gcc/nios2-elf/4.7.3/../../../../../H-i686-mingw32/nios2-elf/lib/mno-hw-mul\libc.a(lib_a-flags.o)
 .data          0x00041c50        0x0 f:/altera/13.1/nios2eds/bin/gnu/h-i686-mingw32/bin/../lib/gcc/nios2-elf/4.7.3/../../../../../H-i686-mingw32/nios2-elf/lib/mno-hw-mul\libc.a(lib_a-fvwrite.o)
 .data          0x00041c50        0x0 f:/altera/13.1/nios2eds/bin/gnu/h-i686-mingw32/bin/../lib/gcc/nios2-elf/4.7.3/../../../../../H-i686-mingw32/nios2-elf/lib/mno-hw-mul\libc.a(lib_a-isattyr.o)
 .data          0x00041c50        0x0 f:/altera/13.1/nios2eds/bin/gnu/h-i686-mingw32/bin/../lib/gcc/nios2-elf/4.7.3/../../../../../H-i686-mingw32/nios2-elf/lib/mno-hw-mul\libc.a(lib_a-iswspace.o)
 .data          0x00041c50        0xc f:/altera/13.1/nios2eds/bin/gnu/h-i686-mingw32/bin/../lib/gcc/nios2-elf/4.7.3/../../../../../H-i686-mingw32/nios2-elf/lib/mno-hw-mul\libc.a(lib_a-locale.o)
                0x00041c50                __lc_ctype
 .data          0x00041c5c        0x0 f:/altera/13.1/nios2eds/bin/gnu/h-i686-mingw32/bin/../lib/gcc/nios2-elf/4.7.3/../../../../../H-i686-mingw32/nios2-elf/lib/mno-hw-mul\libc.a(lib_a-lseekr.o)
 .data          0x00041c5c        0x0 f:/altera/13.1/nios2eds/bin/gnu/h-i686-mingw32/bin/../lib/gcc/nios2-elf/4.7.3/../../../../../H-i686-mingw32/nios2-elf/lib/mno-hw-mul\libc.a(lib_a-mbrtowc.o)
 .data          0x00041c5c        0x0 f:/altera/13.1/nios2eds/bin/gnu/h-i686-mingw32/bin/../lib/gcc/nios2-elf/4.7.3/../../../../../H-i686-mingw32/nios2-elf/lib/mno-hw-mul\libc.a(lib_a-mbtowc_r.o)
 .data          0x00041c5c        0x0 f:/altera/13.1/nios2eds/bin/gnu/h-i686-mingw32/bin/../lib/gcc/nios2-elf/4.7.3/../../../../../H-i686-mingw32/nios2-elf/lib/mno-hw-mul\libc.a(lib_a-memchr.o)
 .data          0x00041c5c        0x0 f:/altera/13.1/nios2eds/bin/gnu/h-i686-mingw32/bin/../lib/gcc/nios2-elf/4.7.3/../../../../../H-i686-mingw32/nios2-elf/lib/mno-hw-mul\libc.a(lib_a-memmove.o)
 .data          0x00041c5c        0x0 f:/altera/13.1/nios2eds/bin/gnu/h-i686-mingw32/bin/../lib/gcc/nios2-elf/4.7.3/../../../../../H-i686-mingw32/nios2-elf/lib/mno-hw-mul\libc.a(lib_a-mprec.o)
 .data          0x00041c5c        0x0 f:/altera/13.1/nios2eds/bin/gnu/h-i686-mingw32/bin/../lib/gcc/nios2-elf/4.7.3/../../../../../H-i686-mingw32/nios2-elf/lib/mno-hw-mul\libc.a(lib_a-readr.o)
 .data          0x00041c5c        0x0 f:/altera/13.1/nios2eds/bin/gnu/h-i686-mingw32/bin/../lib/gcc/nios2-elf/4.7.3/../../../../../H-i686-mingw32/nios2-elf/lib/mno-hw-mul\libc.a(lib_a-reallocr.o)
 .data          0x00041c5c        0x0 f:/altera/13.1/nios2eds/bin/gnu/h-i686-mingw32/bin/../lib/gcc/nios2-elf/4.7.3/../../../../../H-i686-mingw32/nios2-elf/lib/mno-hw-mul\libc.a(lib_a-remove.o)
 .data          0x00041c5c        0x0 f:/altera/13.1/nios2eds/bin/gnu/h-i686-mingw32/bin/../lib/gcc/nios2-elf/4.7.3/../../../../../H-i686-mingw32/nios2-elf/lib/mno-hw-mul\libc.a(lib_a-s_isinfd.o)
 .data          0x00041c5c        0x0 f:/altera/13.1/nios2eds/bin/gnu/h-i686-mingw32/bin/../lib/gcc/nios2-elf/4.7.3/../../../../../H-i686-mingw32/nios2-elf/lib/mno-hw-mul\libc.a(lib_a-s_isnand.o)
 .data          0x00041c5c        0x0 f:/altera/13.1/nios2eds/bin/gnu/h-i686-mingw32/bin/../lib/gcc/nios2-elf/4.7.3/../../../../../H-i686-mingw32/nios2-elf/lib/mno-hw-mul\libc.a(lib_a-sccl.o)
 .data          0x00041c5c        0x0 f:/altera/13.1/nios2eds/bin/gnu/h-i686-mingw32/bin/../lib/gcc/nios2-elf/4.7.3/../../../../../H-i686-mingw32/nios2-elf/lib/mno-hw-mul\libc.a(lib_a-sf_nan.o)
 .data          0x00041c5c        0x0 f:/altera/13.1/nios2eds/bin/gnu/h-i686-mingw32/bin/../lib/gcc/nios2-elf/4.7.3/../../../../../H-i686-mingw32/nios2-elf/lib/mno-hw-mul\libc.a(lib_a-signalr.o)
 .data          0x00041c5c       0x28 f:/altera/13.1/nios2eds/bin/gnu/h-i686-mingw32/bin/../lib/gcc/nios2-elf/4.7.3/../../../../../H-i686-mingw32/nios2-elf/lib/mno-hw-mul\libc.a(lib_a-strtod.o)
 .data          0x00041c84        0x0 f:/altera/13.1/nios2eds/bin/gnu/h-i686-mingw32/bin/../lib/gcc/nios2-elf/4.7.3/../../../../../H-i686-mingw32/nios2-elf/lib/mno-hw-mul\libc.a(lib_a-strtol.o)
 .data          0x00041c84        0x0 f:/altera/13.1/nios2eds/bin/gnu/h-i686-mingw32/bin/../lib/gcc/nios2-elf/4.7.3/../../../../../H-i686-mingw32/nios2-elf/lib/mno-hw-mul\libc.a(lib_a-strtoll_r.o)
 .data          0x00041c84        0x0 f:/altera/13.1/nios2eds/bin/gnu/h-i686-mingw32/bin/../lib/gcc/nios2-elf/4.7.3/../../../../../H-i686-mingw32/nios2-elf/lib/mno-hw-mul\libc.a(lib_a-strtoul.o)
 .data          0x00041c84        0x0 f:/altera/13.1/nios2eds/bin/gnu/h-i686-mingw32/bin/../lib/gcc/nios2-elf/4.7.3/../../../../../H-i686-mingw32/nios2-elf/lib/mno-hw-mul\libc.a(lib_a-strtoull_r.o)
 .data          0x00041c84        0x0 f:/altera/13.1/nios2eds/bin/gnu/h-i686-mingw32/bin/../lib/gcc/nios2-elf/4.7.3/../../../../../H-i686-mingw32/nios2-elf/lib/mno-hw-mul\libc.a(lib_a-ungetc.o)
 .data          0x00041c84        0x0 f:/altera/13.1/nios2eds/bin/gnu/h-i686-mingw32/bin/../lib/gcc/nios2-elf/4.7.3/../../../../../H-i686-mingw32/nios2-elf/lib/mno-hw-mul\libc.a(lib_a-unlinkr.o)
 .data          0x00041c84        0x0 f:/altera/13.1/nios2eds/bin/gnu/h-i686-mingw32/bin/../lib/gcc/nios2-elf/4.7.3/../../../../../H-i686-mingw32/nios2-elf/lib/mno-hw-mul\libc.a(lib_a-callocr.o)
 .data          0x00041c84        0x0 f:/altera/13.1/nios2eds/bin/gnu/h-i686-mingw32/bin/../lib/gcc/nios2-elf/4.7.3/../../../../../H-i686-mingw32/nios2-elf/lib/mno-hw-mul\libc.a(lib_a-gdtoa-gethex.o)
 .data          0x00041c84        0x0 f:/altera/13.1/nios2eds/bin/gnu/h-i686-mingw32/bin/../lib/gcc/nios2-elf/4.7.3/../../../../../H-i686-mingw32/nios2-elf/lib/mno-hw-mul\libc.a(lib_a-gdtoa-hexnan.o)
 .data          0x00041c84        0x0 f:/altera/13.1/nios2eds/bin/gnu/h-i686-mingw32/bin/../lib/gcc/nios2-elf/4.7.3/mno-hw-mul\libgcc.a(_fixunsdfsi.o)
 .data          0x00041c84        0x0 f:/altera/13.1/nios2eds/bin/gnu/h-i686-mingw32/bin/../lib/gcc/nios2-elf/4.7.3/mno-hw-mul\libgcc.a(_udivdi3.o)
 .data          0x00041c84        0x0 f:/altera/13.1/nios2eds/bin/gnu/h-i686-mingw32/bin/../lib/gcc/nios2-elf/4.7.3/mno-hw-mul\libgcc.a(_umoddi3.o)
 .data          0x00041c84        0x0 f:/altera/13.1/nios2eds/bin/gnu/h-i686-mingw32/bin/../lib/gcc/nios2-elf/4.7.3/mno-hw-mul\libgcc.a(_eq_sf.o)
 .data          0x00041c84        0x0 f:/altera/13.1/nios2eds/bin/gnu/h-i686-mingw32/bin/../lib/gcc/nios2-elf/4.7.3/mno-hw-mul\libgcc.a(_gt_sf.o)
 .data          0x00041c84        0x0 f:/altera/13.1/nios2eds/bin/gnu/h-i686-mingw32/bin/../lib/gcc/nios2-elf/4.7.3/mno-hw-mul\libgcc.a(_lt_sf.o)
 .data          0x00041c84        0x0 f:/altera/13.1/nios2eds/bin/gnu/h-i686-mingw32/bin/../lib/gcc/nios2-elf/4.7.3/mno-hw-mul\libgcc.a(_addsub_df.o)
 .data          0x00041c84        0x0 f:/altera/13.1/nios2eds/bin/gnu/h-i686-mingw32/bin/../lib/gcc/nios2-elf/4.7.3/mno-hw-mul\libgcc.a(_eq_df.o)
 .data          0x00041c84        0x0 f:/altera/13.1/nios2eds/bin/gnu/h-i686-mingw32/bin/../lib/gcc/nios2-elf/4.7.3/mno-hw-mul\libgcc.a(_ne_df.o)
 .data          0x00041c84        0x0 f:/altera/13.1/nios2eds/bin/gnu/h-i686-mingw32/bin/../lib/gcc/nios2-elf/4.7.3/mno-hw-mul\libgcc.a(_gt_df.o)
 .data          0x00041c84        0x0 f:/altera/13.1/nios2eds/bin/gnu/h-i686-mingw32/bin/../lib/gcc/nios2-elf/4.7.3/mno-hw-mul\libgcc.a(_ge_df.o)
 .data          0x00041c84        0x0 f:/altera/13.1/nios2eds/bin/gnu/h-i686-mingw32/bin/../lib/gcc/nios2-elf/4.7.3/mno-hw-mul\libgcc.a(_lt_df.o)
 .data          0x00041c84        0x0 f:/altera/13.1/nios2eds/bin/gnu/h-i686-mingw32/bin/../lib/gcc/nios2-elf/4.7.3/mno-hw-mul\libgcc.a(_le_df.o)
 .data          0x00041c84        0x0 f:/altera/13.1/nios2eds/bin/gnu/h-i686-mingw32/bin/../lib/gcc/nios2-elf/4.7.3/mno-hw-mul\libgcc.a(_si_to_df.o)
 .data          0x00041c84        0x0 f:/altera/13.1/nios2eds/bin/gnu/h-i686-mingw32/bin/../lib/gcc/nios2-elf/4.7.3/mno-hw-mul\libgcc.a(_df_to_si.o)
 .data          0x00041c84        0x0 f:/altera/13.1/nios2eds/bin/gnu/h-i686-mingw32/bin/../lib/gcc/nios2-elf/4.7.3/mno-hw-mul\libgcc.a(_fpcmp_parts_sf.o)
 .data          0x00041c84        0x0 f:/altera/13.1/nios2eds/bin/gnu/h-i686-mingw32/bin/../lib/gcc/nios2-elf/4.7.3/mno-hw-mul\libgcc.a(_fpcmp_parts_df.o)
 .data          0x00041c84        0x0 ../JPEG_Encoder_bsp/\libhal_bsp.a(alt_close.o)
 .data          0x00041c84      0x1a8 ../JPEG_Encoder_bsp/\libhal_bsp.a(alt_dev.o)
                0x00041c84                alt_dev_null
                0x00041cac                alt_fd_list
 .data          0x00041e2c        0x0 ../JPEG_Encoder_bsp/\libhal_bsp.a(alt_env_lock.o)
 .data          0x00041e2c        0x0 ../JPEG_Encoder_bsp/\libhal_bsp.a(alt_errno.o)
 .data          0x00041e2c        0x0 ../JPEG_Encoder_bsp/\libhal_bsp.a(alt_exit.o)
 .data          0x00041e2c        0x0 ../JPEG_Encoder_bsp/\libhal_bsp.a(alt_fstat.o)
 .data          0x00041e2c        0x0 ../JPEG_Encoder_bsp/\libhal_bsp.a(alt_getpid.o)
 .data          0x00041e2c        0x0 ../JPEG_Encoder_bsp/\libhal_bsp.a(alt_isatty.o)
 .data          0x00041e2c        0x0 ../JPEG_Encoder_bsp/\libhal_bsp.a(alt_kill.o)
 .data          0x00041e2c        0x0 ../JPEG_Encoder_bsp/\libhal_bsp.a(alt_load.o)
 .data          0x00041e2c        0x0 ../JPEG_Encoder_bsp/\libhal_bsp.a(alt_lseek.o)
 .data          0x00041e2c        0x0 ../JPEG_Encoder_bsp/\libhal_bsp.a(alt_main.o)
 .data          0x00041e2c        0x0 ../JPEG_Encoder_bsp/\libhal_bsp.a(alt_malloc_lock.o)
 .data          0x00041e2c        0x0 ../JPEG_Encoder_bsp/\libhal_bsp.a(alt_open.o)
 .data          0x00041e2c        0x0 ../JPEG_Encoder_bsp/\libhal_bsp.a(alt_read.o)
 .data          0x00041e2c        0x0 ../JPEG_Encoder_bsp/\libhal_bsp.a(alt_release_fd.o)
 .data          0x00041e2c        0x0 ../JPEG_Encoder_bsp/\libhal_bsp.a(alt_sbrk.o)
 .data          0x00041e2c        0x0 ../JPEG_Encoder_bsp/\libhal_bsp.a(alt_unlink.o)
 .data          0x00041e2c        0x0 ../JPEG_Encoder_bsp/\libhal_bsp.a(alt_write.o)
 .data          0x00041e2c     0x1088 ../JPEG_Encoder_bsp/\libhal_bsp.a(alt_sys_init.o)
 .data          0x00042eb4        0x0 ../JPEG_Encoder_bsp/\libhal_bsp.a(altera_avalon_jtag_uart_fd.o)
 .data          0x00042eb4        0x0 ../JPEG_Encoder_bsp/\libhal_bsp.a(altera_avalon_jtag_uart_init.o)
 .data          0x00042eb4        0x0 ../JPEG_Encoder_bsp/\libhal_bsp.a(altera_avalon_jtag_uart_ioctl.o)
 .data          0x00042eb4        0x0 ../JPEG_Encoder_bsp/\libhal_bsp.a(altera_avalon_jtag_uart_read.o)
 .data          0x00042eb4        0x0 ../JPEG_Encoder_bsp/\libhal_bsp.a(altera_avalon_jtag_uart_write.o)
 .data          0x00042eb4        0x0 ../JPEG_Encoder_bsp/\libhal_bsp.a(altera_avalon_timer_sc.o)
 .data          0x00042eb4        0x0 ../JPEG_Encoder_bsp/\libhal_bsp.a(altera_hostfs.o)
 .data          0x00042eb4        0x0 ../JPEG_Encoder_bsp/\libhal_bsp.a(alt_alarm_start.o)
 .data          0x00042eb4        0x0 ../JPEG_Encoder_bsp/\libhal_bsp.a(alt_dcache_flush_all.o)
 .data          0x00042eb4        0x0 ../JPEG_Encoder_bsp/\libhal_bsp.a(alt_dev_llist_insert.o)
 .data          0x00042eb4        0x0 ../JPEG_Encoder_bsp/\libhal_bsp.a(alt_do_ctors.o)
 .data          0x00042eb4        0x0 ../JPEG_Encoder_bsp/\libhal_bsp.a(alt_do_dtors.o)
 .data          0x00042eb4        0x0 ../JPEG_Encoder_bsp/\libhal_bsp.a(alt_find_dev.o)
 .data          0x00042eb4        0x0 ../JPEG_Encoder_bsp/\libhal_bsp.a(alt_find_file.o)
 .data          0x00042eb4        0x0 ../JPEG_Encoder_bsp/\libhal_bsp.a(alt_fs_reg.o)
 .data          0x00042eb4        0x0 ../JPEG_Encoder_bsp/\libhal_bsp.a(alt_get_fd.o)
 .data          0x00042eb4        0x0 ../JPEG_Encoder_bsp/\libhal_bsp.a(alt_icache_flush_all.o)
 .data          0x00042eb4        0x0 ../JPEG_Encoder_bsp/\libhal_bsp.a(alt_iic.o)
 .data          0x00042eb4        0x0 ../JPEG_Encoder_bsp/\libhal_bsp.a(alt_iic_isr_register.o)
 .data          0x00042eb4        0x0 ../JPEG_Encoder_bsp/\libhal_bsp.a(alt_io_redirect.o)
 .data          0x00042eb4        0x0 ../JPEG_Encoder_bsp/\libhal_bsp.a(alt_irq_entry.o)
 .data          0x00042eb4        0x0 ../JPEG_Encoder_bsp/\libhal_bsp.a(alt_irq_handler.o)
 .data          0x00042eb4        0x0 ../JPEG_Encoder_bsp/\libhal_bsp.a(alt_irq_vars.o)
 .data          0x00042eb4        0x0 ../JPEG_Encoder_bsp/\libhal_bsp.a(alt_tick.o)
 .data          0x00042eb4        0x0 ../JPEG_Encoder_bsp/\libhal_bsp.a(altera_nios2_qsys_irq.o)
 .data          0x00042eb4        0x0 ../JPEG_Encoder_bsp/\libhal_bsp.a(alt_exception_entry.o)
 .data          0x00042eb4        0x0 f:/altera/13.1/nios2eds/bin/gnu/h-i686-mingw32/bin/../lib/gcc/nios2-elf/4.7.3/../../../../../H-i686-mingw32/nios2-elf/lib/mno-hw-mul\libc.a(lib_a-atexit.o)
 .data          0x00042eb4        0x0 f:/altera/13.1/nios2eds/bin/gnu/h-i686-mingw32/bin/../lib/gcc/nios2-elf/4.7.3/../../../../../H-i686-mingw32/nios2-elf/lib/mno-hw-mul\libc.a(lib_a-memcmp.o)
 .data          0x00042eb4        0x0 f:/altera/13.1/nios2eds/bin/gnu/h-i686-mingw32/bin/../lib/gcc/nios2-elf/4.7.3/../../../../../H-i686-mingw32/nios2-elf/lib/mno-hw-mul\libc.a(lib_a-__atexit.o)
                0x0004aeb4                _gp = ABSOLUTE ((. + 0x8000))
                0x0004aeb4                PROVIDE (gp, _gp)
 *(.rwdata .rwdata.*)
 *(.sdata .sdata.* .gnu.linkonce.s.*)
 .sdata         0x00042eb4       0x10 obj/default/application/jpegclib/jmemmgr.o
 .sdata         0x00042ec4        0x4 f:/altera/13.1/nios2eds/bin/gnu/h-i686-mingw32/bin/../lib/gcc/nios2-elf/4.7.3/../../../../../H-i686-mingw32/nios2-elf/lib/mno-hw-mul\libc.a(lib_a-ctype_.o)
                0x00042ec4                __ctype_ptr
 .sdata         0x00042ec8        0x8 f:/altera/13.1/nios2eds/bin/gnu/h-i686-mingw32/bin/../lib/gcc/nios2-elf/4.7.3/../../../../../H-i686-mingw32/nios2-elf/lib/mno-hw-mul\libc.a(lib_a-impure.o)
                0x00042ec8                _global_impure_ptr
                0x00042ecc                _impure_ptr
 .sdata         0x00042ed0        0x8 f:/altera/13.1/nios2eds/bin/gnu/h-i686-mingw32/bin/../lib/gcc/nios2-elf/4.7.3/../../../../../H-i686-mingw32/nios2-elf/lib/mno-hw-mul\libc.a(lib_a-mallocr.o)
                0x00042ed0                __malloc_sbrk_base
                0x00042ed4                __malloc_trim_threshold
 .sdata         0x00042ed8        0x4 f:/altera/13.1/nios2eds/bin/gnu/h-i686-mingw32/bin/../lib/gcc/nios2-elf/4.7.3/../../../../../H-i686-mingw32/nios2-elf/lib/mno-hw-mul\libc.a(lib_a-environ.o)
                0x00042ed8                environ
 .sdata         0x00042edc        0x4 f:/altera/13.1/nios2eds/bin/gnu/h-i686-mingw32/bin/../lib/gcc/nios2-elf/4.7.3/../../../../../H-i686-mingw32/nios2-elf/lib/mno-hw-mul\libc.a(lib_a-locale.o)
                0x00042edc                __mb_cur_max
 .sdata         0x00042ee0       0x14 ../JPEG_Encoder_bsp/\libhal_bsp.a(alt_dev.o)
                0x00042ee0                alt_fs_list
                0x00042ee8                alt_dev_list
                0x00042ef0                alt_max_fd
 .sdata         0x00042ef4        0x4 ../JPEG_Encoder_bsp/\libhal_bsp.a(alt_errno.o)
                0x00042ef4                alt_errno