Archive member included because of file (symbol)

c:/altera/13.1/nios2eds/bin/gnu/h-i686-mingw32/bin/../lib/gcc/nios2-elf/4.7.3/mno-hw-mul\libgcc.a(_mul_df.o)
                              obj/default/crc_main.o (__muldf3)
c:/altera/13.1/nios2eds/bin/gnu/h-i686-mingw32/bin/../lib/gcc/nios2-elf/4.7.3/mno-hw-mul\libgcc.a(_div_df.o)
                              obj/default/crc_main.o (__divdf3)
c:/altera/13.1/nios2eds/bin/gnu/h-i686-mingw32/bin/../lib/gcc/nios2-elf/4.7.3/mno-hw-mul\libgcc.a(_thenan_df.o)
                              c:/altera/13.1/nios2eds/bin/gnu/h-i686-mingw32/bin/../lib/gcc/nios2-elf/4.7.3/mno-hw-mul\libgcc.a(_mul_df.o) (__thenan_df)
c:/altera/13.1/nios2eds/bin/gnu/h-i686-mingw32/bin/../lib/gcc/nios2-elf/4.7.3/mno-hw-mul\libgcc.a(_usi_to_df.o)
                              obj/default/crc_main.o (__floatunsidf)
c:/altera/13.1/nios2eds/bin/gnu/h-i686-mingw32/bin/../lib/gcc/nios2-elf/4.7.3/mno-hw-mul\libgcc.a(_muldi3.o)
                              c:/altera/13.1/nios2eds/bin/gnu/h-i686-mingw32/bin/../lib/gcc/nios2-elf/4.7.3/mno-hw-mul\libgcc.a(_mul_df.o) (__muldi3)
c:/altera/13.1/nios2eds/bin/gnu/h-i686-mingw32/bin/../lib/gcc/nios2-elf/4.7.3/mno-hw-mul\libgcc.a(_clzsi2.o)
                              c:/altera/13.1/nios2eds/bin/gnu/h-i686-mingw32/bin/../lib/gcc/nios2-elf/4.7.3/mno-hw-mul\libgcc.a(_usi_to_df.o) (__clzsi2)
c:/altera/13.1/nios2eds/bin/gnu/h-i686-mingw32/bin/../lib/gcc/nios2-elf/4.7.3/mno-hw-mul\libgcc.a(_pack_df.o)
                              c:/altera/13.1/nios2eds/bin/gnu/h-i686-mingw32/bin/../lib/gcc/nios2-elf/4.7.3/mno-hw-mul\libgcc.a(_mul_df.o) (__pack_d)
c:/altera/13.1/nios2eds/bin/gnu/h-i686-mingw32/bin/../lib/gcc/nios2-elf/4.7.3/mno-hw-mul\libgcc.a(_unpack_df.o)
                              c:/altera/13.1/nios2eds/bin/gnu/h-i686-mingw32/bin/../lib/gcc/nios2-elf/4.7.3/mno-hw-mul\libgcc.a(_mul_df.o) (__unpack_d)
c:/altera/13.1/nios2eds/bin/gnu/h-i686-mingw32/bin/../lib/gcc/nios2-elf/4.7.3/mno-hw-mul\libgcc.a(lib2-mul.o)
                              c:/altera/13.1/nios2eds/bin/gnu/h-i686-mingw32/bin/../lib/gcc/nios2-elf/4.7.3/mno-hw-mul\libgcc.a(_muldi3.o) (__mulsi3)
c:/altera/13.1/nios2eds/bin/gnu/h-i686-mingw32/bin/../lib/gcc/nios2-elf/4.7.3/mno-hw-mul\libgcc.a(_lshrdi3.o)
                              c:/altera/13.1/nios2eds/bin/gnu/h-i686-mingw32/bin/../lib/gcc/nios2-elf/4.7.3/mno-hw-mul\libgcc.a(_pack_df.o) (__lshrdi3)
c:/altera/13.1/nios2eds/bin/gnu/h-i686-mingw32/bin/../lib/gcc/nios2-elf/4.7.3/mno-hw-mul\libgcc.a(_ashldi3.o)
                              c:/altera/13.1/nios2eds/bin/gnu/h-i686-mingw32/bin/../lib/gcc/nios2-elf/4.7.3/mno-hw-mul\libgcc.a(_pack_df.o) (__ashldi3)
c:/altera/13.1/nios2eds/bin/gnu/h-i686-mingw32/bin/../lib/gcc/nios2-elf/4.7.3/mno-hw-mul\libgcc.a(_clz.o)
                              c:/altera/13.1/nios2eds/bin/gnu/h-i686-mingw32/bin/../lib/gcc/nios2-elf/4.7.3/mno-hw-mul\libgcc.a(_clzsi2.o) (__clz_tab)
c:/altera/13.1/nios2eds/bin/gnu/h-i686-mingw32/bin/../lib/gcc/nios2-elf/4.7.3/../../../../../H-i686-mingw32/nios2-elf/lib/mno-hw-mul\libc.a(lib_a-exit.o)
                              obj/default/crc_main.o (exit)
c:/altera/13.1/nios2eds/bin/gnu/h-i686-mingw32/bin/../lib/gcc/nios2-elf/4.7.3/../../../../../H-i686-mingw32/nios2-elf/lib/mno-hw-mul\libc.a(lib_a-impure.o)
                              c:/altera/13.1/nios2eds/bin/gnu/h-i686-mingw32/bin/../lib/gcc/nios2-elf/4.7.3/../../../../../H-i686-mingw32/nios2-elf/lib/mno-hw-mul\libc.a(lib_a-exit.o) (_global_impure_ptr)
c:/altera/13.1/nios2eds/bin/gnu/h-i686-mingw32/bin/../lib/gcc/nios2-elf/4.7.3/../../../../../H-i686-mingw32/nios2-elf/lib/mno-hw-mul\libc.a(lib_a-printf.o)
                              obj/default/crc_main.o (printf)
c:/altera/13.1/nios2eds/bin/gnu/h-i686-mingw32/bin/../lib/gcc/nios2-elf/4.7.3/../../../../../H-i686-mingw32/nios2-elf/lib/mno-hw-mul\libc.a(lib_a-puts.o)
                              obj/default/crc_main.o (puts)
c:/altera/13.1/nios2eds/bin/gnu/h-i686-mingw32/bin/../lib/gcc/nios2-elf/4.7.3/../../../../../H-i686-mingw32/nios2-elf/lib/mno-hw-mul\libc.a(lib_a-strlen.o)
                              c:/altera/13.1/nios2eds/bin/gnu/h-i686-mingw32/bin/../lib/gcc/nios2-elf/4.7.3/../../../../../H-i686-mingw32/nios2-elf/lib/mno-hw-mul\libc.a(lib_a-puts.o) (strlen)
c:/altera/13.1/nios2eds/bin/gnu/h-i686-mingw32/bin/../lib/gcc/nios2-elf/4.7.3/../../../../../H-i686-mingw32/nios2-elf/lib/mno-hw-mul\libc.a(lib_a-vfprintf.o)
                              c:/altera/13.1/nios2eds/bin/gnu/h-i686-mingw32/bin/../lib/gcc/nios2-elf/4.7.3/../../../../../H-i686-mingw32/nios2-elf/lib/mno-hw-mul\libc.a(lib_a-printf.o) (___vfprintf_internal_r)
c:/altera/13.1/nios2eds/bin/gnu/h-i686-mingw32/bin/../lib/gcc/nios2-elf/4.7.3/../../../../../H-i686-mingw32/nios2-elf/lib/mno-hw-mul\libc.a(lib_a-wsetup.o)
[...]
Memory Configuration

Name             Origin             Length             Attributes
reset            0x00040000         0x00000020
onchip_mem       0x00040020         0x0003ffe0
*default*        0x00000000         0xffffffff

Linker script and memory map

LOAD ../custom_crc_bsp//obj/HAL/src/crt0.o
LOAD obj/default/ci_crc.o
LOAD obj/default/crc.o
LOAD obj/default/crc_main.o
LOAD c:/altera/13.1/nios2eds/bin/gnu/h-i686-mingw32/bin/../lib/gcc/nios2-elf/4.7.3/../../../../../H-i686-mingw32/nios2-elf/lib/mno-hw-mul\libstdc++.a
LOAD c:/altera/13.1/nios2eds/bin/gnu/h-i686-mingw32/bin/../lib/gcc/nios2-elf/4.7.3/../../../../../H-i686-mingw32/nios2-elf/lib/mno-hw-mul\libm.a
LOAD c:/altera/13.1/nios2eds/bin/gnu/h-i686-mingw32/bin/../lib/gcc/nios2-elf/4.7.3/mno-hw-mul\libgcc.a
START GROUP
LOAD c:/altera/13.1/nios2eds/bin/gnu/h-i686-mingw32/bin/../lib/gcc/nios2-elf/4.7.3/../../../../../H-i686-mingw32/nios2-elf/lib/mno-hw-mul\libc.a
LOAD c:/altera/13.1/nios2eds/bin/gnu/h-i686-mingw32/bin/../lib/gcc/nios2-elf/4.7.3/mno-hw-mul\libgcc.a
LOAD ../custom_crc_bsp/\libhal_bsp.a
END GROUP
LOAD c:/altera/13.1/nios2eds/bin/gnu/h-i686-mingw32/bin/../lib/gcc/nios2-elf/4.7.3/mno-hw-mul\libgcc.a
                0x00040000                __alt_mem_onchip_mem = 0x40000

.entry          0x00040000       0x20
 *(.entry)
 .entry         0x00040000       0x20 ../custom_crc_bsp//obj/HAL/src/crt0.o
                0x00040000                __reset

.exceptions     0x00040020      0x198
                0x00040020                PROVIDE (__ram_exceptions_start, ABSOLUTE (.))
                0x00040020                . = ALIGN (0x20)
 *(.irq)
 *(.exceptions.entry.label)
 .exceptions.entry.label
                0x00040020        0x0 ../custom_crc_bsp/\libhal_bsp.a(alt_irq_entry.o)
                0x00040020                alt_irq_entry
 .exceptions.entry.label
                0x00040020        0x0 ../custom_crc_bsp/\libhal_bsp.a(alt_exception_entry.o)
                0x00040020                alt_exception
 *(.exceptions.entry.user)
 *(.exceptions.entry.ecc_fatal)
 *(.exceptions.entry)
 .exceptions.entry
                0x00040020       0x54 ../custom_crc_bsp/\libhal_bsp.a(alt_exception_entry.o)
 *(.exceptions.irqtest.user)
 *(.exceptions.irqtest)
 .exceptions.irqtest
                0x00040074       0x10 ../custom_crc_bsp/\libhal_bsp.a(alt_irq_entry.o)
 *(.exceptions.irqhandler.user)
 *(.exceptions.irqhandler)
 .exceptions.irqhandler
                0x00040084        0x4 ../custom_crc_bsp/\libhal_bsp.a(alt_irq_entry.o)
 *(.exceptions.irqreturn.user)
 *(.exceptions.irqreturn)
 .exceptions.irqreturn
                0x00040088        0x4 ../custom_crc_bsp/\libhal_bsp.a(alt_irq_entry.o)
 *(.exceptions.notirq.label)
 .exceptions.notirq.label
                0x0004008c        0x0 ../custom_crc_bsp/\libhal_bsp.a(alt_irq_entry.o)
 *(.exceptions.notirq.user)
 *(.exceptions.notirq)
 .exceptions.notirq
                0x0004008c        0x8 ../custom_crc_bsp/\libhal_bsp.a(alt_exception_entry.o)
 *(.exceptions.soft.user)
 *(.exceptions.soft)
 *(.exceptions.unknown.user)
 *(.exceptions.unknown)
 .exceptions.unknown
                0x00040094        0x4 ../custom_crc_bsp/\libhal_bsp.a(alt_exception_entry.o)
 *(.exceptions.exit.label)
 .exceptions.exit.label
                0x00040098        0x0 ../custom_crc_bsp/\libhal_bsp.a(alt_irq_entry.o)
 .exceptions.exit.label
                0x00040098        0x0 ../custom_crc_bsp/\libhal_bsp.a(alt_exception_entry.o)
 *(.exceptions.exit.user)
 *(.exceptions.exit)
 .exceptions.exit
                0x00040098       0x54 ../custom_crc_bsp/\libhal_bsp.a(alt_exception_entry.o)
 *(.exceptions)
 .exceptions    0x000400ec       0xcc ../custom_crc_bsp/\libhal_bsp.a(alt_irq_handler.o)
                0x000400ec                alt_irq_handler
                0x000401b8                PROVIDE (__ram_exceptions_end, ABSOLUTE (.))
                0x00040020                PROVIDE (__flash_exceptions_start, LOADADDR (.exceptions))

.text           0x000401b8     0xcec8
                0x000401b8                PROVIDE (stext, ABSOLUTE (.))
 *(.interp)
 *(.hash)
 *(.dynsym)
 *(.dynstr)
 *(.gnu.version)
 *(.gnu.version_d)
 *(.gnu.version_r)
 *(.rel.init)
 *(.rela.init)
 *(.rel.text .rel.text.* .rel.gnu.linkonce.t.*)
 *(.rela.text .rela.text.* .rela.gnu.linkonce.t.*)
 *(.rel.fini)
 *(.rela.fini)
 *(.rel.rodata .rel.rodata.* .rel.gnu.linkonce.r.*)
 *(.rela.rodata .rela.rodata.* .rela.gnu.linkonce.r.*)
 *(.rel.data .rel.data.* .rel.gnu.linkonce.d.*)
 *(.rela.data .rela.data.* .rela.gnu.linkonce.d.*)
 *(.rel.tdata .rel.tdata.* .rel.gnu.linkonce.td.*)
 *(.rela.tdata .rela.tdata.* .rela.gnu.linkonce.td.*)
 *(.rel.tbss .rel.tbss.* .rel.gnu.linkonce.tb.*)
 *(.rela.tbss .rela.tbss.* .rela.gnu.linkonce.tb.*)
 *(.rel.ctors)
 *(.rela.ctors)
 *(.rel.dtors)
 *(.rela.dtors)
 *(.rel.got)
 *(.rela.got)
 *(.rel.sdata .rel.sdata.* .rel.gnu.linkonce.s.*)
 *(.rela.sdata .rela.sdata.* .rela.gnu.linkonce.s.*)
 *(.rel.sbss .rel.sbss.* .rel.gnu.linkonce.sb.*)
 *(.rela.sbss .rela.sbss.* .rela.gnu.linkonce.sb.*)
 *(.rel.sdata2 .rel.sdata2.* .rel.gnu.linkonce.s2.*)
 *(.rela.sdata2 .rela.sdata2.* .rela.gnu.linkonce.s2.*)
 *(.rel.sbss2 .rel.sbss2.* .rel.gnu.linkonce.sb2.*)
 *(.rela.sbss2 .rela.sbss2.* .rela.gnu.linkonce.sb2.*)
 *(.rel.bss .rel.bss.* .rel.gnu.linkonce.b.*)
 *(.rela.bss .rela.bss.* .rela.gnu.linkonce.b.*)
 *(.rel.plt)
 *(.rela.plt)
 *(.rel.dyn)
 *(.init)
 *(.plt)
 *(.text .stub .text.* .gnu.linkonce.t.*)
 .text          0x000401b8       0x3c ../custom_crc_bsp//obj/HAL/src/crt0.o
                0x000401b8                _start
 .text          0x000401f4      0x100 obj/default/ci_crc.o
                0x000401f4                crcCI
 .text          0x000402f4      0x2f8 obj/default/crc.o
                0x00040380                crcSlow
                0x0004046c                crcInit
                0x00040528                crcFast
 .text          0x000405ec      0x9d4 obj/default/crc_main.o
                0x000405ec                main
 .text          0x00040fc0      0x2e4 c:/altera/13.1/nios2eds/bin/gnu/h-i686-mingw32/bin/../lib/gcc/nios2-elf/4.7.3/mno-hw-mul\libgcc.a(_mul_df.o)
                0x00040fc0                __muldf3
 .text          0x000412a4      0x1b4 c:/altera/13.1/nios2eds/bin/gnu/h-i686-mingw32/bin/../lib/gcc/nios2-elf/4.7.3/mno-hw-mul\libgcc.a(_div_df.o)
                0x000412a4                __divdf3
 .text          0x00041458        0x0 c:/altera/13.1/nios2eds/bin/gnu/h-i686-mingw32/bin/../lib/gcc/nios2-elf/4.7.3/mno-hw-mul\libgcc.a(_thenan_df.o)
 .text          0x00041458      0x11c c:/altera/13.1/nios2eds/bin/gnu/h-i686-mingw32/bin/../lib/gcc/nios2-elf/4.7.3/mno-hw-mul\libgcc.a(_usi_to_df.o)
                0x00041458                __floatunsidf
 .text          0x00041574      0x110 c:/altera/13.1/nios2eds/bin/gnu/h-i686-mingw32/bin/../lib/gcc/nios2-elf/4.7.3/mno-hw-mul\libgcc.a(_muldi3.o)
                0x00041574                __muldi3
 .text          0x00041684       0xac c:/altera/13.1/nios2eds/bin/gnu/h-i686-mingw32/bin/../lib/gcc/nios2-elf/4.7.3/mno-hw-mul\libgcc.a(_clzsi2.o)
                0x00041684                __clzsi2
 .text          0x00041730      0x224 c:/altera/13.1/nios2eds/bin/gnu/h-i686-mingw32/bin/../lib/gcc/nios2-elf/4.7.3/mno-hw-mul\libgcc.a(_pack_df.o)
                0x00041730                __pack_d
 .text          0x00041954      0x104 c:/altera/13.1/nios2eds/bin/gnu/h-i686-mingw32/bin/../lib/gcc/nios2-elf/4.7.3/mno-hw-mul\libgcc.a(_unpack_df.o)
                0x00041954                __unpack_d
 .text          0x00041a58       0x28 c:/altera/13.1/nios2eds/bin/gnu/h-i686-mingw32/bin/../lib/gcc/nios2-elf/4.7.3/mno-hw-mul\libgcc.a(lib2-mul.o)
                0x00041a58                __mulsi3
 .text          0x00041a80       0x44 c:/altera/13.1/nios2eds/bin/gnu/h-i686-mingw32/bin/../lib/gcc/nios2-elf/4.7.3/mno-hw-mul\libgcc.a(_lshrdi3.o)
                0x00041a80                __lshrdi3
 .text          0x00041ac4       0x44 c:/altera/13.1/nios2eds/bin/gnu/h-i686-mingw32/bin/../lib/gcc/nios2-elf/4.7.3/mno-hw-mul\libgcc.a(_ashldi3.o)
                0x00041ac4                __ashldi3
 .text          0x00041b08        0x0 c:/altera/13.1/nios2eds/bin/gnu/h-i686-mingw32/bin/../lib/gcc/nios2-elf/4.7.3/mno-hw-mul\libgcc.a(_clz.o)
 .text          0x00041b08       0x38 c:/altera/13.1/nios2eds/bin/gnu/h-i686-mingw32/bin/../lib/gcc/nios2-elf/4.7.3/../../../../../H-i686-mingw32/nios2-elf/lib/mno-hw-mul\libc.a(lib_a-exit.o)
                0x00041b08                exit
 .text          0x00041b40        0x0 c:/altera/13.1/nios2eds/bin/gnu/h-i686-mingw32/bin/../lib/gcc/nios2-elf/4.7.3/../../../../../H-i686-mingw32/nios2-elf/lib/mno-hw-mul\libc.a(lib_a-impure.o)
 .text          0x00041b40       0x68 c:/altera/13.1/nios2eds/bin/gnu/h-i686-mingw32/bin/../lib/gcc/nios2-elf/4.7.3/../../../../../H-i686-mingw32/nios2-elf/lib/mno-hw-mul\libc.a(lib_a-printf.o)
                0x00041b40                _printf_r
                0x00041b6c                printf
 .text          0x00041ba8       0x98 c:/altera/13.1/nios2eds/bin/gnu/h-i686-mingw32/bin/../lib/gcc/nios2-elf/4.7.3/../../../../../H-i686-mingw32/nios2-elf/lib/mno-hw-mul\libc.a(lib_a-puts.o)
                0x00041ba8                _puts_r
                0x00041c2c                puts
 .text          0x00041c40       0x8c c:/altera/13.1/nios2eds/bin/gnu/h-i686-mingw32/bin/../lib/gcc/nios2-elf/4.7.3/../../../../../H-i686-mingw32/nios2-elf/lib/mno-hw-mul\libc.a(lib_a-strlen.o)
                0x00041c40                strlen
 .text          0x00041ccc     0x1ed4 c:/altera/13.1/nios2eds/bin/gnu/h-i686-mingw32/bin/../lib/gcc/nios2-elf/4.7.3/../../../../../H-i686-mingw32/nios2-elf/lib/mno-hw-mul\libc.a(lib_a-vfprintf.o)
                0x00041d00                ___vfprintf_internal_r
                0x00043b7c                __vfprintf_internal
 .text          0x00043ba0      0x174 c:/altera/13.1/nios2eds/bin/gnu/h-i686-mingw32/bin/../lib/gcc/nios2-elf/4.7.3/../../../../../H-i686-mingw32/nios2-elf/lib/mno-hw-mul\libc.a(lib_a-wsetup.o)
                0x00043ba0                __swsetup_r
 .text          0x00043d14      0x1a0 c:/altera/13.1/nios2eds/bin/gnu/h-i686-mingw32/bin/../lib/gcc/nios2-elf/4.7.3/../../../../../H-i686-mingw32/nios2-elf/lib/mno-hw-mul\libc.a(lib_a-__call_atexit.o)
                0x00043d14                __call_exitprocs
 .text          0x00043eb4     0x1858 c:/altera/13.1/nios2eds/bin/gnu/h-i686-mingw32/bin/../lib/gcc/nios2-elf/4.7.3/../../../../../H-i686-mingw32/nios2-elf/lib/mno-hw-mul\libc.a(lib_a-dtoa.o)
                0x000440f0                _dtoa_r
 .text          0x0004570c      0x218 c:/altera/13.1/nios2eds/bin/gnu/h-i686-mingw32/bin/../lib/gcc/nios2-elf/4.7.3/../../../../../H-i686-mingw32/nios2-elf/lib/mno-hw-mul\libc.a(lib_a-fflush.o)
                0x0004570c                _fflush_r
                0x000458f4                fflush
 .text          0x00045924      0x2ec c:/altera/13.1/nios2eds/bin/gnu/h-i686-mingw32/bin/../lib/gcc/nios2-elf/4.7.3/../../../../../H-i686-mingw32/nios2-elf/lib/mno-hw-mul\libc.a(lib_a-findfp.o)
                0x00045934                _cleanup_r
                0x00045940                __sfmoreglue
                0x000459b8                _cleanup
                0x000459c8                __sinit
                0x00045ad4                __sfp
                0x00045bd0                __sfp_lock_acquire
                0x00045bd4                __sfp_lock_release
                0x00045bd8                __sinit_lock_acquire
                0x00045bdc                __sinit_lock_release
                0x00045be0                __fp_lock_all
                0x00045bf8                __fp_unlock_all
 .text          0x00045c10      0x40c c:/altera/13.1/nios2eds/bin/gnu/h-i686-mingw32/bin/../lib/gcc/nios2-elf/4.7.3/../../../../../H-i686-mingw32/nios2-elf/lib/mno-hw-mul\libc.a(lib_a-freer.o)
                0x00045c10                _malloc_trim_r
                0x00045d4c                _free_r
 .text          0x0004601c      0x4e4 c:/altera/13.1/nios2eds/bin/gnu/h-i686-mingw32/bin/../lib/gcc/nios2-elf/4.7.3/../../../../../H-i686-mingw32/nios2-elf/lib/mno-hw-mul\libc.a(lib_a-fvwrite.o)
                0x0004601c                __sfvwrite_r
 .text          0x00046500      0x160 c:/altera/13.1/nios2eds/bin/gnu/h-i686-mingw32/bin/../lib/gcc/nios2-elf/4.7.3/../../../../../H-i686-mingw32/nios2-elf/lib/mno-hw-mul\libc.a(lib_a-fwalk.o)
                0x00046500                _fwalk
                0x000465a8                _fwalk_reent
 .text          0x00046660       0xdc c:/altera/13.1/nios2eds/bin/gnu/h-i686-mingw32/bin/../lib/gcc/nios2-elf/4.7.3/../../../../../H-i686-mingw32/nios2-elf/lib/mno-hw-mul\libc.a(lib_a-locale.o)
                0x00046660                _setlocale_r
                0x000466fc                __locale_charset
                0x00046708                _localeconv_r
                0x00046714                setlocale
                0x00046730                localeconv
 .text          0x0004673c      0x1a8 c:/altera/13.1/nios2eds/bin/gnu/h-i686-mingw32/bin/../lib/gcc/nios2-elf/4.7.3/../../../../../H-i686-mingw32/nios2-elf/lib/mno-hw-mul\libc.a(lib_a-makebuf.o)
                0x0004673c                __smakebuf_r
 .text          0x000468e4      0x784 c:/altera/13.1/nios2eds/bin/gnu/h-i686-mingw32/bin/../lib/gcc/nios2-elf/4.7.3/../../../../../H-i686-mingw32/nios2-elf/lib/mno-hw-mul\libc.a(lib_a-mallocr.o)
                0x000468e4                _malloc_r
 .text          0x00047068       0xf8 c:/altera/13.1/nios2eds/bin/gnu/h-i686-mingw32/bin/../lib/gcc/nios2-elf/4.7.3/../../../../../H-i686-mingw32/nios2-elf/lib/mno-hw-mul\libc.a(lib_a-memchr.o)
                0x00047068                memchr
 .text          0x00047160      0x140 c:/altera/13.1/nios2eds/bin/gnu/h-i686-mingw32/bin/../lib/gcc/nios2-elf/4.7.3/../../../../../H-i686-mingw32/nios2-elf/lib/mno-hw-mul\libc.a(lib_a-memcpy.o)
                0x00047160                memcpy
 .text          0x000472a0      0x18c c:/altera/13.1/nios2eds/bin/gnu/h-i686-mingw32/bin/../lib/gcc/nios2-elf/4.7.3/../../../../../H-i686-mingw32/nios2-elf/lib/mno-hw-mul\libc.a(lib_a-memmove.o)
                0x000472a0                memmove
 .text          0x0004742c       0xdc c:/altera/13.1/nios2eds/bin/gnu/h-i686-mingw32/bin/../lib/gcc/nios2-elf/4.7.3/../../../../../H-i686-mingw32/nios2-elf/lib/mno-hw-mul\libc.a(lib_a-memset.o)
                0x0004742c                memset
 .text          0x00047508     0x1050 c:/altera/13.1/nios2eds/bin/gnu/h-i686-mingw32/bin/../lib/gcc/nios2-elf/4.7.3/../../../../../H-i686-mingw32/nios2-elf/lib/mno-hw-mul\libc.a(lib_a-mprec.o)
                0x00047508                _Balloc
                0x000475b0                _Bfree
                0x000475d8                __multadd
                0x0004771c                __s2b
                0x00047820                __hi0bits
                0x00047888                __lo0bits
                0x00047938                __i2b
                0x00047974                __multiply
                0x00047bcc                __pow5mult
                0x00047cf8                __lshift
                0x00047e54                __mcmp
                0x00047eac                __mdiff
                0x00048054                __ulp
                0x000480b4                __b2d
                0x000481fc                __d2b
                0x00048340                __ratio
                0x000483e4                _mprec_log10
                0x00048458                __copybits
                0x000484d4                __any_on
 .text          0x00048558      0x5fc c:/altera/13.1/nios2eds/bin/gnu/h-i686-mingw32/bin/../lib/gcc/nios2-elf/4.7.3/../../../../../H-i686-mingw32/nios2-elf/lib/mno-hw-mul\libc.a(lib_a-reallocr.o)
                0x00048558                _realloc_r
 .text          0x00048b54       0x38 c:/altera/13.1/nios2eds/bin/gnu/h-i686-mingw32/bin/../lib/gcc/nios2-elf/4.7.3/../../../../../H-i686-mingw32/nios2-elf/lib/mno-hw-mul\libc.a(lib_a-s_isinfd.o)
                0x00048b54                __isinfd
 .text          0x00048b8c       0x2c c:/altera/13.1/nios2eds/bin/gnu/h-i686-mingw32/bin/../lib/gcc/nios2-elf/4.7.3/../../../../../H-i686-mingw32/nios2-elf/lib/mno-hw-mul\libc.a(lib_a-s_isnand.o)
                0x00048b8c                __isnand
 .text          0x00048bb8       0x64 c:/altera/13.1/nios2eds/bin/gnu/h-i686-mingw32/bin/../lib/gcc/nios2-elf/4.7.3/../../../../../H-i686-mingw32/nios2-elf/lib/mno-hw-mul\libc.a(lib_a-sbrkr.o)
                0x00048bb8                _sbrk_r
 .text          0x00048c1c      0x140 c:/altera/13.1/nios2eds/bin/gnu/h-i686-mingw32/bin/../lib/gcc/nios2-elf/4.7.3/../../../../../H-i686-mingw32/nios2-elf/lib/mno-hw-mul\libc.a(lib_a-stdio.o)
                0x00048c1c                __sread
                0x00048c70                __swrite
                0x00048cf8                __sseek
                0x00048d54                __sclose
 .text          0x00048d5c       0xa4 c:/altera/13.1/nios2eds/bin/gnu/h-i686-mingw32/bin/../lib/gcc/nios2-elf/4.7.3/../../../../../H-i686-mingw32/nios2-elf/lib/mno-hw-mul\libc.a(lib_a-strcmp.o)
                0x00048d5c                strcmp
 .text          0x00048e00       0x6c c:/altera/13.1/nios2eds/bin/gnu/h-i686-mingw32/bin/../lib/gcc/nios2-elf/4.7.3/../../../../../H-i686-mingw32/nios2-elf/lib/mno-hw-mul\libc.a(lib_a-writer.o)
                0x00048e00                _write_r
 .text          0x00048e6c       0xcc c:/altera/13.1/nios2eds/bin/gnu/h-i686-mingw32/bin/../lib/gcc/nios2-elf/4.7.3/../../../../../H-i686-mingw32/nios2-elf/lib/mno-hw-mul\libc.a(lib_a-callocr.o)
                0x00048e6c                _calloc_r
 .text          0x00048f38       0x64 c:/altera/13.1/nios2eds/bin/gnu/h-i686-mingw32/bin/../lib/gcc/nios2-elf/4.7.3/../../../../../H-i686-mingw32/nios2-elf/lib/mno-hw-mul\libc.a(lib_a-closer.o)
                0x00048f38                _close_r
 .text          0x00048f9c      0x150 c:/altera/13.1/nios2eds/bin/gnu/h-i686-mingw32/bin/../lib/gcc/nios2-elf/4.7.3/../../../../../H-i686-mingw32/nios2-elf/lib/mno-hw-mul\libc.a(lib_a-fclose.o)
                0x00048f9c                _fclose_r
                0x000490d8                fclose
 .text          0x000490ec       0x68 c:/altera/13.1/nios2eds/bin/gnu/h-i686-mingw32/bin/../lib/gcc/nios2-elf/4.7.3/../../../../../H-i686-mingw32/nios2-elf/lib/mno-hw-mul\libc.a(lib_a-fstatr.o)
                0x000490ec                _fstat_r
 .text          0x00049154        0x0 c:/altera/13.1/nios2eds/bin/gnu/h-i686-mingw32/bin/../lib/gcc/nios2-elf/4.7.3/../../../../../H-i686-mingw32/nios2-elf/lib/mno-hw-mul\libc.a(lib_a-int_errno.o)
 .text          0x00049154       0x64 c:/altera/13.1/nios2eds/bin/gnu/h-i686-mingw32/bin/../lib/gcc/nios2-elf/4.7.3/../../../../../H-i686-mingw32/nios2-elf/lib/mno-hw-mul\libc.a(lib_a-isattyr.o)
                0x00049154                _isatty_r
 .text          0x000491b8       0x6c c:/altera/13.1/nios2eds/bin/gnu/h-i686-mingw32/bin/../lib/gcc/nios2-elf/4.7.3/../../../../../H-i686-mingw32/nios2-elf/lib/mno-hw-mul\libc.a(lib_a-lseekr.o)
                0x000491b8                _lseek_r
 .text          0x00049224       0x6c c:/altera/13.1/nios2eds/bin/gnu/h-i686-mingw32/bin/../lib/gcc/nios2-elf/4.7.3/../../../../../H-i686-mingw32/nios2-elf/lib/mno-hw-mul\libc.a(lib_a-readr.o)
                0x00049224                _read_r
 .text          0x00049290      0x650 c:/altera/13.1/nios2eds/bin/gnu/h-i686-mingw32/bin/../lib/gcc/nios2-elf/4.7.3/mno-hw-mul\libgcc.a(_udivdi3.o)
                0x00049290                __udivdi3
 .text          0x000498e0      0x628 c:/altera/13.1/nios2eds/bin/gnu/h-i686-mingw32/bin/../lib/gcc/nios2-elf/4.7.3/mno-hw-mul\libgcc.a(_umoddi3.o)
                0x000498e0                __umoddi3
 .text          0x00049f08      0x408 c:/altera/13.1/nios2eds/bin/gnu/h-i686-mingw32/bin/../lib/gcc/nios2-elf/4.7.3/mno-hw-mul\libgcc.a(_addsub_df.o)
                0x0004a25c                __adddf3
                0x0004a2b0                __subdf3
 .text          0x0004a310       0x5c c:/altera/13.1/nios2eds/bin/gnu/h-i686-mingw32/bin/../lib/gcc/nios2-elf/4.7.3/mno-hw-mul\libgcc.a(_eq_df.o)
                0x0004a310                __eqdf2
 .text          0x0004a36c       0x5c c:/altera/13.1/nios2eds/bin/gnu/h-i686-mingw32/bin/../lib/gcc/nios2-elf/4.7.3/mno-hw-mul\libgcc.a(_ne_df.o)
                0x0004a36c                __nedf2
 .text          0x0004a3c8       0x64 c:/altera/13.1/nios2eds/bin/gnu/h-i686-mingw32/bin/../lib/gcc/nios2-elf/4.7.3/mno-hw-mul\libgcc.a(_gt_df.o)
                0x0004a3c8                __gtdf2
 .text          0x0004a42c       0x64 c:/altera/13.1/nios2eds/bin/gnu/h-i686-mingw32/bin/../lib/gcc/nios2-elf/4.7.3/mno-hw-mul\libgcc.a(_ge_df.o)
                0x0004a42c                __gedf2
 .text          0x0004a490       0x5c c:/altera/13.1/nios2eds/bin/gnu/h-i686-mingw32/bin/../lib/gcc/nios2-elf/4.7.3/mno-hw-mul\libgcc.a(_lt_df.o)
                0x0004a490                __ltdf2
 .text          0x0004a4ec       0xd4 c:/altera/13.1/nios2eds/bin/gnu/h-i686-mingw32/bin/../lib/gcc/nios2-elf/4.7.3/mno-hw-mul\libgcc.a(_si_to_df.o)
                0x0004a4ec                __floatsidf
 .text          0x0004a5c0       0xd4 c:/altera/13.1/nios2eds/bin/gnu/h-i686-mingw32/bin/../lib/gcc/nios2-elf/4.7.3/mno-hw-mul\libgcc.a(_df_to_si.o)
                0x0004a5c0                __fixdfsi
 .text          0x0004a694      0x130 c:/altera/13.1/nios2eds/bin/gnu/h-i686-mingw32/bin/../lib/gcc/nios2-elf/4.7.3/mno-hw-mul\libgcc.a(lib2-divmod.o)
                0x0004a708                __divsi3
                0x0004a758                __modsi3
                0x0004a7b4                __udivsi3
                0x0004a7bc                __umodsi3
 .text          0x0004a7c4       0xd0 c:/altera/13.1/nios2eds/bin/gnu/h-i686-mingw32/bin/../lib/gcc/nios2-elf/4.7.3/mno-hw-mul\libgcc.a(_fpcmp_parts_df.o)
                0x0004a7c4                __fpcmp_parts_d
 .text          0x0004a894      0x11c ../custom_crc_bsp/\libhal_bsp.a(alt_close.o)
                0x0004a8e4                close
 .text          0x0004a9b0       0x2c ../custom_crc_bsp/\libhal_bsp.a(alt_dev.o)
 .text          0x0004a9dc        0x0 ../custom_crc_bsp/\libhal_bsp.a(alt_errno.o)
 .text          0x0004a9dc       0x3c ../custom_crc_bsp/\libhal_bsp.a(alt_exit.o)
                0x0004a9dc                _exit
 .text          0x0004aa18      0x100 ../custom_crc_bsp/\libhal_bsp.a(alt_fstat.o)
                0x0004aa68                fstat
 .text          0x0004ab18       0xf4 ../custom_crc_bsp/\libhal_bsp.a(alt_isatty.o)
                0x0004ab68                isatty
 .text          0x0004ac0c       0xec ../custom_crc_bsp/\libhal_bsp.a(alt_load.o)
                0x0004ac78                alt_load
 .text          0x0004acf8      0x124 ../custom_crc_bsp/\libhal_bsp.a(alt_lseek.o)
                0x0004ad48                lseek
 .text          0x0004ae1c       0x78 ../custom_crc_bsp/\libhal_bsp.a(alt_main.o)
                0x0004ae1c                alt_main
 .text          0x0004ae94       0x40 ../custom_crc_bsp/\libhal_bsp.a(alt_malloc_lock.o)
                0x0004ae94                __malloc_lock
                0x0004aeb4                __malloc_unlock
 .text          0x0004aed4      0x144 ../custom_crc_bsp/\libhal_bsp.a(alt_read.o)
                0x0004af24                read
 .text          0x0004b018       0x80 ../custom_crc_bsp/\libhal_bsp.a(alt_release_fd.o)
                0x0004b018                alt_release_fd
 .text          0x0004b098       0xb0 ../custom_crc_bsp/\libhal_bsp.a(alt_sbrk.o)
                0x0004b098                sbrk
 .text          0x0004b148      0x140 ../custom_crc_bsp/\libhal_bsp.a(alt_write.o)
                0x0004b198                write
 .text          0x0004b288       0xec ../custom_crc_bsp/\libhal_bsp.a(alt_sys_init.o)
                0x0004b2c0                alt_irq_init
                0x0004b2f4                alt_sys_init
 .text          0x0004b374      0x164 ../custom_crc_bsp/\libhal_bsp.a(altera_avalon_jtag_uart_fd.o)
                0x0004b374                altera_avalon_jtag_uart_read_fd
                0x0004b3d4                altera_avalon_jtag_uart_write_fd
                0x0004b434                altera_avalon_jtag_uart_close_fd
                0x0004b484                altera_avalon_jtag_uart_ioctl_fd
 .text          0x0004b4d8      0x3d0 ../custom_crc_bsp/\libhal_bsp.a(altera_avalon_jtag_uart_init.o)
                0x0004b4d8                altera_avalon_jtag_uart_init
                0x0004b840                altera_avalon_jtag_uart_close
 .text          0x0004b8a8       0xf4 ../custom_crc_bsp/\libhal_bsp.a(altera_avalon_jtag_uart_ioctl.o)
                0x0004b8a8                altera_avalon_jtag_uart_ioctl
 .text          0x0004b99c      0x218 ../custom_crc_bsp/\libhal_bsp.a(altera_avalon_jtag_uart_read.o)
                0x0004b99c                altera_avalon_jtag_uart_read
 .text          0x0004bbb4      0x224 ../custom_crc_bsp/\libhal_bsp.a(altera_avalon_jtag_uart_write.o)
                0x0004bbb4                altera_avalon_jtag_uart_write
 .text          0x0004bdd8       0xfc ../custom_crc_bsp/\libhal_bsp.a(altera_avalon_timer_sc.o)
                0x0004be4c                alt_avalon_timer_sc_init
 .text          0x0004bed4      0x140 ../custom_crc_bsp/\libhal_bsp.a(altera_avalon_timer_ts.o)
                0x0004bed4                alt_timestamp_start
                0x0004bf5c                alt_timestamp
                0x0004bfec                alt_timestamp_freq
 .text          0x0004c014        0x0 ../custom_crc_bsp/\libhal_bsp.a(altera_avalon_timer_vars.o)
 .text          0x0004c014      0x140 ../custom_crc_bsp/\libhal_bsp.a(alt_alarm_start.o)
                0x0004c014                alt_alarm_start
 .text          0x0004c154       0x1c ../custom_crc_bsp/\libhal_bsp.a(alt_dcache_flush_all.o)
                0x0004c154                alt_dcache_flush_all
 .text          0x0004c170       0xf0 ../custom_crc_bsp/\libhal_bsp.a(alt_dev_llist_insert.o)
                0x0004c1c0                alt_dev_llist_insert
 .text          0x0004c260       0x5c ../custom_crc_bsp/\libhal_bsp.a(alt_do_ctors.o)
                0x0004c260                _do_ctors
 .text          0x0004c2bc       0x5c ../custom_crc_bsp/\libhal_bsp.a(alt_do_dtors.o)
                0x0004c2bc                _do_dtors
 .text          0x0004c318       0x30 ../custom_crc_bsp/\libhal_bsp.a(alt_icache_flush_all.o)
                0x0004c318                alt_icache_flush_all
 .text          0x0004c348      0x1d8 ../custom_crc_bsp/\libhal_bsp.a(alt_iic.o)
                0x0004c348                alt_ic_isr_register
                0x0004c398                alt_ic_irq_enable
                0x0004c434                alt_ic_irq_disable
                0x0004c4d4                alt_ic_irq_enabled
 .text          0x0004c520       0xf0 ../custom_crc_bsp/\libhal_bsp.a(alt_iic_isr_register.o)
                0x0004c520                alt_iic_isr_register
 .text          0x0004c610      0x158 ../custom_crc_bsp/\libhal_bsp.a(alt_io_redirect.o)
                0x0004c6f0                alt_io_redirect
 .text          0x0004c768        0x0 ../custom_crc_bsp/\libhal_bsp.a(alt_irq_entry.o)
 .text          0x0004c768        0x0 ../custom_crc_bsp/\libhal_bsp.a(alt_irq_handler.o)
 .text          0x0004c768        0x0 ../custom_crc_bsp/\libhal_bsp.a(alt_irq_vars.o)
 .text          0x0004c768      0x298 ../custom_crc_bsp/\libhal_bsp.a(alt_open.o)
                0x0004c8a8                open
 .text          0x0004ca00      0x19c ../custom_crc_bsp/\libhal_bsp.a(alt_tick.o)
                0x0004ca00                alt_alarm_stop
                0x0004ca98                alt_tick
 .text          0x0004cb9c       0x20 ../custom_crc_bsp/\libhal_bsp.a(altera_nios2_qsys_irq.o)
                0x0004cb9c                altera_nios2_qsys_irq_init
 .text          0x0004cbbc        0x0 ../custom_crc_bsp/\libhal_bsp.a(alt_exception_entry.o)
 .text          0x0004cbbc       0x90 ../custom_crc_bsp/\libhal_bsp.a(alt_find_dev.o)
                0x0004cbbc                alt_find_dev
 .text          0x0004cc4c      0x114 ../custom_crc_bsp/\libhal_bsp.a(alt_find_file.o)
                0x0004cc4c                alt_find_file
 .text          0x0004cd60       0xd4 ../custom_crc_bsp/\libhal_bsp.a(alt_get_fd.o)
                0x0004cd60                alt_get_fd
 .text          0x0004ce34       0x8c ../custom_crc_bsp/\libhal_bsp.a(alt_icache_flush.o)
                0x0004ce34                alt_icache_flush
 .text          0x0004cec0       0x14 c:/altera/13.1/nios2eds/bin/gnu/h-i686-mingw32/bin/../lib/gcc/nios2-elf/4.7.3/../../../../../H-i686-mingw32/nios2-elf/lib/mno-hw-mul\libc.a(lib_a-atexit.o)
                0x0004cec0                atexit
 .text          0x0004ced4       0x7c c:/altera/13.1/nios2eds/bin/gnu/h-i686-mingw32/bin/../lib/gcc/nios2-elf/4.7.3/../../../../../H-i686-mingw32/nios2-elf/lib/mno-hw-mul\libc.a(lib_a-memcmp.o)
                0x0004ced4                memcmp
 .text          0x0004cf50      0x130 c:/altera/13.1/nios2eds/bin/gnu/h-i686-mingw32/bin/../lib/gcc/nios2-elf/4.7.3/../../../../../H-i686-mingw32/nios2-elf/lib/mno-hw-mul\libc.a(lib_a-__atexit.o)
                0x0004cf50                __register_exitproc
 *(.gnu.warning.*)
 *(.fini)
                0x0004d080                PROVIDE (__etext, ABSOLUTE (.))
                0x0004d080                PROVIDE (_etext, ABSOLUTE (.))
                0x0004d080                PROVIDE (etext, ABSOLUTE (.))
 *(.eh_frame_hdr)
                0x0004d080                . = ALIGN (0x4)
                0x0004d080                PROVIDE (__preinit_array_start, ABSOLUTE (.))
 *(.preinit_array)
                0x0004d080                PROVIDE (__preinit_array_end, ABSOLUTE (.))
                0x0004d080                PROVIDE (__init_array_start, ABSOLUTE (.))
 *(.init_array)
                0x0004d080                PROVIDE (__init_array_end, ABSOLUTE (.))
                0x0004d080                PROVIDE (__fini_array_start, ABSOLUTE (.))
 *(.fini_array)
                0x0004d080                PROVIDE (__fini_array_end, ABSOLUTE (.))
 *(.eh_frame)
 *(.gcc_except_table .gcc_except_table.*)
 *(.dynamic)
                0x0004d080                PROVIDE (__CTOR_LIST__, ABSOLUTE (.))
 *(.ctors)
 *(SORT(.ctors.*))
                0x0004d080                PROVIDE (__CTOR_END__, ABSOLUTE (.))
                0x0004d080                PROVIDE (__DTOR_LIST__, ABSOLUTE (.))
 *(.dtors)
 *(SORT(.dtors.*))
                0x0004d080                PROVIDE (__DTOR_END__, ABSOLUTE (.))
 *(.jcr)
                0x0004d080                . = ALIGN (0x4)

.rodata         0x0004d080      0x95c
                0x0004d080                PROVIDE (__ram_rodata_start, ABSOLUTE (.))
                0x0004d080                . = ALIGN (0x4)
 *(.rodata .rodata.* .gnu.linkonce.r.*)
 .rodata        0x0004d080      0x63c obj/default/crc_main.o
 .rodata        0x0004d6bc       0x14 c:/altera/13.1/nios2eds/bin/gnu/h-i686-mingw32/bin/../lib/gcc/nios2-elf/4.7.3/mno-hw-mul\libgcc.a(_thenan_df.o)
                0x0004d6bc                __thenan_df
 .rodata        0x0004d6d0      0x100 c:/altera/13.1/nios2eds/bin/gnu/h-i686-mingw32/bin/../lib/gcc/nios2-elf/4.7.3/mno-hw-mul\libgcc.a(_clz.o)
                0x0004d6d0                __clz_tab
 .rodata.str1.4
                0x0004d7d0        0x2 c:/altera/13.1/nios2eds/bin/gnu/h-i686-mingw32/bin/../lib/gcc/nios2-elf/4.7.3/../../../../../H-i686-mingw32/nios2-elf/lib/mno-hw-mul\libc.a(lib_a-impure.o)
                                  0x4 (size before relaxing)
 *fill*         0x0004d7d2        0x2 
 .rodata.str1.4
                0x0004d7d4        0x2 c:/altera/13.1/nios2eds/bin/gnu/h-i686-mingw32/bin/../lib/gcc/nios2-elf/4.7.3/../../../../../H-i686-mingw32/nios2-elf/lib/mno-hw-mul\libc.a(lib_a-puts.o)
                                  0x4 (size before relaxing)
 *fill*         0x0004d7d6        0x2 
 .rodata.str1.4
                0x0004d7d8       0x42 c:/altera/13.1/nios2eds/bin/gnu/h-i686-mingw32/bin/../lib/gcc/nios2-elf/4.7.3/../../../../../H-i686-mingw32/nios2-elf/lib/mno-hw-mul\libc.a(lib_a-vfprintf.o)
                                 0x44 (size before relaxing)
 .rodata        0x0004d81a       0x20 c:/altera/13.1/nios2eds/bin/gnu/h-i686-mingw32/bin/../lib/gcc/nios2-elf/4.7.3/../../../../../H-i686-mingw32/nios2-elf/lib/mno-hw-mul\libc.a(lib_a-vfprintf.o)
 *fill*         0x0004d83a        0x2 
 .rodata.str1.4
                0x0004d83c       0x10 c:/altera/13.1/nios2eds/bin/gnu/h-i686-mingw32/bin/../lib/gcc/nios2-elf/4.7.3/../../../../../H-i686-mingw32/nios2-elf/lib/mno-hw-mul\libc.a(lib_a-dtoa.o)
                                 0x14 (size before relaxing)
 .rodata.str1.4
                0x0004d84c       0x10 c:/altera/13.1/nios2eds/bin/gnu/h-i686-mingw32/bin/../lib/gcc/nios2-elf/4.7.3/../../../../../H-i686-mingw32/nios2-elf/lib/mno-hw-mul\libc.a(lib_a-locale.o)
                                 0x18 (size before relaxing)
 .rodata        0x0004d85c       0x30 c:/altera/13.1/nios2eds/bin/gnu/h-i686-mingw32/bin/../lib/gcc/nios2-elf/4.7.3/../../../../../H-i686-mingw32/nios2-elf/lib/mno-hw-mul\libc.a(lib_a-locale.o)
 .rodata        0x0004d88c      0x124 c:/altera/13.1/nios2eds/bin/gnu/h-i686-mingw32/bin/../lib/gcc/nios2-elf/4.7.3/../../../../../H-i686-mingw32/nios2-elf/lib/mno-hw-mul\libc.a(lib_a-mprec.o)
                0x0004d88c                __mprec_tinytens
                0x0004d8b4                __mprec_bigtens
                0x0004d8dc                __mprec_tens
 .rodata        0x0004d9b0        0xc ../custom_crc_bsp/\libhal_bsp.a(alt_dev.o)
 .rodata        0x0004d9bc       0x10 ../custom_crc_bsp/\libhal_bsp.a(alt_main.o)
 .rodata        0x0004d9cc       0x10 ../custom_crc_bsp/\libhal_bsp.a(alt_sys_init.o)
 *(.rodata1)
                0x0004d9dc                . = ALIGN (0x4)
                0x0004d9dc                PROVIDE (__ram_rodata_end, ABSOLUTE (.))
                0x0004d080                PROVIDE (__flash_rodata_start, LOADADDR (.rodata))

.rwdata         0x0004d9dc     0x1a58 load address 0x0004f434
                0x0004d9dc                PROVIDE (__ram_rwdata_start, ABSOLUTE (.))
                0x0004d9dc                . = ALIGN (0x4)
 *(.got.plt)
 *(.got)
 *(.data1)
 *(.data .data.* .gnu.linkonce.d.*)
 .data          0x0004d9dc        0x0 ../custom_crc_bsp//obj/HAL/src/crt0.o
 .data          0x0004d9dc        0x0 obj/default/ci_crc.o
 .data          0x0004d9dc        0x0 obj/default/crc.o
 .data          0x0004d9dc        0x0 obj/default/crc_main.o
 .data          0x0004d9dc        0x0 c:/altera/13.1/nios2eds/bin/gnu/h-i686-mingw32/bin/../lib/gcc/nios2-elf/4.7.3/mno-hw-mul\libgcc.a(_mul_df.o)
 .data          0x0004d9dc        0x0 c:/altera/13.1/nios2eds/bin/gnu/h-i686-mingw32/bin/../lib/gcc/nios2-elf/4.7.3/mno-hw-mul\libgcc.a(_div_df.o)
 .data          0x0004d9dc        0x0 c:/altera/13.1/nios2eds/bin/gnu/h-i686-mingw32/bin/../lib/gcc/nios2-elf/4.7.3/mno-hw-mul\libgcc.a(_thenan_df.o)
 .data          0x0004d9dc        0x0 c:/altera/13.1/nios2eds/bin/gnu/h-i686-mingw32/bin/../lib/gcc/nios2-elf/4.7.3/mno-hw-mul\libgcc.a(_usi_to_df.o)
 .data          0x0004d9dc        0x0 c:/altera/13.1/nios2eds/bin/gnu/h-i686-mingw32/bin/../lib/gcc/nios2-elf/4.7.3/mno-hw-mul\libgcc.a(_muldi3.o)
 .data          0x0004d9dc        0x0 c:/altera/13.1/nios2eds/bin/gnu/h-i686-mingw32/bin/../lib/gcc/nios2-elf/4.7.3/mno-hw-mul\libgcc.a(_clzsi2.o)
 .data          0x0004d9dc        0x0 c:/altera/13.1/nios2eds/bin/gnu/h-i686-mingw32/bin/../lib/gcc/nios2-elf/4.7.3/mno-hw-mul\libgcc.a(_pack_df.o)
 .data          0x0004d9dc        0x0 c:/altera/13.1/nios2eds/bin/gnu/h-i686-mingw32/bin/../lib/gcc/nios2-elf/4.7.3/mno-hw-mul\libgcc.a(_unpack_df.o)
 .data          0x0004d9dc        0x0 c:/altera/13.1/nios2eds/bin/gnu/h-i686-mingw32/bin/../lib/gcc/nios2-elf/4.7.3/mno-hw-mul\libgcc.a(lib2-mul.o)
 .data          0x0004d9dc        0x0 c:/altera/13.1/nios2eds/bin/gnu/h-i686-mingw32/bin/../lib/gcc/nios2-elf/4.7.3/mno-hw-mul\libgcc.a(_lshrdi3.o)
 .data          0x0004d9dc        0x0 c:/altera/13.1/nios2eds/bin/gnu/h-i686-mingw32/bin/../lib/gcc/nios2-elf/4.7.3/mno-hw-mul\libgcc.a(_ashldi3.o)
 .data          0x0004d9dc        0x0 c:/altera/13.1/nios2eds/bin/gnu/h-i686-mingw32/bin/../lib/gcc/nios2-elf/4.7.3/mno-hw-mul\libgcc.a(_clz.o)
 .data          0x0004d9dc        0x0 c:/altera/13.1/nios2eds/bin/gnu/h-i686-mingw32/bin/../lib/gcc/nios2-elf/4.7.3/../../../../../H-i686-mingw32/nios2-elf/lib/mno-hw-mul\libc.a(lib_a-exit.o)
 .data          0x0004d9dc      0x400 c:/altera/13.1/nios2eds/bin/gnu/h-i686-mingw32/bin/../lib/gcc/nios2-elf/4.7.3/../../../../../H-i686-mingw32/nios2-elf/lib/mno-hw-mul\libc.a(lib_a-impure.o)
 .data          0x0004dddc        0x0 c:/altera/13.1/nios2eds/bin/gnu/h-i686-mingw32/bin/../lib/gcc/nios2-elf/4.7.3/../../../../../H-i686-mingw32/nios2-elf/lib/mno-hw-mul\libc.a(lib_a-printf.o)
 .data          0x0004dddc        0x0 c:/altera/13.1/nios2eds/bin/gnu/h-i686-mingw32/bin/../lib/gcc/nios2-elf/4.7.3/../../../../../H-i686-mingw32/nios2-elf/lib/mno-hw-mul\libc.a(lib_a-puts.o)
 .data          0x0004dddc        0x0 c:/altera/13.1/nios2eds/bin/gnu/h-i686-mingw32/bin/../lib/gcc/nios2-elf/4.7.3/../../../../../H-i686-mingw32/nios2-elf/lib/mno-hw-mul\libc.a(lib_a-strlen.o)
 .data          0x0004dddc        0x0 c:/altera/13.1/nios2eds/bin/gnu/h-i686-mingw32/bin/../lib/gcc/nios2-elf/4.7.3/../../../../../H-i686-mingw32/nios2-elf/lib/mno-hw-mul\libc.a(lib_a-vfprintf.o)
 .data          0x0004dddc        0x0 c:/altera/13.1/nios2eds/bin/gnu/h-i686-mingw32/bin/../lib/gcc/nios2-elf/4.7.3/../../../../../H-i686-mingw32/nios2-elf/lib/mno-hw-mul\libc.a(lib_a-wsetup.o)
 .data          0x0004dddc        0x0 c:/altera/13.1/nios2eds/bin/gnu/h-i686-mingw32/bin/../lib/gcc/nios2-elf/4.7.3/../../../../../H-i686-mingw32/nios2-elf/lib/mno-hw-mul\libc.a(lib_a-__call_atexit.o)
 .data          0x0004dddc        0x0 c:/altera/13.1/nios2eds/bin/gnu/h-i686-mingw32/bin/../lib/gcc/nios2-elf/4.7.3/../../../../../H-i686-mingw32/nios2-elf/lib/mno-hw-mul\libc.a(lib_a-dtoa.o)
 .data          0x0004dddc        0x0 c:/altera/13.1/nios2eds/bin/gnu/h-i686-mingw32/bin/../lib/gcc/nios2-elf/4.7.3/../../../../../H-i686-mingw32/nios2-elf/lib/mno-hw-mul\libc.a(lib_a-fflush.o)
 .data          0x0004dddc        0x0 c:/altera/13.1/nios2eds/bin/gnu/h-i686-mingw32/bin/../lib/gcc/nios2-elf/4.7.3/../../../../../H-i686-mingw32/nios2-elf/lib/mno-hw-mul\libc.a(lib_a-findfp.o)
 .data          0x0004dddc        0x0 c:/altera/13.1/nios2eds/bin/gnu/h-i686-mingw32/bin/../lib/gcc/nios2-elf/4.7.3/../../../../../H-i686-mingw32/nios2-elf/lib/mno-hw-mul\libc.a(lib_a-freer.o)
 .data          0x0004dddc        0x0 c:/altera/13.1/nios2eds/bin/gnu/h-i686-mingw32/bin/../lib/gcc/nios2-elf/4.7.3/../../../../../H-i686-mingw32/nios2-elf/lib/mno-hw-mul\libc.a(lib_a-fvwrite.o)
 .data          0x0004dddc        0x0 c:/altera/13.1/nios2eds/bin/gnu/h-i686-mingw32/bin/../lib/gcc/nios2-elf/4.7.3/../../../../../H-i686-mingw32/nios2-elf/lib/mno-hw-mul\libc.a(lib_a-fwalk.o)
 .data          0x0004dddc        0xc c:/altera/13.1/nios2eds/bin/gnu/h-i686-mingw32/bin/../lib/gcc/nios2-elf/4.7.3/../../../../../H-i686-mingw32/nios2-elf/lib/mno-hw-mul\libc.a(lib_a-locale.o)
                0x0004dddc                __lc_ctype
 .data          0x0004dde8        0x0 c:/altera/13.1/nios2eds/bin/gnu/h-i686-mingw32/bin/../lib/gcc/nios2-elf/4.7.3/../../../../../H-i686-mingw32/nios2-elf/lib/mno-hw-mul\libc.a(lib_a-makebuf.o)
 .data          0x0004dde8      0x408 c:/altera/13.1/nios2eds/bin/gnu/h-i686-mingw32/bin/../lib/gcc/nios2-elf/4.7.3/../../../../../H-i686-mingw32/nios2-elf/lib/mno-hw-mul\libc.a(lib_a-mallocr.o)
                0x0004dde8                __malloc_av_
 .data          0x0004e1f0        0x0 c:/altera/13.1/nios2eds/bin/gnu/h-i686-mingw32/bin/../lib/gcc/nios2-elf/4.7.3/../../../../../H-i686-mingw32/nios2-elf/lib/mno-hw-mul\libc.a(lib_a-memchr.o)
 .data          0x0004e1f0        0x0 c:/altera/13.1/nios2eds/bin/gnu/h-i686-mingw32/bin/../lib/gcc/nios2-elf/4.7.3/../../../../../H-i686-mingw32/nios2-elf/lib/mno-hw-mul\libc.a(lib_a-memcpy.o)
 .data          0x0004e1f0        0x0 c:/altera/13.1/nios2eds/bin/gnu/h-i686-mingw32/bin/../lib/gcc/nios2-elf/4.7.3/../../../../../H-i686-mingw32/nios2-elf/lib/mno-hw-mul\libc.a(lib_a-memmove.o)
 .data          0x0004e1f0        0x0 c:/altera/13.1/nios2eds/bin/gnu/h-i686-mingw32/bin/../lib/gcc/nios2-elf/4.7.3/../../../../../H-i686-mingw32/nios2-elf/lib/mno-hw-mul\libc.a(lib_a-memset.o)
 .data          0x0004e1f0        0x0 c:/altera/13.1/nios2eds/bin/gnu/h-i686-mingw32/bin/../lib/gcc/nios2-elf/4.7.3/../../../../../H-i686-mingw32/nios2-elf/lib/mno-hw-mul\libc.a(lib_a-mprec.o)
 .data          0x0004e1f0        0x0 c:/altera/13.1/nios2eds/bin/gnu/h-i686-mingw32/bin/../lib/gcc/nios2-elf/4.7.3/../../../../../H-i686-mingw32/nios2-elf/lib/mno-hw-mul\libc.a(lib_a-reallocr.o)
 .data          0x0004e1f0        0x0 c:/altera/13.1/nios2eds/bin/gnu/h-i686-mingw32/bin/../lib/gcc/nios2-elf/4.7.3/../../../../../H-i686-mingw32/nios2-elf/lib/mno-hw-mul\libc.a(lib_a-s_isinfd.o)
 .data          0x0004e1f0        0x0 c:/altera/13.1/nios2eds/bin/gnu/h-i686-mingw32/bin/../lib/gcc/nios2-elf/4.7.3/../../../../../H-i686-mingw32/nios2-elf/lib/mno-hw-mul\libc.a(lib_a-s_isnand.o)
 .data          0x0004e1f0        0x0 c:/altera/13.1/nios2eds/bin/gnu/h-i686-mingw32/bin/../lib/gcc/nios2-elf/4.7.3/../../../../../H-i686-mingw32/nios2-elf/lib/mno-hw-mul\libc.a(lib_a-sbrkr.o)
 .data          0x0004e1f0        0x0 c:/altera/13.1/nios2eds/bin/gnu/h-i686-mingw32/bin/../lib/gcc/nios2-elf/4.7.3/../../../../../H-i686-mingw32/nios2-elf/lib/mno-hw-mul\libc.a(lib_a-stdio.o)
 .data          0x0004e1f0        0x0 c:/altera/13.1/nios2eds/bin/gnu/h-i686-mingw32/bin/../lib/gcc/nios2-elf/4.7.3/../../../../../H-i686-mingw32/nios2-elf/lib/mno-hw-mul\libc.a(lib_a-strcmp.o)
 .data          0x0004e1f0        0x0 c:/altera/13.1/nios2eds/bin/gnu/h-i686-mingw32/bin/../lib/gcc/nios2-elf/4.7.3/../../../../../H-i686-mingw32/nios2-elf/lib/mno-hw-mul\libc.a(lib_a-writer.o)
 .data          0x0004e1f0        0x0 c:/altera/13.1/nios2eds/bin/gnu/h-i686-mingw32/bin/../lib/gcc/nios2-elf/4.7.3/../../../../../H-i686-mingw32/nios2-elf/lib/mno-hw-mul\libc.a(lib_a-callocr.o)
 .data          0x0004e1f0        0x0 c:/altera/13.1/nios2eds/bin/gnu/h-i686-mingw32/bin/../lib/gcc/nios2-elf/4.7.3/../../../../../H-i686-mingw32/nios2-elf/lib/mno-hw-mul\libc.a(lib_a-closer.o)
 .data          0x0004e1f0        0x0 c:/altera/13.1/nios2eds/bin/gnu/h-i686-mingw32/bin/../lib/gcc/nios2-elf/4.7.3/../../../../../H-i686-mingw32/nios2-elf/lib/mno-hw-mul\libc.a(lib_a-fclose.o)
 .data          0x0004e1f0        0x0 c:/altera/13.1/nios2eds/bin/gnu/h-i686-mingw32/bin/../lib/gcc/nios2-elf/4.7.3/../../../../../H-i686-mingw32/nios2-elf/lib/mno-hw-mul\libc.a(lib_a-fstatr.o)
 .data          0x0004e1f0        0x0 c:/altera/13.1/nios2eds/bin/gnu/h-i686-mingw32/bin/../lib/gcc/nios2-elf/4.7.3/../../../../../H-i686-mingw32/nios2-elf/lib/mno-hw-mul\libc.a(lib_a-int_errno.o)
 .data          0x0004e1f0        0x0 c:/altera/13.1/nios2eds/bin/gnu/h-i686-mingw32/bin/../lib/gcc/nios2-elf/4.7.3/../../../../../H-i686-mingw32/nios2-elf/lib/mno-hw-mul\libc.a(lib_a-isattyr.o)
 .data          0x0004e1f0        0x0 c:/altera/13.1/nios2eds/bin/gnu/h-i686-mingw32/bin/../lib/gcc/nios2-elf/4.7.3/../../../../../H-i686-mingw32/nios2-elf/lib/mno-hw-mul\libc.a(lib_a-lseekr.o)
 .data          0x0004e1f0        0x0 c:/altera/13.1/nios2eds/bin/gnu/h-i686-mingw32/bin/../lib/gcc/nios2-elf/4.7.3/../../../../../H-i686-mingw32/nios2-elf/lib/mno-hw-mul\libc.a(lib_a-readr.o)
 .data          0x0004e1f0        0x0 c:/altera/13.1/nios2eds/bin/gnu/h-i686-mingw32/bin/../lib/gcc/nios2-elf/4.7.3/mno-hw-mul\libgcc.a(_udivdi3.o)
 .data          0x0004e1f0        0x0 c:/altera/13.1/nios2eds/bin/gnu/h-i686-mingw32/bin/../lib/gcc/nios2-elf/4.7.3/mno-hw-mul\libgcc.a(_umoddi3.o)
 .data          0x0004e1f0        0x0 c:/altera/13.1/nios2eds/bin/gnu/h-i686-mingw32/bin/../lib/gcc/nios2-elf/4.7.3/mno-hw-mul\libgcc.a(_addsub_df.o)
 .data          0x0004e1f0        0x0 c:/altera/13.1/nios2eds/bin/gnu/h-i686-mingw32/bin/../lib/gcc/nios2-elf/4.7.3/mno-hw-mul\libgcc.a(_eq_df.o)
 .data          0x0004e1f0        0x0 c:/altera/13.1/nios2eds/bin/gnu/h-i686-mingw32/bin/../lib/gcc/nios2-elf/4.7.3/mno-hw-mul\libgcc.a(_ne_df.o)
 .data          0x0004e1f0        0x0 c:/altera/13.1/nios2eds/bin/gnu/h-i686-mingw32/bin/../lib/gcc/nios2-elf/4.7.3/mno-hw-mul\libgcc.a(_gt_df.o)
 .data          0x0004e1f0        0x0 c:/altera/13.1/nios2eds/bin/gnu/h-i686-mingw32/bin/../lib/gcc/nios2-elf/4.7.3/mno-hw-mul\libgcc.a(_ge_df.o)
 .data          0x0004e1f0        0x0 c:/altera/13.1/nios2eds/bin/gnu/h-i686-mingw32/bin/../lib/gcc/nios2-elf/4.7.3/mno-hw-mul\libgcc.a(_lt_df.o)
 .data          0x0004e1f0        0x0 c:/altera/13.1/nios2eds/bin/gnu/h-i686-mingw32/bin/../lib/gcc/nios2-elf/4.7.3/mno-hw-mul\libgcc.a(_si_to_df.o)
 .data          0x0004e1f0        0x0 c:/altera/13.1/nios2eds/bin/gnu/h-i686-mingw32/bin/../lib/gcc/nios2-elf/4.7.3/mno-hw-mul\libgcc.a(_df_to_si.o)
 .data          0x0004e1f0        0x0 c:/altera/13.1/nios2eds/bin/gnu/h-i686-mingw32/bin/../lib/gcc/nios2-elf/4.7.3/mno-hw-mul\libgcc.a(lib2-divmod.o)
 .data          0x0004e1f0        0x0 c:/altera/13.1/nios2eds/bin/gnu/h-i686-mingw32/bin/../lib/gcc/nios2-elf/4.7.3/mno-hw-mul\libgcc.a(_fpcmp_parts_df.o)
 .data          0x0004e1f0        0x0 ../custom_crc_bsp/\libhal_bsp.a(alt_close.o)
 .data          0x0004e1f0      0x1a8 ../custom_crc_bsp/\libhal_bsp.a(alt_dev.o)
                0x0004e1f0                alt_dev_null
                0x0004e218                alt_fd_list
 .data          0x0004e398        0x0 ../custom_crc_bsp/\libhal_bsp.a(alt_errno.o)
 .data          0x0004e398        0x0 ../custom_crc_bsp/\libhal_bsp.a(alt_exit.o)
 .data          0x0004e398        0x0 ../custom_crc_bsp/\libhal_bsp.a(alt_fstat.o)
 .data          0x0004e398        0x0 ../custom_crc_bsp/\libhal_bsp.a(alt_isatty.o)
 .data          0x0004e398        0x0 ../custom_crc_bsp/\libhal_bsp.a(alt_load.o)
 .data          0x0004e398        0x0 ../custom_crc_bsp/\libhal_bsp.a(alt_lseek.o)
 .data          0x0004e398        0x0 ../custom_crc_bsp/\libhal_bsp.a(alt_main.o)
 .data          0x0004e398        0x0 ../custom_crc_bsp/\libhal_bsp.a(alt_malloc_lock.o)
 .data          0x0004e398        0x0 ../custom_crc_bsp/\libhal_bsp.a(alt_read.o)
 .data          0x0004e398        0x0 ../custom_crc_bsp/\libhal_bsp.a(alt_release_fd.o)
 .data          0x0004e398        0x0 ../custom_crc_bsp/\libhal_bsp.a(alt_sbrk.o)
 .data          0x0004e398        0x0 ../custom_crc_bsp/\libhal_bsp.a(alt_write.o)
 .data          0x0004e398     0x1060 ../custom_crc_bsp/\libhal_bsp.a(alt_sys_init.o)
 .data          0x0004f3f8        0x0 ../custom_crc_bsp/\libhal_bsp.a(altera_avalon_jtag_uart_fd.o)
 .data          0x0004f3f8        0x0 ../custom_crc_bsp/\libhal_bsp.a(altera_avalon_jtag_uart_init.o)
 .data          0x0004f3f8        0x0 ../custom_crc_bsp/\libhal_bsp.a(altera_avalon_jtag_uart_ioctl.o)
 .data          0x0004f3f8        0x0 ../custom_crc_bsp/\libhal_bsp.a(altera_avalon_jtag_uart_read.o)
 .data          0x0004f3f8        0x0 ../custom_crc_bsp/\libhal_bsp.a(altera_avalon_jtag_uart_write.o)
 .data          0x0004f3f8        0x0 ../custom_crc_bsp/\libhal_bsp.a(altera_avalon_timer_sc.o)
 .data          0x0004f3f8        0x0 ../custom_crc_bsp/\libhal_bsp.a(altera_avalon_timer_ts.o)
 .data          0x0004f3f8        0x0 ../custom_crc_bsp/\libhal_bsp.a(altera_avalon_timer_vars.o)
 .data          0x0004f3f8        0x0 ../custom_crc_bsp/\libhal_bsp.a(alt_alarm_start.o)
 .data          0x0004f3f8        0x0 ../custom_crc_bsp/\libhal_bsp.a(alt_dcache_flush_all.o)
 .data          0x0004f3f8        0x0 ../custom_crc_bsp/\libhal_bsp.a(alt_dev_llist_insert.o)
 .data          0x0004f3f8        0x0 ../custom_crc_bsp/\libhal_bsp.a(alt_do_ctors.o)
 .data          0x0004f3f8        0x0 ../custom_crc_bsp/\libhal_bsp.a(alt_do_dtors.o)
 .data          0x0004f3f8        0x0 ../custom_crc_bsp/\libhal_bsp.a(alt_icache_flush_all.o)
 .data          0x0004f3f8        0x0 ../custom_crc_bsp/\libhal_bsp.a(alt_iic.o)
 .data          0x0004f3f8        0x0 ../custom_crc_bsp/\libhal_bsp.a(alt_iic_isr_register.o)
 .data          0x0004f3f8        0x0 ../custom_crc_bsp/\libhal_bsp.a(alt_io_redirect.o)
 .data          0x0004f3f8        0x0 ../custom_crc_bsp/\libhal_bsp.a(alt_irq_entry.o)
 .data          0x0004f3f8        0x0 ../custom_crc_bsp/\libhal_bsp.a(alt_irq_handler.o)
 .data          0x0004f3f8        0x0 ../custom_crc_bsp/\libhal_bsp.a(alt_irq_vars.o)
 .data          0x0004f3f8        0x0 ../custom_crc_bsp/\libhal_bsp.a(alt_open.o)
 .data          0x0004f3f8        0x0 ../custom_crc_bsp/\libhal_bsp.a(alt_tick.o)
 .data          0x0004f3f8        0x0 ../custom_crc_bsp/\libhal_bsp.a(altera_nios2_qsys_irq.o)
 .data          0x0004f3f8        0x0 ../custom_crc_bsp/\libhal_bsp.a(alt_exception_entry.o)
 .data          0x0004f3f8        0x0 ../custom_crc_bsp/\libhal_bsp.a(alt_find_dev.o)
 .data          0x0004f3f8        0x0 ../custom_crc_bsp/\libhal_bsp.a(alt_find_file.o)
 .data          0x0004f3f8        0x0 ../custom_crc_bsp/\libhal_bsp.a(alt_get_fd.o)
 .data          0x0004f3f8        0x0 ../custom_crc_bsp/\libhal_bsp.a(alt_icache_flush.o)
 .data          0x0004f3f8        0x0 c:/altera/13.1/nios2eds/bin/gnu/h-i686-mingw32/bin/../lib/gcc/nios2-elf/4.7.3/../../../../../H-i686-mingw32/nios2-elf/lib/mno-hw-mul\libc.a(lib_a-atexit.o)
 .data          0x0004f3f8        0x0 c:/altera/13.1/nios2eds/bin/gnu/h-i686-mingw32/bin/../lib/gcc/nios2-elf/4.7.3/../../../../../H-i686-mingw32/nios2-elf/lib/mno-hw-mul\libc.a(lib_a-memcmp.o)
 .data          0x0004f3f8        0x0 c:/altera/13.1/nios2eds/bin/gnu/h-i686-mingw32/bin/../lib/gcc/nios2-elf/4.7.3/../../../../../H-i686-mingw32/nios2-elf/lib/mno-hw-mul\libc.a(lib_a-__atexit.o)
                0x000573f8                _gp = ABSOLUTE ((. + 0x8000))
                0x000573f8                PROVIDE (gp, _gp)
 *(.rwdata .rwdata.*)
 *(.sdata .sdata.* .gnu.linkonce.s.*)
 .sdata         0x0004f3f8        0x8 c:/altera/13.1/nios2eds/bin/gnu/h-i686-mingw32/bin/../lib/gcc/nios2-elf/4.7.3/../../../../../H-i686-mingw32/nios2-elf/lib/mno-hw-mul\libc.a(lib_a-impure.o)
                0x0004f3f8                _global_impure_ptr
                0x0004f3fc                _impure_ptr
 .sdata         0x0004f400        0x4 c:/altera/13.1/nios2eds/bin/gnu/h-i686-mingw32/bin/../lib/gcc/nios2-elf/4.7.3/../../../../../H-i686-mingw32/nios2-elf/lib/mno-hw-mul\libc.a(lib_a-locale.o)
                0x0004f400                __mb_cur_max
 .sdata         0x0004f404        0x8 c:/altera/13.1/nios2eds/bin/gnu/h-i686-mingw32/bin/../lib/gcc/nios2-elf/4.7.3/../../../../../H-i686-mingw32/nios2-elf/lib/mno-hw-mul\libc.a(lib_a-mallocr.o)
                0x0004f404                __malloc_sbrk_base
                0x0004f408                __malloc_trim_threshold
 .sdata         0x0004f40c       0x14 ../custom_crc_bsp/\libhal_bsp.a(alt_dev.o)
                0x0004f40c                alt_fs_list
                0x0004f414                alt_dev_list
                0x0004f41c                alt_max_fd
 .sdata         0x0004f420        0x4 ../custom_crc_bsp/\libhal_bsp.a(alt_errno.o)
                0x0004f420                alt_errno
 .sdata         0x0004f424        0x4 ../custom_crc_bsp/\libhal_bsp.a(alt_sbrk.o)
 .sdata         0x0004f428        0x4 ../custom_crc_bsp/\libhal_bsp.a(alt_irq_vars.o)
                0x0004f428                alt_priority_mask
 .sdata         0x0004f42c        0x8 ../custom_crc_bsp/\libhal_bsp.a(alt_tick.o)
                0x0004f42c                alt_alarm_list
 *(.sdata2 .sdata2.* .gnu.linkonce.s2.*)
                0x0004f434                . = ALIGN (0x4)
                0x0004f434                _edata = ABSOLUTE (.)
                0x0004f434                PROVIDE (edata, ABSOLUTE (.))
                0x0004f434                PROVIDE (__ram_rwdata_end, ABSOLUTE (.))
                0x0004f434                PROVIDE (__flash_rwdata_start, LOADADDR (.rwdata))

.bss            0x00050e8c     0x26f4
                0x00050e8c                __bss_start = ABSOLUTE (.)
                0x00050e8c                PROVIDE (__sbss_start, ABSOLUTE (.))
                0x00050e8c                PROVIDE (___sbss_start, ABSOLUTE (.))
 *(.dynsbss)
 *(.sbss .sbss.* .gnu.linkonce.sb.*)
 .sbss          0x00050e8c        0xc c:/altera/13.1/nios2eds/bin/gnu/h-i686-mingw32/bin/../lib/gcc/nios2-elf/4.7.3/../../../../../H-i686-mingw32/nios2-elf/lib/mno-hw-mul\libc.a(lib_a-locale.o)
                0x00050e8c                _PathLocale
                0x00050e90                __mlocale_changed
                0x00050e94                __nlocale_changed
 .sbss          0x00050e98        0xc c:/altera/13.1/nios2eds/bin/gnu/h-i686-mingw32/bin/../lib/gcc/nios2-elf/4.7.3/../../../../../H-i686-mingw32/nios2-elf/lib/mno-hw-mul\libc.a(lib_a-mallocr.o)
                0x00050e98                __malloc_max_total_mem
                0x00050e9c                __malloc_max_sbrked_mem
                0x00050ea0                __malloc_top_pad
 .sbss          0x00050ea4        0x4 c:/altera/13.1/nios2eds/bin/gnu/h-i686-mingw32/bin/../lib/gcc/nios2-elf/4.7.3/../../../../../H-i686-mingw32/nios2-elf/lib/mno-hw-mul\libc.a(lib_a-int_errno.o)
                0x00050ea4                errno
 .sbss          0x00050ea8        0xc ../custom_crc_bsp/\libhal_bsp.a(alt_main.o)
                0x00050ea8                alt_argc
                0x00050eac                alt_argv
                0x00050eb0                alt_envp
 .sbss          0x00050eb4        0x8 ../custom_crc_bsp/\libhal_bsp.a(altera_avalon_timer_vars.o)
                0x00050eb4                altera_avalon_timer_ts_base
                0x00050eb8                altera_avalon_timer_ts_freq
 .sbss          0x00050ebc        0x4 ../custom_crc_bsp/\libhal_bsp.a(alt_irq_vars.o)
                0x00050ebc                alt_irq_active
 .sbss          0x00050ec0        0x8 ../custom_crc_bsp/\libhal_bsp.a(alt_tick.o)
                0x00050ec0                _alt_tick_rate
                0x00050ec4                _alt_nticks
 *(.sbss2 .sbss2.* .gnu.linkonce.sb2.*)
 *(.scommon)
                0x00050ec8                PROVIDE (__sbss_end, ABSOLUTE (.))
                0x00050ec8                PROVIDE (___sbss_end, ABSOLUTE (.))
 *(.dynbss)
 *(.bss .bss.* .gnu.linkonce.b.*)
 .bss           0x00050ec8        0x0 ../custom_crc_bsp//obj/HAL/src/crt0.o
 .bss           0x00050ec8        0x0 obj/default/ci_crc.o
 .bss           0x00050ec8        0x0 obj/default/crc.o
 .bss           0x00050ec8        0x0 obj/default/crc_main.o
 .bss           0x00050ec8        0x0 c:/altera/13.1/nios2eds/bin/gnu/h-i686-mingw32/bin/../lib/gcc/nios2-elf/4.7.3/mno-hw-mul\libgcc.a(_mul_df.o)
 .bss           0x00050ec8        0x0 c:/altera/13.1/nios2eds/bin/gnu/h-i686-mingw32/bin/../lib/gcc/nios2-elf/4.7.3/mno-hw-mul\libgcc.a(_div_df.o)
 .bss           0x00050ec8        0x0 c:/altera/13.1/nios2eds/bin/gnu/h-i686-mingw32/bin/../lib/gcc/nios2-elf/4.7.3/mno-hw-mul\libgcc.a(_thenan_df.o)
 .bss           0x00050ec8        0x0 c:/altera/13.1/nios2eds/bin/gnu/h-i686-mingw32/bin/../lib/gcc/nios2-elf/4.7.3/mno-hw-mul\libgcc.a(_usi_to_df.o)
 .bss           0x00050ec8        0x0 c:/altera/13.1/nios2eds/bin/gnu/h-i686-mingw32/bin/../lib/gcc/nios2-elf/4.7.3/mno-hw-mul\libgcc.a(_muldi3.o)
 .bss           0x00050ec8        0x0 c:/altera/13.1/nios2eds/bin/gnu/h-i686-mingw32/bin/../lib/gcc/nios2-elf/4.7.3/mno-hw-mul\libgcc.a(_clzsi2.o)
 .bss           0x00050ec8        0x0 c:/altera/13.1/nios2eds/bin/gnu/h-i686-mingw32/bin/../lib/gcc/nios2-elf/4.7.3/mno-hw-mul\libgcc.a(_pack_df.o)
 .bss           0x00050ec8        0x0 c:/altera/13.1/nios2eds/bin/gnu/h-i686-mingw32/bin/../lib/gcc/nios2-elf/4.7.3/mno-hw-mul\libgcc.a(_unpack_df.o)
 .bss           0x00050ec8        0x0 c:/altera/13.1/nios2eds/bin/gnu/h-i686-mingw32/bin/../lib/gcc/nios2-elf/4.7.3/mno-hw-mul\libgcc.a(lib2-mul.o)
 .bss           0x00050ec8        0x0 c:/altera/13.1/nios2eds/bin/gnu/h-i686-mingw32/bin/../lib/gcc/nios2-elf/4.7.3/mno-hw-mul\libgcc.a(_lshrdi3.o)
 .bss           0x00050ec8        0x0 c:/altera/13.1/nios2eds/bin/gnu/h-i686-mingw32/bin/../lib/gcc/nios2-elf/4.7.3/mno-hw-mul\libgcc.a(_ashldi3.o)
 .bss           0x00050ec8        0x0 c:/altera/13.1/nios2eds/bin/gnu/h-i686-mingw32/bin/../lib/gcc/nios2-elf/4.7.3/mno-hw-mul\libgcc.a(_clz.o)
 .bss           0x00050ec8        0x0 c:/altera/13.1/nios2eds/bin/gnu/h-i686-mingw32/bin/../lib/gcc/nios2-elf/4.7.3/../../../../../H-i686-mingw32/nios2-elf/lib/mno-hw-mul\libc.a(lib_a-exit.o)
 .bss           0x00050ec8        0x0 c:/altera/13.1/nios2eds/bin/gnu/h-i686-mingw32/bin/../lib/gcc/nios2-elf/4.7.3/../../../../../H-i686-mingw32/nios2-elf/lib/mno-hw-mul\libc.a(lib_a-impure.o)
 .bss           0x00050ec8        0x0 c:/altera/13.1/nios2eds/bin/gnu/h-i686-mingw32/bin/../lib/gcc/nios2-elf/4.7.3/../../../../../H-i686-mingw32/nios2-elf/lib/mno-hw-mul\libc.a(lib_a-printf.o)
 .bss           0x00050ec8        0x0 c:/altera/13.1/nios2eds/bin/gnu/h-i686-mingw32/bin/../lib/gcc/nios2-elf/4.7.3/../../../../../H-i686-mingw32/nios2-elf/lib/mno-hw-mul\libc.a(lib_a-puts.o)
 .bss           0x00050ec8        0x0 c:/altera/13.1/nios2eds/bin/gnu/h-i686-mingw32/bin/../lib/gcc/nios2-elf/4.7.3/../../../../../H-i686-mingw32/nios2-elf/lib/mno-hw-mul\libc.a(lib_a-strlen.o)
 .bss           0x00050ec8        0x0 c:/altera/13.1/nios2eds/bin/gnu/h-i686-mingw32/bin/../lib/gcc/nios2-elf/4.7.3/../../../../../H-i686-mingw32/nios2-elf/lib/mno-hw-mul\libc.a(lib_a-vfprintf.o)
 .bss           0x00050ec8        0x0 c:/altera/13.1/nios2eds/bin/gnu/h-i686-mingw32/bin/../lib/gcc/nios2-elf/4.7.3/../../../../../H-i686-mingw32/nios2-elf/lib/mno-hw-mul\libc.a(lib_a-wsetup.o)
 .bss           0x00050ec8        0x0 c:/altera/13.1/nios2eds/bin/gnu/h-i686-mingw32/bin/../lib/gcc/nios2-elf/4.7.3/../../../../../H-i686-mingw32/nios2-elf/lib/mno-hw-mul\libc.a(lib_a-__call_atexit.o)
 .bss           0x00050ec8        0x0 c:/altera/13.1/nios2eds/bin/gnu/h-i686-mingw32/bin/../lib/gcc/nios2-elf/4.7.3/../../../../../H-i686-mingw32/nios2-elf/lib/mno-hw-mul\libc.a(lib_a-dtoa.o)
 .bss           0x00050ec8        0x0 c:/altera/13.1/nios2eds/bin/gnu/h-i686-mingw32/bin/../lib/gcc/nios2-elf/4.7.3/../../../../../H-i686-mingw32/nios2-elf/lib/mno-hw-mul\libc.a(lib_a-fflush.o)
 .bss           0x00050ec8        0x0 c:/altera/13.1/nios2eds/bin/gnu/h-i686-mingw32/bin/../lib/gcc/nios2-elf/4.7.3/../../../../../H-i686-mingw32/nios2-elf/lib/mno-hw-mul\libc.a(lib_a-findfp.o)
 .bss           0x00050ec8        0x0 c:/altera/13.1/nios2eds/bin/gnu/h-i686-mingw32/bin/../lib/gcc/nios2-elf/4.7.3/../../../../../H-i686-mingw32/nios2-elf/lib/mno-hw-mul\libc.a(lib_a-freer.o)
 .bss           0x00050ec8        0x0 c:/altera/13.1/nios2eds/bin/gnu/h-i686-mingw32/bin/../lib/gcc/nios2-elf/4.7.3/../../../../../H-i686-mingw32/nios2-elf/lib/mno-hw-mul\libc.a(lib_a-fvwrite.o)
 .bss           0x00050ec8        0x0 c:/altera/13.1/nios2eds/bin/gnu/h-i686-mingw32/bin/../lib/gcc/nios2-elf/4.7.3/../../../../../H-i686-mingw32/nios2-elf/lib/mno-hw-mul\libc.a(lib_a-fwalk.o)
 .bss           0x00050ec8        0x0 c:/altera/13.1/nios2eds/bin/gnu/h-i686-mingw32/bin/../lib/gcc/nios2-elf/4.7.3/../../../../../H-i686-mingw32/nios2-elf/lib/mno-hw-mul\libc.a(lib_a-locale.o)
 .bss           0x00050ec8        0x0 c:/altera/13.1/nios2eds/bin/gnu/h-i686-mingw32/bin/../lib/gcc/nios2-elf/4.7.3/../../../../../H-i686-mingw32/nios2-elf/lib/mno-hw-mul\libc.a(lib_a-makebuf.o)
 .bss           0x00050ec8       0x28 c:/altera/13.1/nios2eds/bin/gnu/h-i686-mingw32/bin/../lib/gcc/nios2-elf/4.7.3/../../../../../H-i686-mingw32/nios2-elf/lib/mno-hw-mul\libc.a(lib_a-mallocr.o)
                0x00050ec8                __malloc_current_mallinfo
 .bss           0x00050ef0        0x0 c:/altera/13.1/nios2eds/bin/gnu/h-i686-mingw32/bin/../lib/gcc/nios2-elf/4.7.3/../../../../../H-i686-mingw32/nios2-elf/lib/mno-hw-mul\libc.a(lib_a-memchr.o)
 .bss           0x00050ef0        0x0 c:/altera/13.1/nios2eds/bin/gnu/h-i686-mingw32/bin/../lib/gcc/nios2-elf/4.7.3/../../../../../H-i686-mingw32/nios2-elf/lib/mno-hw-mul\libc.a(lib_a-memcpy.o)
 .bss           0x00050ef0        0x0 c:/altera/13.1/nios2eds/bin/gnu/h-i686-mingw32/bin/../lib/gcc/nios2-elf/4.7.3/../../../../../H-i686-mingw32/nios2-elf/lib/mno-hw-mul\libc.a(lib_a-memmove.o)
 .bss           0x00050ef0        0x0 c:/altera/13.1/nios2eds/bin/gnu/h-i686-mingw32/bin/../lib/gcc/nios2-elf/4.7.3/../../../../../H-i686-mingw32/nios2-elf/lib/mno-hw-mul\libc.a(lib_a-memset.o)
 .bss           0x00050ef0        0x0 c:/altera/13.1/nios2eds/bin/gnu/h-i686-mingw32/bin/../lib/gcc/nios2-elf/4.7.3/../../../../../H-i686-mingw32/nios2-elf/lib/mno-hw-mul\libc.a(lib_a-mprec.o)
 .bss           0x00050ef0        0x0 c:/altera/13.1/nios2eds/bin/gnu/h-i686-mingw32/bin/../lib/gcc/nios2-elf/4.7.3/../../../../../H-i686-mingw32/nios2-elf/lib/mno-hw-mul\libc.a(lib_a-reallocr.o)
 .bss           0x00050ef0        0x0 c:/altera/13.1/nios2eds/bin/gnu/h-i686-mingw32/bin/../lib/gcc/nios2-elf/4.7.3/../../../../../H-i686-mingw32/nios2-elf/lib/mno-hw-mul\libc.a(lib_a-s_isinfd.o)
 .bss           0x00050ef0        0x0 c:/altera/13.1/nios2eds/bin/gnu/h-i686-mingw32/bin/../lib/gcc/nios2-elf/4.7.3/../../../../../H-i686-mingw32/nios2-elf/lib/mno-hw-mul\libc.a(lib_a-s_isnand.o)
 .bss           0x00050ef0        0x0 c:/altera/13.1/nios2eds/bin/gnu/h-i686-mingw32/bin/../lib/gcc/nios2-elf/4.7.3/../../../../../H-i686-mingw32/nios2-elf/lib/mno-hw-mul\libc.a(lib_a-sbrkr.o)
 .bss           0x00050ef0        0x0 c:/altera/13.1/nios2eds/bin/gnu/h-i686-mingw32/bin/../lib/gcc/nios2-elf/4.7.3/../../../../../H-i686-mingw32/nios2-elf/lib/mno-hw-mul\libc.a(lib_a-stdio.o)
 .bss           0x00050ef0        0x0 c:/altera/13.1/nios2eds/bin/gnu/h-i686-mingw32/bin/../lib/gcc/nios2-elf/4.7.3/../../../../../H-i686-mingw32/nios2-elf/lib/mno-hw-mul\libc.a(lib_a-strcmp.o)
 .bss           0x00050ef0        0x0 c:/altera/13.1/nios2eds/bin/gnu/h-i686-mingw32/bin/../lib/gcc/nios2-elf/4.7.3/../../../../../H-i686-mingw32/nios2-elf/lib/mno-hw-mul\libc.a(lib_a-writer.o)
 .bss           0x00050ef0        0x0 c:/altera/13.1/nios2eds/bin/gnu/h-i686-mingw32/bin/../lib/gcc/nios2-elf/4.7.3/../../../../../H-i686-mingw32/nios2-elf/lib/mno-hw-mul\libc.a(lib_a-callocr.o)
 .bss           0x00050ef0        0x0 c:/altera/13.1/nios2eds/bin/gnu/h-i686-mingw32/bin/../lib/gcc/nios2-elf/4.7.3/../../../../../H-i686-mingw32/nios2-elf/lib/mno-hw-mul\libc.a(lib_a-closer.o)
 .bss           0x00050ef0        0x0 c:/altera/13.1/nios2eds/bin/gnu/h-i686-mingw32/bin/../lib/gcc/nios2-elf/4.7.3/../../../../../H-i686-mingw32/nios2-elf/lib/mno-hw-mul\libc.a(lib_a-fclose.o)
 .bss           0x00050ef0        0x0 c:/altera/13.1/nios2eds/bin/gnu/h-i686-mingw32/bin/../lib/gcc/nios2-elf/4.7.3/../../../../../H-i686-mingw32/nios2-elf/lib/mno-hw-mul\libc.a(lib_a-fstatr.o)
 .bss           0x00050ef0        0x0 c:/altera/13.1/nios2eds/bin/gnu/h-i686-mingw32/bin/../lib/gcc/nios2-elf/4.7.3/../../../../../H-i686-mingw32/nios2-elf/lib/mno-hw-mul\libc.a(lib_a-int_errno.o)
 .bss           0x00050ef0        0x0 c:/altera/13.1/nios2eds/bin/gnu/h-i686-mingw32/bin/../lib/gcc/nios2-elf/4.7.3/../../../../../H-i686-mingw32/nios2-elf/lib/mno-hw-mul\libc.a(lib_a-isattyr.o)
 .bss           0x00050ef0        0x0 c:/altera/13.1/nios2eds/bin/gnu/h-i686-mingw32/bin/../lib/gcc/nios2-elf/4.7.3/../../../../../H-i686-mingw32/nios2-elf/lib/mno-hw-mul\libc.a(lib_a-lseekr.o)
 .bss           0x00050ef0        0x0 c:/altera/13.1/nios2eds/bin/gnu/h-i686-mingw32/bin/../lib/gcc/nios2-elf/4.7.3/../../../../../H-i686-mingw32/nios2-elf/lib/mno-hw-mul\libc.a(lib_a-readr.o)
 .bss           0x00050ef0        0x0 c:/altera/13.1/nios2eds/bin/gnu/h-i686-mingw32/bin/../lib/gcc/nios2-elf/4.7.3/mno-hw-mul\libgcc.a(_udivdi3.o)
 .bss           0x00050ef0        0x0 c:/altera/13.1/nios2eds/bin/gnu/h-i686-mingw32/bin/../lib/gcc/nios2-elf/4.7.3/mno-hw-mul\libgcc.a(_umoddi3.o)
 .bss           0x00050ef0        0x0 c:/altera/13.1/nios2eds/bin/gnu/h-i686-mingw32/bin/../lib/gcc/nios2-elf/4.7.3/mno-hw-mul\libgcc.a(_addsub_df.o)
 .bss           0x00050ef0        0x0 c:/altera/13.1/nios2eds/bin/gnu/h-i686-mingw32/bin/../lib/gcc/nios2-elf/4.7.3/mno-hw-mul\libgcc.a(_eq_df.o)
 .bss           0x00050ef0        0x0 c:/altera/13.1/nios2eds/bin/gnu/h-i686-mingw32/bin/../lib/gcc/nios2-elf/4.7.3/mno-hw-mul\libgcc.a(_ne_df.o)
 .bss           0x00050ef0        0x0 c:/altera/13.1/nios2eds/bin/gnu/h-i686-mingw32/bin/../lib/gcc/nios2-elf/4.7.3/mno-hw-mul\libgcc.a(_gt_df.o)
 .bss           0x00050ef0        0x0 c:/altera/13.1/nios2eds/bin/gnu/h-i686-mingw32/bin/../lib/gcc/nios2-elf/4.7.3/mno-hw-mul\libgcc.a(_ge_df.o)
 .bss           0x00050ef0        0x0 c:/altera/13.1/nios2eds/bin/gnu/h-i686-mingw32/bin/../lib/gcc/nios2-elf/4.7.3/mno-hw-mul\libgcc.a(_lt_df.o)
 .bss           0x00050ef0        0x0 c:/altera/13.1/nios2eds/bin/gnu/h-i686-mingw32/bin/../lib/gcc/nios2-elf/4.7.3/mno-hw-mul\libgcc.a(_si_to_df.o)
 .bss           0x00050ef0        0x0 c:/altera/13.1/nios2eds/bin/gnu/h-i686-mingw32/bin/../lib/gcc/nios2-elf/4.7.3/mno-hw-mul\libgcc.a(_df_to_si.o)
 .bss           0x00050ef0        0x0 c:/altera/13.1/nios2eds/bin/gnu/h-i686-mingw32/bin/../lib/gcc/nios2-elf/4.7.3/mno-hw-mul\libgcc.a(lib2-divmod.o)
 .bss           0x00050ef0        0x0 c:/altera/13.1/nios2eds/bin/gnu/h-i686-mingw32/bin/../lib/gcc/nios2-elf/4.7.3/mno-hw-mul\libgcc.a(_fpcmp_parts_df.o)
 .bss           0x00050ef0        0x0 ../custom_crc_bsp/\libhal_bsp.a(alt_close.o)
 .bss           0x00050ef0        0x0 ../custom_crc_bsp/\libhal_bsp.a(alt_dev.o)
 .bss           0x00050ef0        0x0 ../custom_crc_bsp/\libhal_bsp.a(alt_errno.o)
 .bss           0x00050ef0        0x0 ../custom_crc_bsp/\libhal_bsp.a(alt_exit.o)
 .bss           0x00050ef0        0x0 ../custom_crc_bsp/\libhal_bsp.a(alt_fstat.o)
 .bss           0x00050ef0        0x0 ../custom_crc_bsp/\libhal_bsp.a(alt_isatty.o)
 .bss           0x00050ef0        0x0 ../custom_crc_bsp/\libhal_bsp.a(alt_load.o)
 .bss           0x00050ef0        0x0 ../custom_crc_bsp/\libhal_bsp.a(alt_lseek.o)
 .bss           0x00050ef0        0x0 ../custom_crc_bsp/\libhal_bsp.a(alt_main.o)
 .bss           0x00050ef0        0x0 ../custom_crc_bsp/\libhal_bsp.a(alt_malloc_lock.o)
 .bss           0x00050ef0        0x0 ../custom_crc_bsp/\libhal_bsp.a(alt_read.o)
 .bss           0x00050ef0        0x0 ../custom_crc_bsp/\libhal_bsp.a(alt_release_fd.o)
 .bss           0x00050ef0        0x0 ../custom_crc_bsp/\libhal_bsp.a(alt_sbrk.o)
 .bss           0x00050ef0        0x0 ../custom_crc_bsp/\libhal_bsp.a(alt_write.o)
 .bss           0x00050ef0        0x0 ../custom_crc_bsp/\libhal_bsp.a(alt_sys_init.o)
 .bss           0x00050ef0        0x0 ../custom_crc_bsp/\libhal_bsp.a(altera_avalon_jtag_uart_fd.o)
 .bss           0x00050ef0        0x0 ../custom_crc_bsp/\libhal_bsp.a(altera_avalon_jtag_uart_init.o)
 .bss           0x00050ef0        0x0 ../custom_crc_bsp/\libhal_bsp.a(altera_avalon_jtag_uart_ioctl.o)
 .bss           0x00050ef0        0x0 ../custom_crc_bsp/\libhal_bsp.a(altera_avalon_jtag_uart_read.o)
 .bss           0x00050ef0        0x0 ../custom_crc_bsp/\libhal_bsp.a(altera_avalon_jtag_uart_write.o)
 .bss           0x00050ef0        0x0 ../custom_crc_bsp/\libhal_bsp.a(altera_avalon_timer_sc.o)
 .bss           0x00050ef0        0x0 ../custom_crc_bsp/\libhal_bsp.a(altera_avalon_timer_ts.o)
 .bss           0x00050ef0        0x0 ../custom_crc_bsp/\libhal_bsp.a(altera_avalon_timer_vars.o)
 .bss           0x00050ef0        0x0 ../custom_crc_bsp/\libhal_bsp.a(alt_alarm_start.o)
 .bss           0x00050ef0        0x0 ../custom_crc_bsp/\libhal_bsp.a(alt_dcache_flush_all.o)
 .bss           0x00050ef0        0x0 ../custom_crc_bsp/\libhal_bsp.a(alt_dev_llist_insert.o)
 .bss           0x00050ef0        0x0 ../custom_crc_bsp/\libhal_bsp.a(alt_do_ctors.o)
 .bss           0x00050ef0        0x0 ../custom_crc_bsp/\libhal_bsp.a(alt_do_dtors.o)
 .bss           0x00050ef0        0x0 ../custom_crc_bsp/\libhal_bsp.a(alt_icache_flush_all.o)
 .bss           0x00050ef0        0x0 ../custom_crc_bsp/\libhal_bsp.a(alt_iic.o)
 .bss           0x00050ef0        0x0 ../custom_crc_bsp/\libhal_bsp.a(alt_iic_isr_register.o)
 .bss           0x00050ef0        0x0 ../custom_crc_bsp/\libhal_bsp.a(alt_io_redirect.o)
 .bss           0x00050ef0        0x0 ../custom_crc_bsp/\libhal_bsp.a(alt_irq_entry.o)
 .bss           0x00050ef0        0x0 ../custom_crc_bsp/\libhal_bsp.a(alt_irq_handler.o)
 .bss           0x00050ef0        0x0 ../custom_crc_bsp/\libhal_bsp.a(alt_irq_vars.o)
 .bss           0x00050ef0        0x0 ../custom_crc_bsp/\libhal_bsp.a(alt_open.o)
 .bss           0x00050ef0        0x0 ../custom_crc_bsp/\libhal_bsp.a(alt_tick.o)
 .bss           0x00050ef0        0x0 ../custom_crc_bsp/\libhal_bsp.a(altera_nios2_qsys_irq.o)
 .bss           0x00050ef0        0x0 ../custom_crc_bsp/\libhal_bsp.a(alt_exception_entry.o)
 .bss           0x00050ef0        0x0 ../custom_crc_bsp/\libhal_bsp.a(alt_find_dev.o)
 .bss           0x00050ef0        0x0 ../custom_crc_bsp/\libhal_bsp.a(alt_find_file.o)
 .bss           0x00050ef0        0x0 ../custom_crc_bsp/\libhal_bsp.a(alt_get_fd.o)
 .bss           0x00050ef0        0x0 ../custom_crc_bsp/\libhal_bsp.a(alt_icache_flush.o)
 .bss           0x00050ef0        0x0 c:/altera/13.1/nios2eds/bin/gnu/h-i686-mingw32/bin/../lib/gcc/nios2-elf/4.7.3/../../../../../H-i686-mingw32/nios2-elf/lib/mno-hw-mul\libc.a(lib_a-atexit.o)
 .bss           0x00050ef0        0x0 c:/altera/13.1/nios2eds/bin/gnu/h-i686-mingw32/bin/../lib/gcc/nios2-elf/4.7.3/../../../../../H-i686-mingw32/nios2-elf/lib/mno-hw-mul\libc.a(lib_a-memcmp.o)
 .bss           0x00050ef0        0x0 c:/altera/13.1/nios2eds/bin/gnu/h-i686-mingw32/bin/../lib/gcc/nios2-elf/4.7.3/../../../../../H-i686-mingw32/nios2-elf/lib/mno-hw-mul\libc.a(lib_a-__atexit.o)
 *(COMMON)
 COMMON         0x00050ef0      0x400 obj/default/crc.o
                0x00050ef0                crcTable
 COMMON         0x000512f0     0x2000 obj/default/crc_main.o
                0x000512f0                data_buffer_region
 COMMON         0x000532f0      0x100 ../custom_crc_bsp/\libhal_bsp.a(alt_irq_handler.o)
                0x000532f0                alt_irq
 COMMON         0x000533f0      0x190 c:/altera/13.1/nios2eds/bin/gnu/h-i686-mingw32/bin/../lib/gcc/nios2-elf/4.7.3/../../../../../H-i686-mingw32/nios2-elf/lib/mno-hw-mul\libc.a(lib_a-atexit.o)
                0x000533f0                _atexit0
                0x00053580                . = ALIGN (0x4)
                0x00053580                __bss_end = ABSOLUTE (.)

.onchip_mem     0x00053580        0x0
                0x00053580                PROVIDE (_alt_partition_onchip_mem_start, ABSOLUTE (.))
 *(.onchip_mem .onchip_mem. onchip_mem.*)
                0x00053580                . = ALIGN (0x4)
                0x00053580                PROVIDE (_alt_partition_onchip_mem_end, ABSOLUTE (.))
                0x00053580                _end = ABSOLUTE (.)
                0x00053580                end = ABSOLUTE (.)
                0x00053580                __alt_stack_base = ABSOLUTE (.)
                0x00053580                PROVIDE (_alt_partition_onchip_mem_load_addr, LOADADDR (.onchip_mem))

.stab
 *(.stab)

.stabstr
 *(.stabstr)

.stab.excl
 *(.stab.excl)

.stab.exclstr
 *(.stab.exclstr)

.stab.index
 *(.stab.index)

.stab.indexstr
 *(.stab.indexstr)

.comment        0x00000000       0x23
 *(.comment)
 .comment       0x00000000       0x23 obj/default/ci_crc.o
                                 0x24 (size before relaxing)
 .comment       0x00000000       0x24 obj/default/crc.o
 .comment       0x00000000       0x24 obj/default/crc_main.o
 .comment       0x00000000       0x24 c:/altera/13.1/nios2eds/bin/gnu/h-i686-mingw32/bin/../lib/gcc/nios2-elf/4.7.3/mno-hw-mul\libgcc.a(_mul_df.o)
 .comment       0x00000000       0x24 c:/altera/13.1/nios2eds/bin/gnu/h-i686-mingw32/bin/../lib/gcc/nios2-elf/4.7.3/mno-hw-mul\libgcc.a(_div_df.o)
 .comment       0x00000000       0x24 c:/altera/13.1/nios2eds/bin/gnu/h-i686-mingw32/bin/../lib/gcc/nios2-elf/4.7.3/mno-hw-mul\libgcc.a(_thenan_df.o)
 .comment       0x00000000       0x24 c:/altera/13.1/nios2eds/bin/gnu/h-i686-mingw32/bin/../lib/gcc/nios2-elf/4.7.3/mno-hw-mul\libgcc.a(_usi_to_df.o)
 .comment       0x00000000       0x24 c:/altera/13.1/nios2eds/bin/gnu/h-i686-mingw32/bin/../lib/gcc/nios2-elf/4.7.3/mno-hw-mul\libgcc.a(_muldi3.o)
 .comment       0x00000000       0x24 c:/altera/13.1/nios2eds/bin/gnu/h-i686-mingw32/bin/../lib/gcc/nios2-elf/4.7.3/mno-hw-mul\libgcc.a(_clzsi2.o)
 .comment       0x00000000       0x24 c:/altera/13.1/nios2eds/bin/gnu/h-i686-mingw32/bin/../lib/gcc/nios2-elf/4.7.3/mno-hw-mul\libgcc.a(_pack_df.o)
 .comment       0x00000000       0x24 c:/altera/13.1/nios2eds/bin/gnu/h-i686-mingw32/bin/../lib/gcc/nios2-elf/4.7.3/mno-hw-mul\libgcc.a(_unpack_df.o)
 .comment       0x00000000       0x24 c:/altera/13.1/nios2eds/bin/gnu/h-i686-mingw32/bin/../lib/gcc/nios2-elf/4.7.3/mno-hw-mul\libgcc.a(lib2-mul.o)
 .comment       0x00000000       0x24 c:/altera/13.1/nios2eds/bin/gnu/h-i686-mingw32/bin/../lib/gcc/nios2-elf/4.7.3/mno-hw-mul\libgcc.a(_lshrdi3.o)
 .comment       0x00000000       0x24 c:/altera/13.1/nios2eds/bin/gnu/h-i686-mingw32/bin/../lib/gcc/nios2-elf/4.7.3/mno-hw-mul\libgcc.a(_ashldi3.o)
 .comment       0x00000000       0x24 c:/altera/13.1/nios2eds/bin/gnu/h-i686-mingw32/bin/../lib/gcc/nios2-elf/4.7.3/mno-hw-mul\libgcc.a(_clz.o)
 .comment       0x00000000       0x24 c:/altera/13.1/nios2eds/bin/gnu/h-i686-mingw32/bin/../lib/gcc/nios2-elf/4.7.3/../../../../../H-i686-mingw32/nios2-elf/lib/mno-hw-mul\libc.a(lib_a-exit.o)
 .comment       0x00000000       0x24 c:/altera/13.1/nios2eds/bin/gnu/h-i686-mingw32/bin/../lib/gcc/nios2-elf/4.7.3/../../../../../H-i686-mingw32/nios2-elf/lib/mno-hw-mul\libc.a(lib_a-impure.o)
 .comment       0x00000000       0x24 c:/altera/13.1/nios2eds/bin/gnu/h-i686-mingw32/bin/../lib/gcc/nios2-elf/4.7.3/../../../../../H-i686-mingw32/nios2-elf/lib/mno-hw-mul\libc.a(lib_a-printf.o)
 .comment       0x00000000       0x24 c:/altera/13.1/nios2eds/bin/gnu/h-i686-mingw32/bin/../lib/gcc/nios2-elf/4.7.3/../../../../../H-i686-mingw32/nios2-elf/lib/mno-hw-mul\libc.a(lib_a-puts.o)
 .comment       0x00000000       0x24 c:/altera/13.1/nios2eds/bin/gnu/h-i686-mingw32/bin/../lib/gcc/nios2-elf/4.7.3/../../../../../H-i686-mingw32/nios2-elf/lib/mno-hw-mul\libc.a(lib_a-strlen.o)
 .comment       0x00000000       0x24 c:/altera/13.1/nios2eds/bin/gnu/h-i686-mingw32/bin/../lib/gcc/nios2-elf/4.7.3/../../../../../H-i686-mingw32/nios2-elf/lib/mno-hw-mul\libc.a(lib_a-vfprintf.o)
 .comment       0x00000000       0x24 c:/altera/13.1/nios2eds/bin/gnu/h-i686-mingw32/bin/../lib/gcc/nios2-elf/4.7.3/../../../../../H-i686-mingw32/nios2-elf/lib/mno-hw-mul\libc.a(lib_a-wsetup.o)
 .comment       0x00000000       0x24 c:/altera/13.1/nios2eds/bin/gnu/h-i686-mingw32/bin/../lib/gcc/nios2-elf/4.7.3/../../../../../H-i686-mingw32/nios2-elf/lib/mno-hw-mul\libc.a(lib_a-__call_atexit.o)
 .comment       0x00000000       0x24 c:/altera/13.1/nios2eds/bin/gnu/h-i686-mingw32/bin/../lib/gcc/nios2-elf/4.7.3/../../../../../H-i686-mingw32/nios2-elf/lib/mno-hw-mul\libc.a(lib_a-dtoa.o)
 .comment       0x00000000       0x24 c:/altera/13.1/nios2eds/bin/gnu/h-i686-mingw32/bin/../lib/gcc/nios2-elf/4.7.3/../../../../../H-i686-mingw32/nios2-elf/lib/mno-hw-mul\libc.a(lib_a-fflush.o)
 .comment       0x00000000       0x24 c:/altera/13.1/nios2eds/bin/gnu/h-i686-mingw32/bin/../lib/gcc/nios2-elf/4.7.3/../../../../../H-i686-mingw32/nios2-elf/lib/mno-hw-mul\libc.a(lib_a-findfp.o)
 .comment       0x00000000       0x24 c:/altera/13.1/nios2eds/bin/gnu/h-i686-mingw32/bin/../lib/gcc/nios2-elf/4.7.3/../../../../../H-i686-mingw32/nios2-elf/lib/mno-hw-mul\libc.a(lib_a-freer.o)
 .comment       0x00000000       0x24 c:/altera/13.1/nios2eds/bin/gnu/h-i686-mingw32/bin/../lib/gcc/nios2-elf/4.7.3/../../../../../H-i686-mingw32/nios2-elf/lib/mno-hw-mul\libc.a(lib_a-fvwrite.o)
 .comment       0x00000000       0x24 c:/altera/13.1/nios2eds/bin/gnu/h-i686-mingw32/bin/../lib/gcc/nios2-elf/4.7.3/../../../../../H-i686-mingw32/nios2-elf/lib/mno-hw-mul\libc.a(lib_a-fwalk.o)
 .comment       0x00000000       0x24 c:/altera/13.1/nios2eds/bin/gnu/h-i686-mingw32/bin/../lib/gcc/nios2-elf/4.7.3/../../../../../H-i686-mingw32/nios2-elf/lib/mno-hw-mul\libc.a(lib_a-locale.o)
 .comment       0x00000000       0x24 c:/altera/13.1/nios2eds/bin/gnu/h-i686-mingw32/bin/../lib/gcc/nios2-elf/4.7.3/../../../../../H-i686-mingw32/nios2-elf/lib/mno-hw-mul\libc.a(lib_a-makebuf.o)
 .comment       0x00000000       0x24 c:/altera/13.1/nios2eds/bin/gnu/h-i686-mingw32/bin/../lib/gcc/nios2-elf/4.7.3/../../../../../H-i686-mingw32/nios2-elf/lib/mno-hw-mul\libc.a(lib_a-mallocr.o)
 .comment       0x00000000       0x24 c:/altera/13.1/nios2eds/bin/gnu/h-i686-mingw32/bin/../lib/gcc/nios2-elf/4.7.3/../../../../../H-i686-mingw32/nios2-elf/lib/mno-hw-mul\libc.a(lib_a-memchr.o)
 .comment       0x00000000       0x24 c:/altera/13.1/nios2eds/bin/gnu/h-i686-mingw32/bin/../lib/gcc/nios2-elf/4.7.3/../../../../../H-i686-mingw32/nios2-elf/lib/mno-hw-mul\libc.a(lib_a-memcpy.o)
 .comment       0x00000000       0x24 c:/altera/13.1/nios2eds/bin/gnu/h-i686-mingw32/bin/../lib/gcc/nios2-elf/4.7.3/../../../../../H-i686-mingw32/nios2-elf/lib/mno-hw-mul\libc.a(lib_a-memmove.o)
 .comment       0x00000000       0x24 c:/altera/13.1/nios2eds/bin/gnu/h-i686-mingw32/bin/../lib/gcc/nios2-elf/4.7.3/../../../../../H-i686-mingw32/nios2-elf/lib/mno-hw-mul\libc.a(lib_a-memset.o)
 .comment       0x00000000       0x24 c:/altera/13.1/nios2eds/bin/gnu/h-i686-mingw32/bin/../lib/gcc/nios2-elf/4.7.3/../../../../../H-i686-mingw32/nios2-elf/lib/mno-hw-mul\libc.a(lib_a-mprec.o)
 .comment       0x00000000       0x24 c:/altera/13.1/nios2eds/bin/gnu/h-i686-mingw32/bin/../lib/gcc/nios2-elf/4.7.3/../../../../../H-i686-mingw32/nios2-elf/lib/mno-hw-mul\libc.a(lib_a-reallocr.o)
 .comment       0x00000000       0x24 c:/altera/13.1/nios2eds/bin/gnu/h-i686-mingw32/bin/../lib/gcc/nios2-elf/4.7.3/../../../../../H-i686-mingw32/nios2-elf/lib/mno-hw-mul\libc.a(lib_a-s_isinfd.o)
 .comment       0x00000000       0x24 c:/altera/13.1/nios2eds/bin/gnu/h-i686-mingw32/bin/../lib/gcc/nios2-elf/4.7.3/../../../../../H-i686-mingw32/nios2-elf/lib/mno-hw-mul\libc.a(lib_a-s_isnand.o)
 .comment       0x00000000       0x24 c:/altera/13.1/nios2eds/bin/gnu/h-i686-mingw32/bin/../lib/gcc/nios2-elf/4.7.3/../../../../../H-i686-mingw32/nios2-elf/lib/mno-hw-mul\libc.a(lib_a-sbrkr.o)
 .comment       0x00000000       0x24 c:/altera/13.1/nios2eds/bin/gnu/h-i686-mingw32/bin/../lib/gcc/nios2-elf/4.7.3/../../../../../H-i686-mingw32/nios2-elf/lib/mno-hw-mul\libc.a(lib_a-stdio.o)
 .comment       0x00000000       0x24 c:/altera/13.1/nios2eds/bin/gnu/h-i686-mingw32/bin/../lib/gcc/nios2-elf/4.7.3/../../../../../H-i686-mingw32/nios2-elf/lib/mno-hw-mul\libc.a(lib_a-strcmp.o)
 .comment       0x00000000       0x24 c:/altera/13.1/nios2eds/bin/gnu/h-i686-mingw32/bin/../lib/gcc/nios2-elf/4.7.3/../../../../../H-i686-mingw32/nios2-elf/lib/mno-hw-mul\libc.a(lib_a-writer.o)
 .comment       0x00000000       0x24 c:/altera/13.1/nios2eds/bin/gnu/h-i686-mingw32/bin/../lib/gcc/nios2-elf/4.7.3/../../../../../H-i686-mingw32/nios2-elf/lib/mno-hw-mul\libc.a(lib_a-callocr.o)
 .comment       0x00000000       0x24 c:/altera/13.1/nios2eds/bin/gnu/h-i686-mingw32/bin/../lib/gcc/nios2-elf/4.7.3/../../../../../H-i686-mingw32/nios2-elf/lib/mno-hw-mul\libc.a(lib_a-closer.o)
 .comment       0x00000000       0x24 c:/altera/13.1/nios2eds/bin/gnu/h-i686-mingw32/bin/../lib/gcc/nios2-elf/4.7.3/../../../../../H-i686-mingw32/nios2-elf/lib/mno-hw-mul\libc.a(lib_a-fclose.o)
 .comment       0x00000000       0x24 c:/altera/13.1/nios2eds/bin/gnu/h-i686-mingw32/bin/../lib/gcc/nios2-elf/4.7.3/../../../../../H-i686-mingw32/nios2-elf/lib/mno-hw-mul\libc.a(lib_a-fstatr.o)
 .comment       0x00000000       0x24 c:/altera/13.1/nios2eds/bin/gnu/h-i686-mingw32/bin/../lib/gcc/nios2-elf/4.7.3/../../../../../H-i686-mingw32/nios2-elf/lib/mno-hw-mul\libc.a(lib_a-int_errno.o)
 .comment       0x00000000       0x24 c:/altera/13.1/nios2eds/bin/gnu/h-i686-mingw32/bin/../lib/gcc/nios2-elf/4.7.3/../../../../../H-i686-mingw32/nios2-elf/lib/mno-hw-mul\libc.a(lib_a-isattyr.o)
 .comment       0x00000000       0x24 c:/altera/13.1/nios2eds/bin/gnu/h-i686-mingw32/bin/../lib/gcc/nios2-elf/4.7.3/../../../../../H-i686-mingw32/nios2-elf/lib/mno-hw-mul\libc.a(lib_a-lseekr.o)
 .comment       0x00000000       0x24 c:/altera/13.1/nios2eds/bin/gnu/h-i686-mingw32/bin/../lib/gcc/nios2-elf/4.7.3/../../../../../H-i686-mingw32/nios2-elf/lib/mno-hw-mul\libc.a(lib_a-readr.o)
 .comment       0x00000000       0x24 c:/altera/13.1/nios2eds/bin/gnu/h-i686-mingw32/bin/../lib/gcc/nios2-elf/4.7.3/mno-hw-mul\libgcc.a(_udivdi3.o)
 .comment       0x00000000       0x24 c:/altera/13.1/nios2eds/bin/gnu/h-i686-mingw32/bin/../lib/gcc/nios2-elf/4.7.3/mno-hw-mul\libgcc.a(_umoddi3.o)
 .comment       0x00000000       0x24 c:/altera/13.1/nios2eds/bin/gnu/h-i686-mingw32/bin/../lib/gcc/nios2-elf/4.7.3/mno-hw-mul\libgcc.a(_addsub_df.o)
 .comment       0x00000000       0x24 c:/altera/13.1/nios2eds/bin/gnu/h-i686-mingw32/bin/../lib/gcc/nios2-elf/4.7.3/mno-hw-mul\libgcc.a(_eq_df.o)
 .comment       0x00000000       0x24 c:/altera/13.1/nios2eds/bin/gnu/h-i686-mingw32/bin/../lib/gcc/nios2-elf/4.7.3/mno-hw-mul\libgcc.a(_ne_df.o)
 .comment       0x00000000       0x24 c:/altera/13.1/nios2eds/bin/gnu/h-i686-mingw32/bin/../lib/gcc/nios2-elf/4.7.3/mno-hw-mul\libgcc.a(_gt_df.o)
 .comment       0x00000000       0x24 c:/altera/13.1/nios2eds/bin/gnu/h-i686-mingw32/bin/../lib/gcc/nios2-elf/4.7.3/mno-hw-mul\libgcc.a(_ge_df.o)
 .comment       0x00000000       0x24 c:/altera/13.1/nios2eds/bin/gnu/h-i686-mingw32/bin/../lib/gcc/nios2-elf/4.7.3/mno-hw-mul\libgcc.a(_lt_df.o)
 .comment       0x00000000       0x24 c:/altera/13.1/nios2eds/bin/gnu/h-i686-mingw32/bin/../lib/gcc/nios2-elf/4.7.3/mno-hw-mul\libgcc.a(_si_to_df.o)
 .comment       0x00000000       0x24 c:/altera/13.1/nios2eds/bin/gnu/h-i686-mingw32/bin/../lib/gcc/nios2-elf/4.7.3/mno-hw-mul\libgcc.a(_df_to_si.o)
 .comment       0x00000000       0x24 c:/altera/13.1/nios2eds/bin/gnu/h-i686-mingw32/bin/../lib/gcc/nios2-elf/4.7.3/mno-hw-mul\libgcc.a(lib2-divmod.o)
 .comment       0x00000000       0x24 c:/altera/13.1/nios2eds/bin/gnu/h-i686-mingw32/bin/../lib/gcc/nios2-elf/4.7.3/mno-hw-mul\libgcc.a(_fpcmp_parts_df.o)
 .comment       0x00000000       0x24 ../custom_crc_bsp/\libhal_bsp.a(alt_close.o)
 .comment       0x00000000       0x24 ../custom_crc_bsp/\libhal_bsp.a(alt_dev.o)
 .comment       0x00000000       0x24 ../custom_crc_bsp/\libhal_bsp.a(alt_errno.o)
 .comment       0x00000000       0x24 ../custom_crc_bsp/\libhal_bsp.a(alt_exit.o)
 .comment       0x00000000       0x24 ../custom_crc_bsp/\libhal_bsp.a(alt_fstat.o)
 .comment       0x00000000       0x24 ../custom_crc_bsp/\libhal_bsp.a(alt_isatty.o)
 .comment       0x00000000       0x24 ../custom_crc_bsp/\libhal_bsp.a(alt_load.o)
 .comment       0x00000000       0x24 ../custom_crc_bsp/\libhal_bsp.a(alt_lseek.o)
 .comment       0x00000000       0x24 ../custom_crc_bsp/\libhal_bsp.a(alt_main.o)
 .comment       0x00000000       0x24 ../custom_crc_bsp/\libhal_bsp.a(alt_malloc_lock.o)
 .comment       0x00000000       0x24 ../custom_crc_bsp/\libhal_bsp.a(alt_read.o)
 .comment       0x00000000       0x24 ../custom_crc_bsp/\libhal_bsp.a(alt_release_fd.o)
 .comment       0x00000000       0x24 ../custom_crc_bsp/\libhal_bsp.a(alt_sbrk.o)
 .comment       0x00000000       0x24 ../custom_crc_bsp/\libhal_bsp.a(alt_write.o)
 .comment       0x00000000       0x24 ../custom_crc_bsp/\libhal_bsp.a(alt_sys_init.o)
 .comment       0x00000000       0x24 ../custom_crc_bsp/\libhal_bsp.a(altera_avalon_jtag_uart_fd.o)
 .comment       0x00000000       0x24 ../custom_crc_bsp/\libhal_bsp.a(altera_avalon_jtag_uart_init.o)
 .comment       0x00000000       0x24 ../custom_crc_bsp/\libhal_bsp.a(altera_avalon_jtag_uart_ioctl.o)
 .comment       0x00000000       0x24 ../custom_crc_bsp/\libhal_bsp.a(altera_avalon_jtag_uart_read.o)
 .comment       0x00000000       0x24 ../custom_crc_bsp/\libhal_bsp.a(altera_avalon_jtag_uart_write.o)
 .comment       0x00000000       0x24 ../custom_crc_bsp/\libhal_bsp.a(altera_avalon_timer_sc.o)
 .comment       0x00000000       0x24 ../custom_crc_bsp/\libhal_bsp.a(altera_avalon_timer_ts.o)
 .comment       0x00000000       0x24 ../custom_crc_bsp/\libhal_bsp.a(altera_avalon_timer_vars.o)
 .comment       0x00000000       0x24 ../custom_crc_bsp/\libhal_bsp.a(alt_alarm_start.o)
 .comment       0x00000000       0x24 ../custom_crc_bsp/\libhal_bsp.a(alt_dcache_flush_all.o)
 .comment       0x00000000       0x24 ../custom_crc_bsp/\libhal_bsp.a(alt_dev_llist_insert.o)
 .comment       0x00000000       0x24 ../custom_crc_bsp/\libhal_bsp.a(alt_do_ctors.o)
 .comment       0x00000000       0x24 ../custom_crc_bsp/\libhal_bsp.a(alt_do_dtors.o)
 .comment       0x00000000       0x24 ../custom_crc_bsp/\libhal_bsp.a(alt_icache_flush_all.o)
 .comment       0x00000000       0x24 ../custom_crc_bsp/\libhal_bsp.a(alt_iic.o)
 .comment       0x00000000       0x24 ../custom_crc_bsp/\libhal_bsp.a(alt_iic_isr_register.o)
 .comment       0x00000000       0x24 ../custom_crc_bsp/\libhal_bsp.a(alt_io_redirect.o)
 .comment       0x00000000       0x24 ../custom_crc_bsp/\libhal_bsp.a(alt_irq_handler.o)
 .comment       0x00000000       0x24 ../custom_crc_bsp/\libhal_bsp.a(alt_irq_vars.o)
 .comment       0x00000000       0x24 ../custom_crc_bsp/\libhal_bsp.a(alt_open.o)
 .comment       0x00000000       0x24 ../custom_crc_bsp/\libhal_bsp.a(alt_tick.o)
 .comment       0x00000000       0x24 ../custom_crc_bsp/\libhal_bsp.a(altera_nios2_qsys_irq.o)
 .comment       0x00000000       0x24 ../custom_crc_bsp/\libhal_bsp.a(alt_find_dev.o)
 .comment       0x00000000       0x24 ../custom_crc_bsp/\libhal_bsp.a(alt_find_file.o)
 .comment       0x00000000       0x24 ../custom_crc_bsp/\libhal_bsp.a(alt_get_fd.o)
 .comment       0x00000000       0x24 ../custom_crc_bsp/\libhal_bsp.a(alt_icache_flush.o)
 .comment       0x00000000       0x24 c:/altera/13.1/nios2eds/bin/gnu/h-i686-mingw32/bin/../lib/gcc/nios2-elf/4.7.3/../../../../../H-i686-mingw32/nios2-elf/lib/mno-hw-mul\libc.a(lib_a-atexit.o)
 .comment       0x00000000       0x24 c:/altera/13.1/nios2eds/bin/gnu/h-i686-mingw32/bin/../lib/gcc/nios2-elf/4.7.3/../../../../../H-i686-mingw32/nios2-elf/lib/mno-hw-mul\libc.a(lib_a-memcmp.o)
 .comment       0x00000000       0x24 c:/altera/13.1/nios2eds/bin/gnu/h-i686-mingw32/bin/../lib/gcc/nios2-elf/4.7.3/../../../../../H-i686-mingw32/nios2-elf/lib/mno-hw-mul\libc.a(lib_a-__atexit.o)

.debug
 *(.debug)

.line
 *(.line)

.debug_srcinfo
 *(.debug_srcinfo)

.debug_sfnames
 *(.debug_sfnames)

.debug_aranges  0x00000000      0xdd8
 *(.debug_aranges)
 .debug_aranges
                0x00000000       0x28 ../custom_crc_bsp//obj/HAL/src/crt0.o
 .debug_aranges
                0x00000028       0x20 obj/default/ci_crc.o
 .debug_aranges
                0x00000048       0x20 obj/default/crc.o
 .debug_aranges
                0x00000068       0x20 obj/default/crc_main.o
 .debug_aranges
                0x00000088       0x20 c:/altera/13.1/nios2eds/bin/gnu/h-i686-mingw32/bin/../lib/gcc/nios2-elf/4.7.3/mno-hw-mul\libgcc.a(_mul_df.o)
 .debug_aranges
                0x000000a8       0x20 c:/altera/13.1/nios2eds/bin/gnu/h-i686-mingw32/bin/../lib/gcc/nios2-elf/4.7.3/mno-hw-mul\libgcc.a(_div_df.o)
 .debug_aranges
                0x000000c8       0x18 c:/altera/13.1/nios2eds/bin/gnu/h-i686-mingw32/bin/../lib/gcc/nios2-elf/4.7.3/mno-hw-mul\libgcc.a(_thenan_df.o)
 .debug_aranges
                0x000000e0       0x20 c:/altera/13.1/nios2eds/bin/gnu/h-i686-mingw32/bin/../lib/gcc/nios2-elf/4.7.3/mno-hw-mul\libgcc.a(_usi_to_df.o)
 .debug_aranges
                0x00000100       0x20 c:/altera/13.1/nios2eds/bin/gnu/h-i686-mingw32/bin/../lib/gcc/nios2-elf/4.7.3/mno-hw-mul\libgcc.a(_muldi3.o)
 .debug_aranges
                0x00000120       0x20 c:/altera/13.1/nios2eds/bin/gnu/h-i686-mingw32/bin/../lib/gcc/nios2-elf/4.7.3/mno-hw-mul\libgcc.a(_clzsi2.o)
 .debug_aranges
                0x00000140       0x20 c:/altera/13.1/nios2eds/bin/gnu/h-i686-mingw32/bin/../lib/gcc/nios2-elf/4.7.3/mno-hw-mul\libgcc.a(_pack_df.o)
 .debug_aranges
                0x00000160       0x20 c:/altera/13.1/nios2eds/bin/gnu/h-i686-mingw32/bin/../lib/gcc/nios2-elf/4.7.3/mno-hw-mul\libgcc.a(_unpack_df.o)
 .debug_aranges
                0x00000180       0x20 c:/altera/13.1/nios2eds/bin/gnu/h-i686-mingw32/bin/../lib/gcc/nios2-elf/4.7.3/mno-hw-mul\libgcc.a(lib2-mul.o)
 .debug_aranges
                0x000001a0       0x20 c:/altera/13.1/nios2eds/bin/gnu/h-i686-mingw32/bin/../lib/gcc/nios2-elf/4.7.3/mno-hw-mul\libgcc.a(_lshrdi3.o)
 .debug_aranges
                0x000001c0       0x20 c:/altera/13.1/nios2eds/bin/gnu/h-i686-mingw32/bin/../lib/gcc/nios2-elf/4.7.3/mno-hw-mul\libgcc.a(_ashldi3.o)
 .debug_aranges
                0x000001e0       0x18 c:/altera/13.1/nios2eds/bin/gnu/h-i686-mingw32/bin/../lib/gcc/nios2-elf/4.7.3/mno-hw-mul\libgcc.a(_clz.o)
 .debug_aranges
                0x000001f8       0x20 c:/altera/13.1/nios2eds/bin/gnu/h-i686-mingw32/bin/../lib/gcc/nios2-elf/4.7.3/../../../../../H-i686-mingw32/nios2-elf/lib/mno-hw-mul\libc.a(lib_a-exit.o)
 .debug_aranges
                0x00000218       0x18 c:/altera/13.1/nios2eds/bin/gnu/h-i686-mingw32/bin/../lib/gcc/nios2-elf/4.7.3/../../../../../H-i686-mingw32/nios2-elf/lib/mno-hw-mul\libc.a(lib_a-impure.o)
 .debug_aranges
                0x00000230       0x20 c:/altera/13.1/nios2eds/bin/gnu/h-i686-mingw32/bin/../lib/gcc/nios2-elf/4.7.3/../../../../../H-i686-mingw32/nios2-elf/lib/mno-hw-mul\libc.a(lib_a-printf.o)
 .debug_aranges
                0x00000250       0x20 c:/altera/13.1/nios2eds/bin/gnu/h-i686-mingw32/bin/../lib/gcc/nios2-elf/4.7.3/../../../../../H-i686-mingw32/nios2-elf/lib/mno-hw-mul\libc.a(lib_a-puts.o)
 .debug_aranges
                0x00000270       0x20 c:/altera/13.1/nios2eds/bin/gnu/h-i686-mingw32/bin/../lib/gcc/nios2-elf/4.7.3/../../../../../H-i686-mingw32/nios2-elf/lib/mno-hw-mul\libc.a(lib_a-strlen.o)
 .debug_aranges
                0x00000290       0x20 c:/altera/13.1/nios2eds/bin/gnu/h-i686-mingw32/bin/../lib/gcc/nios2-elf/4.7.3/../../../../../H-i686-mingw32/nios2-elf/lib/mno-hw-mul\libc.a(lib_a-vfprintf.o)
 .debug_aranges
                0x000002b0       0x20 c:/altera/13.1/nios2eds/bin/gnu/h-i686-mingw32/bin/../lib/gcc/nios2-elf/4.7.3/../../../../../H-i686-mingw32/nios2-elf/lib/mno-hw-mul\libc.a(lib_a-wsetup.o)
 .debug_aranges
                0x000002d0       0x20 c:/altera/13.1/nios2eds/bin/gnu/h-i686-mingw32/bin/../lib/gcc/nios2-elf/4.7.3/../../../../../H-i686-mingw32/nios2-elf/lib/mno-hw-mul\libc.a(lib_a-__call_atexit.o)
 .debug_aranges
                0x000002f0       0x20 c:/altera/13.1/nios2eds/bin/gnu/h-i686-mingw32/bin/../lib/gcc/nios2-elf/4.7.3/../../../../../H-i686-mingw32/nios2-elf/lib/mno-hw-mul\libc.a(lib_a-dtoa.o)
 .debug_aranges
                0x00000310       0x20 c:/altera/13.1/nios2eds/bin/gnu/h-i686-mingw32/bin/../lib/gcc/nios2-elf/4.7.3/../../../../../H-i686-mingw32/nios2-elf/lib/mno-hw-mul\libc.a(lib_a-fflush.o)
 .debug_aranges
                0x00000330       0x20 c:/altera/13.1/nios2eds/bin/gnu/h-i686-mingw32/bin/../lib/gcc/nios2-elf/4.7.3/../../../../../H-i686-mingw32/nios2-elf/lib/mno-hw-mul\libc.a(lib_a-findfp.o)
 .debug_aranges
                0x00000350       0x20 c:/altera/13.1/nios2eds/bin/gnu/h-i686-mingw32/bin/../lib/gcc/nios2-elf/4.7.3/../../../../../H-i686-mingw32/nios2-elf/lib/mno-hw-mul\libc.a(lib_a-freer.o)
 .debug_aranges
                0x00000370       0x20 c:/altera/13.1/nios2eds/bin/gnu/h-i686-mingw32/bin/../lib/gcc/nios2-elf/4.7.3/../../../../../H-i686-mingw32/nios2-elf/lib/mno-hw-mul\libc.a(lib_a-fvwrite.o)
 .debug_aranges
                0x00000390       0x20 c:/altera/13.1/nios2eds/bin/gnu/h-i686-mingw32/bin/../lib/gcc/nios2-elf/4.7.3/../../../../../H-i686-mingw32/nios2-elf/lib/mno-hw-mul\libc.a(lib_a-fwalk.o)
 .debug_aranges
                0x000003b0       0x20 c:/altera/13.1/nios2eds/bin/gnu/h-i686-mingw32/bin/../lib/gcc/nios2-elf/4.7.3/../../../../../H-i686-mingw32/nios2-elf/lib/mno-hw-mul\libc.a(lib_a-locale.o)
 .debug_aranges
                0x000003d0       0x20 c:/altera/13.1/nios2eds/bin/gnu/h-i686-mingw32/bin/../lib/gcc/nios2-elf/4.7.3/../../../../../H-i686-mingw32/nios2-elf/lib/mno-hw-mul\libc.a(lib_a-makebuf.o)
 .debug_aranges
                0x000003f0       0x20 c:/altera/13.1/nios2eds/bin/gnu/h-i686-mingw32/bin/../lib/gcc/nios2-elf/4.7.3/../../../../../H-i686-mingw32/nios2-elf/lib/mno-hw-mul\libc.a(lib_a-mallocr.o)
 .debug_aranges
                0x00000410       0x20 c:/altera/13.1/nios2eds/bin/gnu/h-i686-mingw32/bin/../lib/gcc/nios2-elf/4.7.3/../../../../../H-i686-mingw32/nios2-elf/lib/mno-hw-mul\libc.a(lib_a-memchr.o)
 .debug_aranges
                0x00000430       0x20 c:/altera/13.1/nios2eds/bin/gnu/h-i686-mingw32/bin/../lib/gcc/nios2-elf/4.7.3/../../../../../H-i686-mingw32/nios2-elf/lib/mno-hw-mul\libc.a(lib_a-memcpy.o)
 .debug_aranges
                0x00000450       0x20 c:/altera/13.1/nios2eds/bin/gnu/h-i686-mingw32/bin/../lib/gcc/nios2-elf/4.7.3/../../../../../H-i686-mingw32/nios2-elf/lib/mno-hw-mul\libc.a(lib_a-memmove.o)
 .debug_aranges
                0x00000470       0x20 c:/altera/13.1/nios2eds/bin/gnu/h-i686-mingw32/bin/../lib/gcc/nios2-elf/4.7.3/../../../../../H-i686-mingw32/nios2-elf/lib/mno-hw-mul\libc.a(lib_a-memset.o)
 .debug_aranges
                0x00000490       0x20 c:/altera/13.1/nios2eds/bin/gnu/h-i686-mingw32/bin/../lib/gcc/nios2-elf/4.7.3/../../../../../H-i686-mingw32/nios2-elf/lib/mno-hw-mul\libc.a(lib_a-mprec.o)
 .debug_aranges
                0x000004b0       0x20 c:/altera/13.1/nios2eds/bin/gnu/h-i686-mingw32/bin/../lib/gcc/nios2-elf/4.7.3/../../../../../H-i686-mingw32/nios2-elf/lib/mno-hw-mul\libc.a(lib_a-reallocr.o)
 .debug_aranges
                0x000004d0       0x20 c:/altera/13.1/nios2eds/bin/gnu/h-i686-mingw32/bin/../lib/gcc/nios2-elf/4.7.3/../../../../../H-i686-mingw32/nios2-elf/lib/mno-hw-mul\libc.a(lib_a-s_isinfd.o)
 .debug_aranges
                0x000004f0       0x20 c:/altera/13.1/nios2eds/bin/gnu/h-i686-mingw32/bin/../lib/gcc/nios2-elf/4.7.3/../../../../../H-i686-mingw32/nios2-elf/lib/mno-hw-mul\libc.a(lib_a-s_isnand.o)
 .debug_aranges